Archive member included because of file (symbol)

/usr/lib/gcc/avr/4.8.2/../../../avr/lib/avr4/libm.a(addsf3.o)
                              main.o (__subsf3)
/usr/lib/gcc/avr/4.8.2/../../../avr/lib/avr4/libm.a(addsf3x.o)
                              /usr/lib/gcc/avr/4.8.2/../../../avr/lib/avr4/libm.a(addsf3.o) (__addsf3x)
/usr/lib/gcc/avr/4.8.2/../../../avr/lib/avr4/libm.a(fixsfsi.o)
                              main.o (__fixsfsi)
/usr/lib/gcc/avr/4.8.2/../../../avr/lib/avr4/libm.a(fixunssfsi.o)
                              /usr/lib/gcc/avr/4.8.2/../../../avr/lib/avr4/libm.a(fixsfsi.o) (__fixunssfsi)
/usr/lib/gcc/avr/4.8.2/../../../avr/lib/avr4/libm.a(floatsisf.o)
                              main.o (__floatsisf)
/usr/lib/gcc/avr/4.8.2/../../../avr/lib/avr4/libm.a(fp_inf.o)
                              /usr/lib/gcc/avr/4.8.2/../../../avr/lib/avr4/libm.a(addsf3x.o) (__fp_inf)
/usr/lib/gcc/avr/4.8.2/../../../avr/lib/avr4/libm.a(fp_nan.o)
                              /usr/lib/gcc/avr/4.8.2/../../../avr/lib/avr4/libm.a(addsf3x.o) (__fp_nan)
/usr/lib/gcc/avr/4.8.2/../../../avr/lib/avr4/libm.a(fp_pscA.o)
                              /usr/lib/gcc/avr/4.8.2/../../../avr/lib/avr4/libm.a(addsf3x.o) (__fp_pscA)
/usr/lib/gcc/avr/4.8.2/../../../avr/lib/avr4/libm.a(fp_pscB.o)
                              /usr/lib/gcc/avr/4.8.2/../../../avr/lib/avr4/libm.a(addsf3x.o) (__fp_pscB)
/usr/lib/gcc/avr/4.8.2/../../../avr/lib/avr4/libm.a(fp_round.o)
                              /usr/lib/gcc/avr/4.8.2/../../../avr/lib/avr4/libm.a(addsf3.o) (__fp_round)
/usr/lib/gcc/avr/4.8.2/../../../avr/lib/avr4/libm.a(fp_split3.o)
                              /usr/lib/gcc/avr/4.8.2/../../../avr/lib/avr4/libm.a(addsf3x.o) (__fp_split3)
/usr/lib/gcc/avr/4.8.2/../../../avr/lib/avr4/libm.a(fp_zero.o)
                              /usr/lib/gcc/avr/4.8.2/../../../avr/lib/avr4/libm.a(addsf3x.o) (__fp_zero)
/usr/lib/gcc/avr/4.8.2/../../../avr/lib/avr4/libm.a(mulsf3.o)
                              main.o (__mulsf3)
/usr/lib/gcc/avr/4.8.2/../../../avr/lib/avr4/libm.a(mulsf3x.o)
                              /usr/lib/gcc/avr/4.8.2/../../../avr/lib/avr4/libm.a(mulsf3.o) (__mulsf3x)
/usr/lib/gcc/avr/4.8.2/avr4/libgcc.a(_umulhisi3.o)
                              sound.o (__umulhisi3)
/usr/lib/gcc/avr/4.8.2/avr4/libgcc.a(_usmulhisi3.o)
                              encoder.o (__usmulhisi3)
/usr/lib/gcc/avr/4.8.2/avr4/libgcc.a(_muluhisi3.o)
                              switches.o (__muluhisi3)
/usr/lib/gcc/avr/4.8.2/avr4/libgcc.a(_udivmodhi4.o)
                              asuro.o (__udivmodhi4)
/usr/lib/gcc/avr/4.8.2/avr4/libgcc.a(_udivmodsi4.o)
                              encoder.o (__udivmodsi4)
/usr/lib/gcc/avr/4.8.2/avr4/libgcc.a(_divmodsi4.o)
                              sound.o (__divmodsi4)
/usr/lib/gcc/avr/4.8.2/avr4/libgcc.a(_negsi2.o)
                              /usr/lib/gcc/avr/4.8.2/avr4/libgcc.a(_divmodsi4.o) (__negsi2)
/usr/lib/gcc/avr/4.8.2/avr4/libgcc.a(_exit.o)
                              /usr/lib/gcc/avr/4.8.2/../../../avr/lib/avr4/crtm8.o (exit)
/usr/lib/gcc/avr/4.8.2/avr4/libgcc.a(_copy_data.o)
                              main.o (__do_copy_data)
/usr/lib/gcc/avr/4.8.2/avr4/libgcc.a(_clear_bss.o)
                              main.o (__do_clear_bss)
/usr/lib/gcc/avr/4.8.2/../../../avr/lib/avr4/libc.a(dtostrf.o)
                              printf.o (dtostrf)
/usr/lib/gcc/avr/4.8.2/../../../avr/lib/avr4/libc.a(itoa.o)
                              lcd.o (itoa)
/usr/lib/gcc/avr/4.8.2/../../../avr/lib/avr4/libc.a(ltoa.o)
                              print.o (ltoa)
/usr/lib/gcc/avr/4.8.2/../../../avr/lib/avr4/libc.a(dtoa_prf.o)
                              /usr/lib/gcc/avr/4.8.2/../../../avr/lib/avr4/libc.a(dtostrf.o) (dtoa_prf)
/usr/lib/gcc/avr/4.8.2/../../../avr/lib/avr4/libc.a(ftoa_engine.o)
                              /usr/lib/gcc/avr/4.8.2/../../../avr/lib/avr4/libc.a(dtoa_prf.o) (__ftoa_engine)
/usr/lib/gcc/avr/4.8.2/../../../avr/lib/avr4/libc.a(strrev.o)
                              /usr/lib/gcc/avr/4.8.2/../../../avr/lib/avr4/libc.a(itoa.o) (strrev)

Allocating common symbols
Common symbol       size              file

portLCD             0x1               lcd.o
switched            0x2               globals.o
AdcIntFunc          0x2               globals.o
autoencode          0x2               globals.o
encoder             0x4               globals.o
lineLCD             0x1               lcd.o
switches            0x2               main.o
count36kHz          0x1               globals.o
Ovr2IntFunc         0x2               globals.o
cursorLCD           0x1               lcd.o
timebase            0x4               globals.o
adcValue            0xe               asuro.o

Discarded input sections

 .bss           0x0000000000000000        0x0 /usr/lib/gcc/avr/4.8.2/../../../avr/lib/avr4/crtm8.o
 .text          0x0000000000000000        0x0 main.o
 .bss           0x0000000000000000        0x0 main.o
 .text.getSpeed
                0x0000000000000000        0x2 main.o
 COMMON         0x0000000000000000        0x2 main.o
 .text          0x0000000000000000        0x0 ../TimerService/timerservice.o
 .bss           0x0000000000000000        0x0 ../TimerService/timerservice.o
 .text.findFreeSlot
                0x0000000000000000       0x2a ../TimerService/timerservice.o
 .text.ts_init  0x0000000000000000       0x46 ../TimerService/timerservice.o
 .text.ts_addFunction
                0x0000000000000000       0x46 ../TimerService/timerservice.o
 .text.ts_removeFunction
                0x0000000000000000       0x3e ../TimerService/timerservice.o
 .bss.initialized
                0x0000000000000000        0x1 ../TimerService/timerservice.o
 .text          0x0000000000000000        0x0 asuro.o
 .bss           0x0000000000000000        0x0 asuro.o
 .text          0x0000000000000000        0x0 adc.o
 .bss           0x0000000000000000        0x0 adc.o
 .text.Battery  0x0000000000000000       0x22 adc.o
 .text.OdometryData
                0x0000000000000000       0x30 adc.o
 .text          0x0000000000000000        0x0 adc_low.o
 .bss           0x0000000000000000        0x0 adc_low.o
 .text          0x0000000000000000        0x0 encoder.o
 .bss           0x0000000000000000        0x0 encoder.o
 .text.GoTurn   0x0000000000000000      0x196 encoder.o
 .text          0x0000000000000000        0x0 encoder_low.o
 .bss           0x0000000000000000        0x0 encoder_low.o
 .text.EncoderInit
                0x0000000000000000       0x22 encoder_low.o
 .text.EncoderStop
                0x0000000000000000        0xa encoder_low.o
 .text.EncoderStart
                0x0000000000000000        0xe encoder_low.o
 .text.EncoderSet
                0x0000000000000000       0x12 encoder_low.o
 .text          0x0000000000000000        0x0 globals.o
 .bss           0x0000000000000000        0x0 globals.o
 .text          0x0000000000000000        0x0 i2c.o
 .bss           0x0000000000000000        0x0 i2c.o
 .text.InitI2C  0x0000000000000000        0xa i2c.o
 .text.WriteI2C
                0x0000000000000000       0xa4 i2c.o
 .text.ReadI2C  0x0000000000000000       0x82 i2c.o
 .text.StartI2C
                0x0000000000000000       0x10 i2c.o
 .text.StopI2C  0x0000000000000000       0x3a i2c.o
 .text          0x0000000000000000        0x0 lcd.o
 .bss           0x0000000000000000        0x0 lcd.o
 .text.SetIOLCD
                0x0000000000000000       0x20 lcd.o
 .text.BacklightLCD
                0x0000000000000000        0x4 lcd.o
 .text.SetDataLCD
                0x0000000000000000       0xba lcd.o
 .text.GetIOLCD
                0x0000000000000000       0x20 lcd.o
 .text.CommandLCD
                0x0000000000000000       0x1c lcd.o
 .text.InitLCD  0x0000000000000000       0x60 lcd.o
 .text.SetCursorLCD
                0x0000000000000000       0x18 lcd.o
 .text.ClearLCD
                0x0000000000000000        0x8 lcd.o
 .text.WriteLCD
                0x0000000000000000       0x1c lcd.o
 .text.PrintLCD
                0x0000000000000000       0x4a lcd.o
 .text.PrintSetLCD
                0x0000000000000000       0x12 lcd.o
 .text.PrintIntLCD
                0x0000000000000000       0x34 lcd.o
 .text.PrintAlignLCD
                0x0000000000000000       0x3a lcd.o
 .text.PrintLCD_p
                0x0000000000000000       0x1c lcd.o
 .text.SetCharLCD_p
                0x0000000000000000       0x34 lcd.o
 .text.PollSwitchLCD
                0x0000000000000000       0x2c lcd.o
 COMMON         0x0000000000000000        0x3 lcd.o
 .text          0x0000000000000000        0x0 leds.o
 .bss           0x0000000000000000        0x0 leds.o
 .text          0x0000000000000000        0x0 motor.o
 .bss           0x0000000000000000        0x0 motor.o
 .text.SetMotorPower
                0x0000000000000000       0x40 motor.o
 .text          0x0000000000000000        0x0 motor_low.o
 .bss           0x0000000000000000        0x0 motor_low.o
 .text          0x0000000000000000        0x0 my_motor_low.o
 .bss           0x0000000000000000        0x0 my_motor_low.o
 .text.MyMotorSpeed
                0x0000000000000000        0x2 my_motor_low.o
 .text          0x0000000000000000        0x0 print.o
 .bss           0x0000000000000000        0x0 print.o
 .text.PrintLong
                0x0000000000000000       0x38 print.o
 .text.SerPrint_p
                0x0000000000000000       0x1a print.o
 .text          0x0000000000000000        0x0 printf.o
 .bss           0x0000000000000000        0x0 printf.o
 .text.PrintFloat
                0x0000000000000000       0x3a printf.o
 .text          0x0000000000000000        0x0 rc5.o
 .bss           0x0000000000000000        0x0 rc5.o
 .text.IsrRC5   0x0000000000000000       0xba rc5.o
 .text.ReadRC5  0x0000000000000000       0x12 rc5.o
 .text.InitRC5  0x0000000000000000       0x1c rc5.o
 .bss.enableRC5
                0x0000000000000000        0x1 rc5.o
 .bss.RC5data   0x0000000000000000        0x2 rc5.o
 .bss.RC5bitcount
                0x0000000000000000        0x1 rc5.o
 .bss.RC5data_tmp
                0x0000000000000000        0x2 rc5.o
 .bss.RC5bittimer
                0x0000000000000000        0x1 rc5.o
 .bss.RC5lastsample
                0x0000000000000000        0x1 rc5.o
 .text          0x0000000000000000        0x0 sound.o
 .bss           0x0000000000000000        0x0 sound.o
 .text.Sound    0x0000000000000000       0x9c sound.o
 .text          0x0000000000000000        0x0 switches.o
 .bss           0x0000000000000000        0x0 switches.o
 .text.PollSwitch
                0x0000000000000000       0x56 switches.o
 .text.StartSwitch
                0x0000000000000000        0xe switches.o
 .text.StopSwitch
                0x0000000000000000        0x2 switches.o
 .text          0x0000000000000000        0x0 time.o
 .bss           0x0000000000000000        0x0 time.o
 .text.Gettime  0x0000000000000000       0x34 time.o
 .text          0x0000000000000000        0x0 uart.o
 .bss           0x0000000000000000        0x0 uart.o
 .text.SerWrite
                0x0000000000000000       0x22 uart.o
 .text.SerRead  0x0000000000000000       0x58 uart.o
 .text          0x0000000000000000        0x0 ultrasonic.o
 .bss           0x0000000000000000        0x0 ultrasonic.o
 .text.InitUltrasonics
                0x0000000000000000       0x2a ultrasonic.o
 .text.RestoreAsuro
                0x0000000000000000       0x30 ultrasonic.o
 .text.Chirp    0x0000000000000000       0x74 ultrasonic.o
 .text          0x0000000000000000        0x0 version.o
 .bss           0x0000000000000000        0x0 version.o
 .rodata.version
                0x0000000000000000        0x5 version.o
 .text          0x0000000000000000        0x0 /usr/lib/gcc/avr/4.8.2/../../../avr/lib/avr4/libm.a(addsf3.o)
 .bss           0x0000000000000000        0x0 /usr/lib/gcc/avr/4.8.2/../../../avr/lib/avr4/libm.a(addsf3.o)
 .text          0x0000000000000000        0x0 /usr/lib/gcc/avr/4.8.2/../../../avr/lib/avr4/libm.a(addsf3x.o)
 .bss           0x0000000000000000        0x0 /usr/lib/gcc/avr/4.8.2/../../../avr/lib/avr4/libm.a(addsf3x.o)
 .text          0x0000000000000000        0x0 /usr/lib/gcc/avr/4.8.2/../../../avr/lib/avr4/libm.a(fixsfsi.o)
 .bss           0x0000000000000000        0x0 /usr/lib/gcc/avr/4.8.2/../../../avr/lib/avr4/libm.a(fixsfsi.o)
 .text          0x0000000000000000        0x0 /usr/lib/gcc/avr/4.8.2/../../../avr/lib/avr4/libm.a(fixunssfsi.o)
 .bss           0x0000000000000000        0x0 /usr/lib/gcc/avr/4.8.2/../../../avr/lib/avr4/libm.a(fixunssfsi.o)
 .text          0x0000000000000000        0x0 /usr/lib/gcc/avr/4.8.2/../../../avr/lib/avr4/libm.a(floatsisf.o)
 .bss           0x0000000000000000        0x0 /usr/lib/gcc/avr/4.8.2/../../../avr/lib/avr4/libm.a(floatsisf.o)
 .text          0x0000000000000000        0x0 /usr/lib/gcc/avr/4.8.2/../../../avr/lib/avr4/libm.a(fp_inf.o)
 .bss           0x0000000000000000        0x0 /usr/lib/gcc/avr/4.8.2/../../../avr/lib/avr4/libm.a(fp_inf.o)
 .text          0x0000000000000000        0x0 /usr/lib/gcc/avr/4.8.2/../../../avr/lib/avr4/libm.a(fp_nan.o)
 .bss           0x0000000000000000        0x0 /usr/lib/gcc/avr/4.8.2/../../../avr/lib/avr4/libm.a(fp_nan.o)
 .text          0x0000000000000000        0x0 /usr/lib/gcc/avr/4.8.2/../../../avr/lib/avr4/libm.a(fp_pscA.o)
 .bss           0x0000000000000000        0x0 /usr/lib/gcc/avr/4.8.2/../../../avr/lib/avr4/libm.a(fp_pscA.o)
 .text          0x0000000000000000        0x0 /usr/lib/gcc/avr/4.8.2/../../../avr/lib/avr4/libm.a(fp_pscB.o)
 .bss           0x0000000000000000        0x0 /usr/lib/gcc/avr/4.8.2/../../../avr/lib/avr4/libm.a(fp_pscB.o)
 .text          0x0000000000000000        0x0 /usr/lib/gcc/avr/4.8.2/../../../avr/lib/avr4/libm.a(fp_round.o)
 .bss           0x0000000000000000        0x0 /usr/lib/gcc/avr/4.8.2/../../../avr/lib/avr4/libm.a(fp_round.o)
 .text          0x0000000000000000        0x0 /usr/lib/gcc/avr/4.8.2/../../../avr/lib/avr4/libm.a(fp_split3.o)
 .bss           0x0000000000000000        0x0 /usr/lib/gcc/avr/4.8.2/../../../avr/lib/avr4/libm.a(fp_split3.o)
 .text          0x0000000000000000        0x0 /usr/lib/gcc/avr/4.8.2/../../../avr/lib/avr4/libm.a(fp_zero.o)
 .bss           0x0000000000000000        0x0 /usr/lib/gcc/avr/4.8.2/../../../avr/lib/avr4/libm.a(fp_zero.o)
 .text          0x0000000000000000        0x0 /usr/lib/gcc/avr/4.8.2/../../../avr/lib/avr4/libm.a(mulsf3.o)
 .bss           0x0000000000000000        0x0 /usr/lib/gcc/avr/4.8.2/../../../avr/lib/avr4/libm.a(mulsf3.o)
 .text          0x0000000000000000        0x0 /usr/lib/gcc/avr/4.8.2/../../../avr/lib/avr4/libm.a(mulsf3x.o)
 .bss           0x0000000000000000        0x0 /usr/lib/gcc/avr/4.8.2/../../../avr/lib/avr4/libm.a(mulsf3x.o)
 .text          0x0000000000000000        0x0 /usr/lib/gcc/avr/4.8.2/avr4/libgcc.a(_umulhisi3.o)
 .bss           0x0000000000000000        0x0 /usr/lib/gcc/avr/4.8.2/avr4/libgcc.a(_umulhisi3.o)
 .text.libgcc.mul
                0x0000000000000000       0x18 /usr/lib/gcc/avr/4.8.2/avr4/libgcc.a(_umulhisi3.o)
 .text.libgcc.div
                0x0000000000000000        0x0 /usr/lib/gcc/avr/4.8.2/avr4/libgcc.a(_umulhisi3.o)
 .text.libgcc   0x0000000000000000        0x0 /usr/lib/gcc/avr/4.8.2/avr4/libgcc.a(_umulhisi3.o)
 .text.libgcc.prologue
                0x0000000000000000        0x0 /usr/lib/gcc/avr/4.8.2/avr4/libgcc.a(_umulhisi3.o)
 .text.libgcc.builtins
                0x0000000000000000        0x0 /usr/lib/gcc/avr/4.8.2/avr4/libgcc.a(_umulhisi3.o)
 .text.libgcc.fmul
                0x0000000000000000        0x0 /usr/lib/gcc/avr/4.8.2/avr4/libgcc.a(_umulhisi3.o)
 .text.libgcc.fixed
                0x0000000000000000        0x0 /usr/lib/gcc/avr/4.8.2/avr4/libgcc.a(_umulhisi3.o)
 .text          0x0000000000000000        0x0 /usr/lib/gcc/avr/4.8.2/avr4/libgcc.a(_usmulhisi3.o)
 .bss           0x0000000000000000        0x0 /usr/lib/gcc/avr/4.8.2/avr4/libgcc.a(_usmulhisi3.o)
 .text.libgcc.mul
                0x0000000000000000        0xc /usr/lib/gcc/avr/4.8.2/avr4/libgcc.a(_usmulhisi3.o)
 .text.libgcc.div
                0x0000000000000000        0x0 /usr/lib/gcc/avr/4.8.2/avr4/libgcc.a(_usmulhisi3.o)
 .text.libgcc   0x0000000000000000        0x0 /usr/lib/gcc/avr/4.8.2/avr4/libgcc.a(_usmulhisi3.o)
 .text.libgcc.prologue
                0x0000000000000000        0x0 /usr/lib/gcc/avr/4.8.2/avr4/libgcc.a(_usmulhisi3.o)
 .text.libgcc.builtins
                0x0000000000000000        0x0 /usr/lib/gcc/avr/4.8.2/avr4/libgcc.a(_usmulhisi3.o)
 .text.libgcc.fmul
                0x0000000000000000        0x0 /usr/lib/gcc/avr/4.8.2/avr4/libgcc.a(_usmulhisi3.o)
 .text.libgcc.fixed
                0x0000000000000000        0x0 /usr/lib/gcc/avr/4.8.2/avr4/libgcc.a(_usmulhisi3.o)
 .text          0x0000000000000000        0x0 /usr/lib/gcc/avr/4.8.2/avr4/libgcc.a(_muluhisi3.o)
 .bss           0x0000000000000000        0x0 /usr/lib/gcc/avr/4.8.2/avr4/libgcc.a(_muluhisi3.o)
 .text.libgcc.mul
                0x0000000000000000       0x14 /usr/lib/gcc/avr/4.8.2/avr4/libgcc.a(_muluhisi3.o)
 .text.libgcc.div
                0x0000000000000000        0x0 /usr/lib/gcc/avr/4.8.2/avr4/libgcc.a(_muluhisi3.o)
 .text.libgcc   0x0000000000000000        0x0 /usr/lib/gcc/avr/4.8.2/avr4/libgcc.a(_muluhisi3.o)
 .text.libgcc.prologue
                0x0000000000000000        0x0 /usr/lib/gcc/avr/4.8.2/avr4/libgcc.a(_muluhisi3.o)
 .text.libgcc.builtins
                0x0000000000000000        0x0 /usr/lib/gcc/avr/4.8.2/avr4/libgcc.a(_muluhisi3.o)
 .text.libgcc.fmul
                0x0000000000000000        0x0 /usr/lib/gcc/avr/4.8.2/avr4/libgcc.a(_muluhisi3.o)
 .text.libgcc.fixed
                0x0000000000000000        0x0 /usr/lib/gcc/avr/4.8.2/avr4/libgcc.a(_muluhisi3.o)
 .text          0x0000000000000000        0x0 /usr/lib/gcc/avr/4.8.2/avr4/libgcc.a(_udivmodhi4.o)
 .bss           0x0000000000000000        0x0 /usr/lib/gcc/avr/4.8.2/avr4/libgcc.a(_udivmodhi4.o)
 .text.libgcc.mul
                0x0000000000000000        0x0 /usr/lib/gcc/avr/4.8.2/avr4/libgcc.a(_udivmodhi4.o)
 .text.libgcc   0x0000000000000000        0x0 /usr/lib/gcc/avr/4.8.2/avr4/libgcc.a(_udivmodhi4.o)
 .text.libgcc.prologue
                0x0000000000000000        0x0 /usr/lib/gcc/avr/4.8.2/avr4/libgcc.a(_udivmodhi4.o)
 .text.libgcc.builtins
                0x0000000000000000        0x0 /usr/lib/gcc/avr/4.8.2/avr4/libgcc.a(_udivmodhi4.o)
 .text.libgcc.fmul
                0x0000000000000000        0x0 /usr/lib/gcc/avr/4.8.2/avr4/libgcc.a(_udivmodhi4.o)
 .text.libgcc.fixed
                0x0000000000000000        0x0 /usr/lib/gcc/avr/4.8.2/avr4/libgcc.a(_udivmodhi4.o)
 .text          0x0000000000000000        0x0 /usr/lib/gcc/avr/4.8.2/avr4/libgcc.a(_udivmodsi4.o)
 .bss           0x0000000000000000        0x0 /usr/lib/gcc/avr/4.8.2/avr4/libgcc.a(_udivmodsi4.o)
 .text.libgcc.mul
                0x0000000000000000        0x0 /usr/lib/gcc/avr/4.8.2/avr4/libgcc.a(_udivmodsi4.o)
 .text.libgcc.div
                0x0000000000000000       0x44 /usr/lib/gcc/avr/4.8.2/avr4/libgcc.a(_udivmodsi4.o)
 .text.libgcc   0x0000000000000000        0x0 /usr/lib/gcc/avr/4.8.2/avr4/libgcc.a(_udivmodsi4.o)
 .text.libgcc.prologue
                0x0000000000000000        0x0 /usr/lib/gcc/avr/4.8.2/avr4/libgcc.a(_udivmodsi4.o)
 .text.libgcc.builtins
                0x0000000000000000        0x0 /usr/lib/gcc/avr/4.8.2/avr4/libgcc.a(_udivmodsi4.o)
 .text.libgcc.fmul
                0x0000000000000000        0x0 /usr/lib/gcc/avr/4.8.2/avr4/libgcc.a(_udivmodsi4.o)
 .text.libgcc.fixed
                0x0000000000000000        0x0 /usr/lib/gcc/avr/4.8.2/avr4/libgcc.a(_udivmodsi4.o)
 .text          0x0000000000000000        0x0 /usr/lib/gcc/avr/4.8.2/avr4/libgcc.a(_divmodsi4.o)
 .bss           0x0000000000000000        0x0 /usr/lib/gcc/avr/4.8.2/avr4/libgcc.a(_divmodsi4.o)
 .text.libgcc.mul
                0x0000000000000000        0x0 /usr/lib/gcc/avr/4.8.2/avr4/libgcc.a(_divmodsi4.o)
 .text.libgcc.div
                0x0000000000000000       0x28 /usr/lib/gcc/avr/4.8.2/avr4/libgcc.a(_divmodsi4.o)
 .text.libgcc   0x0000000000000000        0x0 /usr/lib/gcc/avr/4.8.2/avr4/libgcc.a(_divmodsi4.o)
 .text.libgcc.prologue
                0x0000000000000000        0x0 /usr/lib/gcc/avr/4.8.2/avr4/libgcc.a(_divmodsi4.o)
 .text.libgcc.builtins
                0x0000000000000000        0x0 /usr/lib/gcc/avr/4.8.2/avr4/libgcc.a(_divmodsi4.o)
 .text.libgcc.fmul
                0x0000000000000000        0x0 /usr/lib/gcc/avr/4.8.2/avr4/libgcc.a(_divmodsi4.o)
 .text.libgcc.fixed
                0x0000000000000000        0x0 /usr/lib/gcc/avr/4.8.2/avr4/libgcc.a(_divmodsi4.o)
 .text          0x0000000000000000        0x0 /usr/lib/gcc/avr/4.8.2/avr4/libgcc.a(_negsi2.o)
 .bss           0x0000000000000000        0x0 /usr/lib/gcc/avr/4.8.2/avr4/libgcc.a(_negsi2.o)
 .text.libgcc.mul
                0x0000000000000000        0x0 /usr/lib/gcc/avr/4.8.2/avr4/libgcc.a(_negsi2.o)
 .text.libgcc.div
                0x0000000000000000       0x10 /usr/lib/gcc/avr/4.8.2/avr4/libgcc.a(_negsi2.o)
 .text.libgcc   0x0000000000000000        0x0 /usr/lib/gcc/avr/4.8.2/avr4/libgcc.a(_negsi2.o)
 .text.libgcc.prologue
                0x0000000000000000        0x0 /usr/lib/gcc/avr/4.8.2/avr4/libgcc.a(_negsi2.o)
 .text.libgcc.builtins
                0x0000000000000000        0x0 /usr/lib/gcc/avr/4.8.2/avr4/libgcc.a(_negsi2.o)
 .text.libgcc.fmul
                0x0000000000000000        0x0 /usr/lib/gcc/avr/4.8.2/avr4/libgcc.a(_negsi2.o)
 .text.libgcc.fixed
                0x0000000000000000        0x0 /usr/lib/gcc/avr/4.8.2/avr4/libgcc.a(_negsi2.o)
 .text          0x0000000000000000        0x0 /usr/lib/gcc/avr/4.8.2/avr4/libgcc.a(_exit.o)
 .bss           0x0000000000000000        0x0 /usr/lib/gcc/avr/4.8.2/avr4/libgcc.a(_exit.o)
 .text.libgcc.mul
                0x0000000000000000        0x0 /usr/lib/gcc/avr/4.8.2/avr4/libgcc.a(_exit.o)
 .text.libgcc.div
                0x0000000000000000        0x0 /usr/lib/gcc/avr/4.8.2/avr4/libgcc.a(_exit.o)
 .text.libgcc   0x0000000000000000        0x0 /usr/lib/gcc/avr/4.8.2/avr4/libgcc.a(_exit.o)
 .text.libgcc.prologue
                0x0000000000000000        0x0 /usr/lib/gcc/avr/4.8.2/avr4/libgcc.a(_exit.o)
 .text.libgcc.builtins
                0x0000000000000000        0x0 /usr/lib/gcc/avr/4.8.2/avr4/libgcc.a(_exit.o)
 .text.libgcc.fmul
                0x0000000000000000        0x0 /usr/lib/gcc/avr/4.8.2/avr4/libgcc.a(_exit.o)
 .text.libgcc.fixed
                0x0000000000000000        0x0 /usr/lib/gcc/avr/4.8.2/avr4/libgcc.a(_exit.o)
 .text          0x0000000000000000        0x0 /usr/lib/gcc/avr/4.8.2/avr4/libgcc.a(_copy_data.o)
 .bss           0x0000000000000000        0x0 /usr/lib/gcc/avr/4.8.2/avr4/libgcc.a(_copy_data.o)
 .text.libgcc.mul
                0x0000000000000000        0x0 /usr/lib/gcc/avr/4.8.2/avr4/libgcc.a(_copy_data.o)
 .text.libgcc.div
                0x0000000000000000        0x0 /usr/lib/gcc/avr/4.8.2/avr4/libgcc.a(_copy_data.o)
 .text.libgcc   0x0000000000000000        0x0 /usr/lib/gcc/avr/4.8.2/avr4/libgcc.a(_copy_data.o)
 .text.libgcc.prologue
                0x0000000000000000        0x0 /usr/lib/gcc/avr/4.8.2/avr4/libgcc.a(_copy_data.o)
 .text.libgcc.builtins
                0x0000000000000000        0x0 /usr/lib/gcc/avr/4.8.2/avr4/libgcc.a(_copy_data.o)
 .text.libgcc.fmul
                0x0000000000000000        0x0 /usr/lib/gcc/avr/4.8.2/avr4/libgcc.a(_copy_data.o)
 .text.libgcc.fixed
                0x0000000000000000        0x0 /usr/lib/gcc/avr/4.8.2/avr4/libgcc.a(_copy_data.o)
 .text          0x0000000000000000        0x0 /usr/lib/gcc/avr/4.8.2/avr4/libgcc.a(_clear_bss.o)
 .bss           0x0000000000000000        0x0 /usr/lib/gcc/avr/4.8.2/avr4/libgcc.a(_clear_bss.o)
 .text.libgcc.mul
                0x0000000000000000        0x0 /usr/lib/gcc/avr/4.8.2/avr4/libgcc.a(_clear_bss.o)
 .text.libgcc.div
                0x0000000000000000        0x0 /usr/lib/gcc/avr/4.8.2/avr4/libgcc.a(_clear_bss.o)
 .text.libgcc   0x0000000000000000        0x0 /usr/lib/gcc/avr/4.8.2/avr4/libgcc.a(_clear_bss.o)
 .text.libgcc.prologue
                0x0000000000000000        0x0 /usr/lib/gcc/avr/4.8.2/avr4/libgcc.a(_clear_bss.o)
 .text.libgcc.builtins
                0x0000000000000000        0x0 /usr/lib/gcc/avr/4.8.2/avr4/libgcc.a(_clear_bss.o)
 .text.libgcc.fmul
                0x0000000000000000        0x0 /usr/lib/gcc/avr/4.8.2/avr4/libgcc.a(_clear_bss.o)
 .text.libgcc.fixed
                0x0000000000000000        0x0 /usr/lib/gcc/avr/4.8.2/avr4/libgcc.a(_clear_bss.o)
 .text          0x0000000000000000        0x0 /usr/lib/gcc/avr/4.8.2/../../../avr/lib/avr4/libc.a(dtostrf.o)
 .bss           0x0000000000000000        0x0 /usr/lib/gcc/avr/4.8.2/../../../avr/lib/avr4/libc.a(dtostrf.o)
 .text.avr-libc
                0x0000000000000000       0x40 /usr/lib/gcc/avr/4.8.2/../../../avr/lib/avr4/libc.a(dtostrf.o)
 .text          0x0000000000000000        0x0 /usr/lib/gcc/avr/4.8.2/../../../avr/lib/avr4/libc.a(itoa.o)
 .bss           0x0000000000000000        0x0 /usr/lib/gcc/avr/4.8.2/../../../avr/lib/avr4/libc.a(itoa.o)
 .text          0x0000000000000000        0x0 /usr/lib/gcc/avr/4.8.2/../../../avr/lib/avr4/libc.a(ltoa.o)
 .bss           0x0000000000000000        0x0 /usr/lib/gcc/avr/4.8.2/../../../avr/lib/avr4/libc.a(ltoa.o)
 .text.avr-libc
                0x0000000000000000       0x64 /usr/lib/gcc/avr/4.8.2/../../../avr/lib/avr4/libc.a(ltoa.o)
 .text          0x0000000000000000        0x0 /usr/lib/gcc/avr/4.8.2/../../../avr/lib/avr4/libc.a(dtoa_prf.o)
 .bss           0x0000000000000000        0x0 /usr/lib/gcc/avr/4.8.2/../../../avr/lib/avr4/libc.a(dtoa_prf.o)
 .text.avr-libc
                0x0000000000000000      0x2fa /usr/lib/gcc/avr/4.8.2/../../../avr/lib/avr4/libc.a(dtoa_prf.o)
 .text          0x0000000000000000        0x0 /usr/lib/gcc/avr/4.8.2/../../../avr/lib/avr4/libc.a(ftoa_engine.o)
 .bss           0x0000000000000000        0x0 /usr/lib/gcc/avr/4.8.2/../../../avr/lib/avr4/libc.a(ftoa_engine.o)
 .text.avr-libc
                0x0000000000000000      0x1b0 /usr/lib/gcc/avr/4.8.2/../../../avr/lib/avr4/libc.a(ftoa_engine.o)
 .progmem.data  0x0000000000000000       0xfa /usr/lib/gcc/avr/4.8.2/../../../avr/lib/avr4/libc.a(ftoa_engine.o)
 .text          0x0000000000000000        0x0 /usr/lib/gcc/avr/4.8.2/../../../avr/lib/avr4/libc.a(strrev.o)
 .bss           0x0000000000000000        0x0 /usr/lib/gcc/avr/4.8.2/../../../avr/lib/avr4/libc.a(strrev.o)

↵
Speichereinrichtung
↵

Name             Ursprung           Länge             Eigenschaften
text             0x0000000000000000 0x0000000000002000 xr
data             0x0000000000800060 0x000000000000ffa0 rw !x
eeprom           0x0000000000810000 0x0000000000010000 rw !x
fuse             0x0000000000820000 0x0000000000000400 rw !x
lock             0x0000000000830000 0x0000000000000400 rw !x
signature        0x0000000000840000 0x0000000000000400 rw !x
user_signatures  0x0000000000850000 0x0000000000000400 rw !x
*default*        0x0000000000000000 0xffffffffffffffff

Linker script and memory map

LOAD /usr/lib/gcc/avr/4.8.2/../../../avr/lib/avr4/crtm8.o
LOAD main.o
LOAD ../TimerService/timerservice.o
LOAD asuro.o
LOAD adc.o
LOAD adc_low.o
LOAD encoder.o
LOAD encoder_low.o
LOAD globals.o
LOAD i2c.o
LOAD lcd.o
LOAD leds.o
LOAD motor.o
LOAD motor_low.o
LOAD my_motor_low.o
LOAD print.o
LOAD printf.o
LOAD rc5.o
LOAD sound.o
LOAD switches.o
LOAD time.o
LOAD uart.o
LOAD ultrasonic.o
LOAD version.o
LOAD /usr/lib/gcc/avr/4.8.2/../../../avr/lib/avr4/libm.a
START GROUP
LOAD /usr/lib/gcc/avr/4.8.2/avr4/libgcc.a
LOAD /usr/lib/gcc/avr/4.8.2/../../../avr/lib/avr4/libm.a
LOAD /usr/lib/gcc/avr/4.8.2/../../../avr/lib/avr4/libc.a
END GROUP

.hash
 *(.hash)

.dynsym
 *(.dynsym)

.dynstr
 *(.dynstr)

.gnu.version
 *(.gnu.version)

.gnu.version_d
 *(.gnu.version_d)

.gnu.version_r
 *(.gnu.version_r)

.rel.init
 *(.rel.init)

.rela.init
 *(.rela.init)

.rel.text
 *(.rel.text)
 *(.rel.text.*)
 *(.rel.gnu.linkonce.t*)

.rela.text
 *(.rela.text)
 *(.rela.text.*)
 *(.rela.gnu.linkonce.t*)

.rel.fini
 *(.rel.fini)

.rela.fini
 *(.rela.fini)

.rel.rodata
 *(.rel.rodata)
 *(.rel.rodata.*)
 *(.rel.gnu.linkonce.r*)

.rela.rodata
 *(.rela.rodata)
 *(.rela.rodata.*)
 *(.rela.gnu.linkonce.r*)

.rel.data
 *(.rel.data)
 *(.rel.data.*)
 *(.rel.gnu.linkonce.d*)

.rela.data
 *(.rela.data)
 *(.rela.data.*)
 *(.rela.gnu.linkonce.d*)

.rel.ctors
 *(.rel.ctors)

.rela.ctors
 *(.rela.ctors)

.rel.dtors
 *(.rel.dtors)

.rela.dtors
 *(.rela.dtors)

.rel.got
 *(.rel.got)

.rela.got
 *(.rela.got)

.rel.bss
 *(.rel.bss)

.rela.bss
 *(.rela.bss)

.rel.plt
 *(.rel.plt)

.rela.plt
 *(.rela.plt)

.text           0x0000000000000000      0x994
 *(.vectors)
 .vectors       0x0000000000000000       0x26 /usr/lib/gcc/avr/4.8.2/../../../avr/lib/avr4/crtm8.o
                0x0000000000000000                __vectors
                0x0000000000000000                __vector_default
 *(.vectors)
 *(.progmem.gcc*)
 *(.progmem*)
                0x0000000000000026                . = ALIGN (0x2)
                0x0000000000000026                __trampolines_start = .
 *(.trampolines)
 .trampolines   0x0000000000000026        0x0 linker stubs
 *(.trampolines*)
                0x0000000000000026                __trampolines_end = .
 *(.jumptables)
 *(.jumptables*)
 *(.lowtext)
 *(.lowtext*)
                0x0000000000000026                __ctors_start = .
 *(.ctors)
                0x0000000000000026                __ctors_end = .
                0x0000000000000026                __dtors_start = .
 *(.dtors)
                0x0000000000000026                __dtors_end = .
 SORT(*)(.ctors)
 SORT(*)(.dtors)
 *(.init0)
 .init0         0x0000000000000026        0x0 /usr/lib/gcc/avr/4.8.2/../../../avr/lib/avr4/crtm8.o
                0x0000000000000026                __init
 *(.init0)
 *(.init1)
 *(.init1)
 *(.init2)
 .init2         0x0000000000000026        0xc /usr/lib/gcc/avr/4.8.2/../../../avr/lib/avr4/crtm8.o
 *(.init2)
 *(.init3)
 *(.init3)
 *(.init4)
 .init4         0x0000000000000032       0x16 /usr/lib/gcc/avr/4.8.2/avr4/libgcc.a(_copy_data.o)
                0x0000000000000032                __do_copy_data
 .init4         0x0000000000000048       0x10 /usr/lib/gcc/avr/4.8.2/avr4/libgcc.a(_clear_bss.o)
                0x0000000000000048                __do_clear_bss
 *(.init4)
 *(.init5)
 *(.init5)
 *(.init6)
 *(.init6)
 *(.init7)
 *(.init7)
 *(.init8)
 *(.init8)
 *(.init9)
 .init9         0x0000000000000058        0x4 /usr/lib/gcc/avr/4.8.2/../../../avr/lib/avr4/crtm8.o
 *(.init9)
 *(.text)
 .text          0x000000000000005c        0x2 /usr/lib/gcc/avr/4.8.2/../../../avr/lib/avr4/crtm8.o
                0x000000000000005c                __vector_1
                0x000000000000005c                __vector_12
                0x000000000000005c                __bad_interrupt
                0x000000000000005c                __vector_6
                0x000000000000005c                __vector_11
                0x000000000000005c                __vector_13
                0x000000000000005c                __vector_17
                0x000000000000005c                __vector_7
                0x000000000000005c                __vector_5
                0x000000000000005c                __vector_2
                0x000000000000005c                __vector_15
                0x000000000000005c                __vector_8
                0x000000000000005c                __vector_10
                0x000000000000005c                __vector_16
                0x000000000000005c                __vector_18
                0x000000000000005e                . = ALIGN (0x2)
 *(.text.*)
 .text.lineCorrection
                0x000000000000005e       0x84 main.o
                0x000000000000005e                lineCorrection
 .text.startup.main
                0x00000000000000e2       0x52 main.o
                0x00000000000000e2                main
 .text.timer0_overflow
                0x0000000000000134       0x56 ../TimerService/timerservice.o
                0x0000000000000134                timer0_overflow
 .text.__vector_9
                0x000000000000018a       0x46 ../TimerService/timerservice.o
                0x000000000000018a                __vector_9
 .text.IsrStandard
                0x00000000000001d0       0xf0 asuro.o
                0x00000000000001d0                IsrStandard
 .text.Init     0x00000000000002c0       0x7e asuro.o
                0x00000000000002c0                Init
 .text.__vector_4
                0x000000000000033e       0x98 asuro.o
                0x000000000000033e                __vector_4
 .text.__vector_3
                0x00000000000003d6       0x5c asuro.o
                0x00000000000003d6                __vector_3
 .text.__vector_14
                0x0000000000000432       0x4e asuro.o
                0x0000000000000432                __vector_14
 .text.LineData
                0x0000000000000480       0x28 adc.o
                0x0000000000000480                LineData
 .text.ReadADC  0x00000000000004a8       0x32 adc_low.o
                0x00000000000004a8                ReadADC
 .text.StatusLED
                0x00000000000004da       0x24 leds.o
                0x00000000000004da                StatusLED
 .text.FrontLED
                0x00000000000004fe       0x12 leds.o
                0x00000000000004fe                FrontLED
 .text.BackLED  0x0000000000000510       0x26 leds.o
                0x0000000000000510                BackLED
 .text.MotorSpeed
                0x0000000000000536        0xe motor_low.o
                0x0000000000000536                MotorSpeed
 .text.MotorDir
                0x0000000000000544       0x12 motor_low.o
                0x0000000000000544                MotorDir
 .text.UartPutc
                0x0000000000000556       0x14 print.o
                0x0000000000000556                UartPutc
 .text.SerPrint
                0x000000000000056a       0x24 print.o
                0x000000000000056a                SerPrint
 .text.PrintInt
                0x000000000000058e       0x38 print.o
                0x000000000000058e                PrintInt
 .text.Sleep    0x00000000000005c6       0x10 time.o
                0x00000000000005c6                Sleep
 .text.Msleep   0x00000000000005d6       0x26 time.o
                0x00000000000005d6                Msleep
 .text.avr-libc.fplib
                0x00000000000005fc        0xa /usr/lib/gcc/avr/4.8.2/../../../avr/lib/avr4/libm.a(addsf3.o)
                0x00000000000005fc                __subsf3
                0x00000000000005fe                __addsf3
 .text.avr-libc.fplib
                0x0000000000000606       0xc0 /usr/lib/gcc/avr/4.8.2/../../../avr/lib/avr4/libm.a(addsf3x.o)
                0x0000000000000620                __addsf3x
 .text.avr-libc.fplib
                0x00000000000006c6        0xa /usr/lib/gcc/avr/4.8.2/../../../avr/lib/avr4/libm.a(fixsfsi.o)
                0x00000000000006c6                __fixsfsi
 .text.avr-libc.fplib
                0x00000000000006d0       0x58 /usr/lib/gcc/avr/4.8.2/../../../avr/lib/avr4/libm.a(fixunssfsi.o)
                0x00000000000006d0                __fixunssfsi
 .text.avr-libc.fplib
                0x0000000000000728       0x7a /usr/lib/gcc/avr/4.8.2/../../../avr/lib/avr4/libm.a(floatsisf.o)
                0x0000000000000728                __floatunsisf
                0x000000000000072c                __floatsisf
 .text.avr-libc.fplib
                0x00000000000007a2        0xc /usr/lib/gcc/avr/4.8.2/../../../avr/lib/avr4/libm.a(fp_inf.o)
                0x00000000000007a2                __fp_inf
 .text.avr-libc.fplib
                0x00000000000007ae        0x6 /usr/lib/gcc/avr/4.8.2/../../../avr/lib/avr4/libm.a(fp_nan.o)
                0x00000000000007ae                __fp_nan
 .text.avr-libc.fplib
                0x00000000000007b4        0xe /usr/lib/gcc/avr/4.8.2/../../../avr/lib/avr4/libm.a(fp_pscA.o)
                0x00000000000007b4                __fp_pscA
 .text.avr-libc.fplib
                0x00000000000007c2        0xe /usr/lib/gcc/avr/4.8.2/../../../avr/lib/avr4/libm.a(fp_pscB.o)
                0x00000000000007c2                __fp_pscB
 .text.avr-libc.fplib
                0x00000000000007d0       0x22 /usr/lib/gcc/avr/4.8.2/../../../avr/lib/avr4/libm.a(fp_round.o)
                0x00000000000007d0                __fp_round
 .text.avr-libc.fplib
                0x00000000000007f2       0x44 /usr/lib/gcc/avr/4.8.2/../../../avr/lib/avr4/libm.a(fp_split3.o)
                0x00000000000007f2                __fp_split3
                0x0000000000000802                __fp_splitA
 .text.avr-libc.fplib
                0x0000000000000836        0xe /usr/lib/gcc/avr/4.8.2/../../../avr/lib/avr4/libm.a(fp_zero.o)
                0x0000000000000836                __fp_zero
                0x0000000000000838                __fp_szero
 .text.avr-libc.fplib
                0x0000000000000844        0x4 /usr/lib/gcc/avr/4.8.2/../../../avr/lib/avr4/libm.a(mulsf3.o)
                0x0000000000000844                __mulsf3
 .text.avr-libc.fplib
                0x0000000000000848       0xc2 /usr/lib/gcc/avr/4.8.2/../../../avr/lib/avr4/libm.a(mulsf3x.o)
                0x000000000000085c                __mulsf3x
                0x0000000000000860                __mulsf3_pse
 .text.libgcc.div
                0x000000000000090a       0x28 /usr/lib/gcc/avr/4.8.2/avr4/libgcc.a(_udivmodhi4.o)
                0x000000000000090a                __udivmodhi4
 .text.avr-libc
                0x0000000000000932       0x3e /usr/lib/gcc/avr/4.8.2/../../../avr/lib/avr4/libc.a(itoa.o)
                0x0000000000000932                itoa
 .text.avr-libc
                0x0000000000000970       0x20 /usr/lib/gcc/avr/4.8.2/../../../avr/lib/avr4/libc.a(strrev.o)
                0x0000000000000970                strrev
                0x0000000000000990                . = ALIGN (0x2)
 *(.fini9)
 .fini9         0x0000000000000990        0x0 /usr/lib/gcc/avr/4.8.2/avr4/libgcc.a(_exit.o)
                0x0000000000000990                exit
                0x0000000000000990                _exit
 *(.fini9)
 *(.fini8)
 *(.fini8)
 *(.fini7)
 *(.fini7)
 *(.fini6)
 *(.fini6)
 *(.fini5)
 *(.fini5)
 *(.fini4)
 *(.fini4)
 *(.fini3)
 *(.fini3)
 *(.fini2)
 *(.fini2)
 *(.fini1)
 *(.fini1)
 *(.fini0)
 .fini0         0x0000000000000990        0x4 /usr/lib/gcc/avr/4.8.2/avr4/libgcc.a(_exit.o)
 *(.fini0)
                0x0000000000000994                _etext = .

.data           0x0000000000800060       0x10 load address 0x0000000000000994
                0x0000000000800060                PROVIDE (__data_start, .)
 *(.data)
 .data          0x0000000000800060        0x0 /usr/lib/gcc/avr/4.8.2/../../../avr/lib/avr4/crtm8.o
 .data          0x0000000000800060        0x0 main.o
 .data          0x0000000000800060        0x0 ../TimerService/timerservice.o
 .data          0x0000000000800060        0x0 asuro.o
 .data          0x0000000000800060        0x0 adc.o
 .data          0x0000000000800060        0x0 adc_low.o
 .data          0x0000000000800060        0x0 encoder.o
 .data          0x0000000000800060        0x0 encoder_low.o
 .data          0x0000000000800060        0x0 globals.o
 .data          0x0000000000800060        0x0 i2c.o
 .data          0x0000000000800060        0x0 lcd.o
 .data          0x0000000000800060        0x0 leds.o
 .data          0x0000000000800060        0x0 motor.o
 .data          0x0000000000800060        0x0 motor_low.o
 .data          0x0000000000800060        0x0 my_motor_low.o
 .data          0x0000000000800060        0x0 print.o
 .data          0x0000000000800060        0x0 printf.o
 .data          0x0000000000800060        0x0 rc5.o
 .data          0x0000000000800060        0x0 sound.o
 .data          0x0000000000800060        0x0 switches.o
 .data          0x0000000000800060        0x0 time.o
 .data          0x0000000000800060        0x0 uart.o
 .data          0x0000000000800060        0x0 ultrasonic.o
 .data          0x0000000000800060        0x0 version.o
 .data          0x0000000000800060        0x0 /usr/lib/gcc/avr/4.8.2/../../../avr/lib/avr4/libm.a(addsf3.o)
 .data          0x0000000000800060        0x0 /usr/lib/gcc/avr/4.8.2/../../../avr/lib/avr4/libm.a(addsf3x.o)
 .data          0x0000000000800060        0x0 /usr/lib/gcc/avr/4.8.2/../../../avr/lib/avr4/libm.a(fixsfsi.o)
 .data          0x0000000000800060        0x0 /usr/lib/gcc/avr/4.8.2/../../../avr/lib/avr4/libm.a(fixunssfsi.o)
 .data          0x0000000000800060        0x0 /usr/lib/gcc/avr/4.8.2/../../../avr/lib/avr4/libm.a(floatsisf.o)
 .data          0x0000000000800060        0x0 /usr/lib/gcc/avr/4.8.2/../../../avr/lib/avr4/libm.a(fp_inf.o)
 .data          0x0000000000800060        0x0 /usr/lib/gcc/avr/4.8.2/../../../avr/lib/avr4/libm.a(fp_nan.o)
 .data          0x0000000000800060        0x0 /usr/lib/gcc/avr/4.8.2/../../../avr/lib/avr4/libm.a(fp_pscA.o)
 .data          0x0000000000800060        0x0 /usr/lib/gcc/avr/4.8.2/../../../avr/lib/avr4/libm.a(fp_pscB.o)
 .data          0x0000000000800060        0x0 /usr/lib/gcc/avr/4.8.2/../../../avr/lib/avr4/libm.a(fp_round.o)
 .data          0x0000000000800060        0x0 /usr/lib/gcc/avr/4.8.2/../../../avr/lib/avr4/libm.a(fp_split3.o)
 .data          0x0000000000800060        0x0 /usr/lib/gcc/avr/4.8.2/../../../avr/lib/avr4/libm.a(fp_zero.o)
 .data          0x0000000000800060        0x0 /usr/lib/gcc/avr/4.8.2/../../../avr/lib/avr4/libm.a(mulsf3.o)
 .data          0x0000000000800060        0x0 /usr/lib/gcc/avr/4.8.2/../../../avr/lib/avr4/libm.a(mulsf3x.o)
 .data          0x0000000000800060        0x0 /usr/lib/gcc/avr/4.8.2/avr4/libgcc.a(_umulhisi3.o)
 .data          0x0000000000800060        0x0 /usr/lib/gcc/avr/4.8.2/avr4/libgcc.a(_usmulhisi3.o)
 .data          0x0000000000800060        0x0 /usr/lib/gcc/avr/4.8.2/avr4/libgcc.a(_muluhisi3.o)
 .data          0x0000000000800060        0x0 /usr/lib/gcc/avr/4.8.2/avr4/libgcc.a(_udivmodhi4.o)
 .data          0x0000000000800060        0x0 /usr/lib/gcc/avr/4.8.2/avr4/libgcc.a(_udivmodsi4.o)
 .data          0x0000000000800060        0x0 /usr/lib/gcc/avr/4.8.2/avr4/libgcc.a(_divmodsi4.o)
 .data          0x0000000000800060        0x0 /usr/lib/gcc/avr/4.8.2/avr4/libgcc.a(_negsi2.o)
 .data          0x0000000000800060        0x0 /usr/lib/gcc/avr/4.8.2/avr4/libgcc.a(_exit.o)
 .data          0x0000000000800060        0x0 /usr/lib/gcc/avr/4.8.2/avr4/libgcc.a(_copy_data.o)
 .data          0x0000000000800060        0x0 /usr/lib/gcc/avr/4.8.2/avr4/libgcc.a(_clear_bss.o)
 .data          0x0000000000800060        0x0 /usr/lib/gcc/avr/4.8.2/../../../avr/lib/avr4/libc.a(dtostrf.o)
 .data          0x0000000000800060        0x0 /usr/lib/gcc/avr/4.8.2/../../../avr/lib/avr4/libc.a(itoa.o)
 .data          0x0000000000800060        0x0 /usr/lib/gcc/avr/4.8.2/../../../avr/lib/avr4/libc.a(ltoa.o)
 .data          0x0000000000800060        0x0 /usr/lib/gcc/avr/4.8.2/../../../avr/lib/avr4/libc.a(dtoa_prf.o)
 .data          0x0000000000800060        0x0 /usr/lib/gcc/avr/4.8.2/../../../avr/lib/avr4/libc.a(ftoa_engine.o)
 .data          0x0000000000800060        0x0 /usr/lib/gcc/avr/4.8.2/../../../avr/lib/avr4/libc.a(strrev.o)
 *(.data*)
 .data.sign.1855
                0x0000000000800060        0x4 asuro.o
 *(.rodata)
 *(.rodata*)
 .rodata.str1.1
                0x0000000000800064        0x5 main.o
                                          0x7 (size before relaxing)
 .rodata.mux.1858
                0x0000000000800069        0x6 asuro.o
 *(.gnu.linkonce.d*)
                0x0000000000800070                . = ALIGN (0x2)
 *fill*         0x000000000080006f        0x1 
                0x0000000000800070                _edata = .
                0x0000000000800070                PROVIDE (__data_end, .)

.bss            0x0000000000800070       0x43
                0x0000000000800070                PROVIDE (__bss_start, .)
 *(.bss)
 *(.bss*)
 .bss.set_srv   0x0000000000800070       0x1e ../TimerService/timerservice.o
 .bss.avg.1856  0x000000000080008e        0x4 asuro.o
 .bss.adc_cnt.1857
                0x0000000000800092        0x2 asuro.o
 *(COMMON)
 COMMON         0x0000000000800094        0xe asuro.o
                0x0000000000800094                adcValue
 COMMON         0x00000000008000a2       0x11 globals.o
                0x00000000008000a2                switched
                0x00000000008000a4                AdcIntFunc
                0x00000000008000a6                autoencode
                0x00000000008000a8                encoder
                0x00000000008000ac                count36kHz
                0x00000000008000ad                Ovr2IntFunc
                0x00000000008000af                timebase
                0x00000000008000b3                PROVIDE (__bss_end, .)
                0x0000000000000994                __data_load_start = LOADADDR (.data)
                0x00000000000009a4                __data_load_end = (__data_load_start + SIZEOF (.data))

.noinit         0x00000000008000b3        0x0
                0x00000000008000b3                PROVIDE (__noinit_start, .)
 *(.noinit*)
                0x00000000008000b3                PROVIDE (__noinit_end, .)
                0x00000000008000b3                _end = .
                0x00000000008000b3                PROVIDE (__heap_start, .)

.eeprom         0x0000000000810000        0x0
 *(.eeprom*)
                0x0000000000810000                __eeprom_end = .

.fuse
 *(.fuse)
 *(.lfuse)
 *(.hfuse)
 *(.efuse)

.lock
 *(.lock*)

.signature
 *(.signature*)

.user_signatures
 *(.user_signatures*)

.stab           0x0000000000000000     0x8694
 *(.stab)
 .stab          0x0000000000000000      0x6cc /usr/lib/gcc/avr/4.8.2/../../../avr/lib/avr4/crtm8.o
 .stab          0x00000000000006cc      0x6c0 main.o
                                        0x714 (size before relaxing)
 .stab          0x0000000000000d8c      0x474 ../TimerService/timerservice.o
                                        0x9cc (size before relaxing)
 .stab          0x0000000000001200      0x72c asuro.o
                                        0x978 (size before relaxing)
 .stab          0x000000000000192c      0x36c adc.o
                                        0x678 (size before relaxing)
 .stab          0x0000000000001c98      0x3a8 adc_low.o
                                        0x5f4 (size before relaxing)
 .stab          0x0000000000002040      0x2f4 encoder.o
                                        0x780 (size before relaxing)
 .stab          0x0000000000002334      0x318 encoder_low.o
                                        0x6a8 (size before relaxing)
 .stab          0x000000000000264c      0x33c globals.o
                                        0x588 (size before relaxing)
 .stab          0x0000000000002988      0x324 i2c.o
                                        0x87c (size before relaxing)
 .stab          0x0000000000002cac      0x3cc lcd.o
                                       0x1020 (size before relaxing)
 .stab          0x0000000000003078      0x4bc leds.o
                                        0x708 (size before relaxing)
 .stab          0x0000000000003534      0x2f4 motor.o
                                        0x678 (size before relaxing)
 .stab          0x0000000000003828      0x3c0 motor_low.o
                                        0x60c (size before relaxing)
 .stab          0x0000000000003be8      0x2f4 my_motor_low.o
                                        0x594 (size before relaxing)
 .stab          0x0000000000003edc      0x4bc print.o
                                        0x7f8 (size before relaxing)
 .stab          0x0000000000004398      0x2f4 printf.o
                                        0x5dc (size before relaxing)
 .stab          0x000000000000468c      0x324 rc5.o
                                        0x7bc (size before relaxing)
 .stab          0x00000000000049b0      0x2f4 sound.o
                                        0x66c (size before relaxing)
 .stab          0x0000000000004ca4      0x30c switches.o
                                        0x66c (size before relaxing)
 .stab          0x0000000000004fb0      0x42c time.o
                                        0x6c0 (size before relaxing)
 .stab          0x00000000000053dc      0x300 uart.o
                                        0x6e4 (size before relaxing)
 .stab          0x00000000000056dc      0x30c ultrasonic.o
                                        0x7f8 (size before relaxing)
 .stab          0x00000000000059e8      0x2f4 version.o
                                        0x540 (size before relaxing)
 .stab          0x0000000000005cdc       0x78 /usr/lib/gcc/avr/4.8.2/../../../avr/lib/avr4/libm.a(addsf3.o)
                                         0x84 (size before relaxing)
 .stab          0x0000000000005d54      0x4bc /usr/lib/gcc/avr/4.8.2/../../../avr/lib/avr4/libm.a(addsf3x.o)
                                        0x4c8 (size before relaxing)
 .stab          0x0000000000006210       0x6c /usr/lib/gcc/avr/4.8.2/../../../avr/lib/avr4/libm.a(fixsfsi.o)
                                         0x78 (size before relaxing)
 .stab          0x000000000000627c      0x240 /usr/lib/gcc/avr/4.8.2/../../../avr/lib/avr4/libm.a(fixunssfsi.o)
                                        0x24c (size before relaxing)
 .stab          0x00000000000064bc      0x318 /usr/lib/gcc/avr/4.8.2/../../../avr/lib/avr4/libm.a(floatsisf.o)
                                        0x324 (size before relaxing)
 .stab          0x00000000000067d4       0x78 /usr/lib/gcc/avr/4.8.2/../../../avr/lib/avr4/libm.a(fp_inf.o)
                                         0x84 (size before relaxing)
 .stab          0x000000000000684c       0x54 /usr/lib/gcc/avr/4.8.2/../../../avr/lib/avr4/libm.a(fp_nan.o)
                                         0x60 (size before relaxing)
 .stab          0x00000000000068a0       0x84 /usr/lib/gcc/avr/4.8.2/../../../avr/lib/avr4/libm.a(fp_pscA.o)
                                         0x90 (size before relaxing)
 .stab          0x0000000000006924       0x84 /usr/lib/gcc/avr/4.8.2/../../../avr/lib/avr4/libm.a(fp_pscB.o)
                                         0x90 (size before relaxing)
 .stab          0x00000000000069a8       0xfc /usr/lib/gcc/avr/4.8.2/../../../avr/lib/avr4/libm.a(fp_round.o)
                                        0x108 (size before relaxing)
 .stab          0x0000000000006aa4      0x1d4 /usr/lib/gcc/avr/4.8.2/../../../avr/lib/avr4/libm.a(fp_split3.o)
                                        0x1e0 (size before relaxing)
 .stab          0x0000000000006c78       0x90 /usr/lib/gcc/avr/4.8.2/../../../avr/lib/avr4/libm.a(fp_zero.o)
                                         0x9c (size before relaxing)
 .stab          0x0000000000006d08       0x48 /usr/lib/gcc/avr/4.8.2/../../../avr/lib/avr4/libm.a(mulsf3.o)
                                         0x54 (size before relaxing)
 .stab          0x0000000000006d50      0x4d4 /usr/lib/gcc/avr/4.8.2/../../../avr/lib/avr4/libm.a(mulsf3x.o)
                                        0x4e0 (size before relaxing)
 .stab          0x0000000000007224      0x4e0 /usr/lib/gcc/avr/4.8.2/../../../avr/lib/avr4/libc.a(dtostrf.o)
                                        0x594 (size before relaxing)
 .stab          0x0000000000007704      0x1b0 /usr/lib/gcc/avr/4.8.2/../../../avr/lib/avr4/libc.a(itoa.o)
                                        0x1bc (size before relaxing)
 .stab          0x00000000000078b4       0x18 /usr/lib/gcc/avr/4.8.2/../../../avr/lib/avr4/libc.a(ltoa.o)
                                        0x2a0 (size before relaxing)
 .stab          0x00000000000078cc      0x2b8 /usr/lib/gcc/avr/4.8.2/../../../avr/lib/avr4/libc.a(dtoa_prf.o)
                                        0xaa4 (size before relaxing)
 .stab          0x0000000000007b84      0xa38 /usr/lib/gcc/avr/4.8.2/../../../avr/lib/avr4/libc.a(ftoa_engine.o)
                                        0xa44 (size before relaxing)
 .stab          0x00000000000085bc       0xd8 /usr/lib/gcc/avr/4.8.2/../../../avr/lib/avr4/libc.a(strrev.o)
                                         0xe4 (size before relaxing)

.stabstr        0x0000000000000000     0x259e
 *(.stabstr)
 .stabstr       0x0000000000000000     0x259e /usr/lib/gcc/avr/4.8.2/../../../avr/lib/avr4/crtm8.o

.stab.excl
 *(.stab.excl)

.stab.exclstr
 *(.stab.exclstr)

.stab.index
 *(.stab.index)

.stab.indexstr
 *(.stab.indexstr)

.comment        0x0000000000000000       0x11
 *(.comment)
 .comment       0x0000000000000000       0x11 main.o
                                         0x12 (size before relaxing)
 .comment       0x0000000000000000       0x12 ../TimerService/timerservice.o
 .comment       0x0000000000000000       0x12 asuro.o
 .comment       0x0000000000000000       0x12 adc.o
 .comment       0x0000000000000000       0x12 adc_low.o
 .comment       0x0000000000000000       0x12 encoder.o
 .comment       0x0000000000000000       0x12 encoder_low.o
 .comment       0x0000000000000000       0x12 globals.o
 .comment       0x0000000000000000       0x12 i2c.o
 .comment       0x0000000000000000       0x12 lcd.o
 .comment       0x0000000000000000       0x12 leds.o
 .comment       0x0000000000000000       0x12 motor.o
 .comment       0x0000000000000000       0x12 motor_low.o
 .comment       0x0000000000000000       0x12 my_motor_low.o
 .comment       0x0000000000000000       0x12 print.o
 .comment       0x0000000000000000       0x12 printf.o
 .comment       0x0000000000000000       0x12 rc5.o
 .comment       0x0000000000000000       0x12 sound.o
 .comment       0x0000000000000000       0x12 switches.o
 .comment       0x0000000000000000       0x12 time.o
 .comment       0x0000000000000000       0x12 uart.o
 .comment       0x0000000000000000       0x12 ultrasonic.o
 .comment       0x0000000000000000       0x12 version.o
 .comment       0x0000000000000000       0x12 /usr/lib/gcc/avr/4.8.2/../../../avr/lib/avr4/libc.a(dtostrf.o)
 .comment       0x0000000000000000       0x12 /usr/lib/gcc/avr/4.8.2/../../../avr/lib/avr4/libc.a(dtoa_prf.o)

.debug
 *(.debug)

.line
 *(.line)

.debug_srcinfo
 *(.debug_srcinfo)

.debug_sfnames
 *(.debug_sfnames)

.debug_aranges
 *(.debug_aranges)

.debug_pubnames
 *(.debug_pubnames)

.debug_info
 *(.debug_info)
 *(.gnu.linkonce.wi.*)

.debug_abbrev
 *(.debug_abbrev)

.debug_line
 *(.debug_line)

.debug_frame
 *(.debug_frame)

.debug_str
 *(.debug_str)

.debug_loc
 *(.debug_loc)

.debug_macinfo
 *(.debug_macinfo)

.debug_pubtypes
 *(.debug_pubtypes)

.debug_ranges
 *(.debug_ranges)

.debug_macro
 *(.debug_macro)
OUTPUT(main.elf elf32-avr)
LOAD linker stubs

Kreuzreferenz-Tabelle

Symbol                                            Datei
AdcIntFunc                                        globals.o
                                                  asuro.o
BackLED                                           leds.o
                                                  asuro.o
BacklightLCD                                      lcd.o
Battery                                           adc.o
Chirp                                             ultrasonic.o
ClearLCD                                          lcd.o
CommandLCD                                        lcd.o
EncoderInit                                       encoder_low.o
                                                  ultrasonic.o
EncoderSet                                        encoder_low.o
                                                  encoder.o
EncoderStart                                      encoder_low.o
EncoderStop                                       encoder_low.o
FrontLED                                          leds.o
                                                  asuro.o
                                                  main.o
GetIOLCD                                          lcd.o
Gettime                                           time.o
GoTurn                                            encoder.o
Init                                              asuro.o
                                                  main.o
InitI2C                                           i2c.o
InitLCD                                           lcd.o
InitRC5                                           rc5.o
InitUltrasonics                                   ultrasonic.o
IsrRC5                                            rc5.o
IsrStandard                                       asuro.o
LineData                                          adc.o
                                                  main.o
MotorDir                                          motor_low.o
                                                  sound.o
                                                  motor.o
                                                  encoder.o
                                                  asuro.o
MotorSpeed                                        motor_low.o
                                                  sound.o
                                                  my_motor_low.o
                                                  motor.o
                                                  encoder.o
                                                  asuro.o
Msleep                                            time.o
                                                  lcd.o
                                                  encoder.o
                                                  main.o
MyMotorSpeed                                      my_motor_low.o
OdometryData                                      adc.o
Ovr2IntFunc                                       rc5.o
                                                  globals.o
                                                  asuro.o
PollSwitch                                        switches.o
PollSwitchLCD                                     lcd.o
PrintAlignLCD                                     lcd.o
PrintFloat                                        printf.o
PrintInt                                          print.o
                                                  main.o
PrintIntLCD                                       lcd.o
PrintLCD                                          lcd.o
PrintLCD_p                                        lcd.o
PrintLong                                         print.o
PrintSetLCD                                       lcd.o
RC5data                                           rc5.o
ReadADC                                           adc_low.o
                                                  switches.o
                                                  adc.o
ReadI2C                                           i2c.o
                                                  lcd.o
ReadRC5                                           rc5.o
RestoreAsuro                                      ultrasonic.o
SerPrint                                          print.o
                                                  printf.o
                                                  main.o
SerPrint_p                                        print.o
SerRead                                           uart.o
SerWrite                                          uart.o
SetCharLCD_p                                      lcd.o
SetCursorLCD                                      lcd.o
SetDataLCD                                        lcd.o
SetIOLCD                                          lcd.o
SetMotorPower                                     motor.o
Sleep                                             time.o
                                                  ultrasonic.o
                                                  sound.o
                                                  adc_low.o
Sound                                             sound.o
StartI2C                                          i2c.o
                                                  lcd.o
StartSwitch                                       switches.o
StatusLED                                         leds.o
                                                  asuro.o
StopI2C                                           i2c.o
                                                  lcd.o
StopSwitch                                        switches.o
UartPutc                                          print.o
WriteI2C                                          i2c.o
                                                  lcd.o
WriteLCD                                          lcd.o
__addsf3                                          /usr/lib/gcc/avr/4.8.2/../../../avr/lib/avr4/libm.a(addsf3.o)
                                                  main.o
__addsf3x                                         /usr/lib/gcc/avr/4.8.2/../../../avr/lib/avr4/libm.a(addsf3x.o)
                                                  /usr/lib/gcc/avr/4.8.2/../../../avr/lib/avr4/libm.a(addsf3.o)
__bad_interrupt                                   /usr/lib/gcc/avr/4.8.2/../../../avr/lib/avr4/crtm8.o
__bss_end                                         /usr/lib/gcc/avr/4.8.2/avr4/libgcc.a(_clear_bss.o)
__bss_start                                       /usr/lib/gcc/avr/4.8.2/avr4/libgcc.a(_clear_bss.o)
__data_end                                        /usr/lib/gcc/avr/4.8.2/avr4/libgcc.a(_copy_data.o)
__data_load_start                                 /usr/lib/gcc/avr/4.8.2/avr4/libgcc.a(_copy_data.o)
__data_start                                      /usr/lib/gcc/avr/4.8.2/avr4/libgcc.a(_copy_data.o)
__divmodsi4                                       /usr/lib/gcc/avr/4.8.2/avr4/libgcc.a(_divmodsi4.o)
                                                  ultrasonic.o
                                                  switches.o
                                                  sound.o
__do_clear_bss                                    /usr/lib/gcc/avr/4.8.2/avr4/libgcc.a(_clear_bss.o)
                                                  rc5.o
                                                  lcd.o
                                                  globals.o
                                                  asuro.o
                                                  ../TimerService/timerservice.o
                                                  main.o
__do_copy_data                                    /usr/lib/gcc/avr/4.8.2/avr4/libgcc.a(_copy_data.o)
                                                  version.o
                                                  asuro.o
                                                  main.o
__fixsfsi                                         /usr/lib/gcc/avr/4.8.2/../../../avr/lib/avr4/libm.a(fixsfsi.o)
                                                  main.o
__fixunssfsi                                      /usr/lib/gcc/avr/4.8.2/../../../avr/lib/avr4/libm.a(fixunssfsi.o)
                                                  /usr/lib/gcc/avr/4.8.2/../../../avr/lib/avr4/libm.a(fixsfsi.o)
__floatsisf                                       /usr/lib/gcc/avr/4.8.2/../../../avr/lib/avr4/libm.a(floatsisf.o)
                                                  main.o
__floatunsisf                                     /usr/lib/gcc/avr/4.8.2/../../../avr/lib/avr4/libm.a(floatsisf.o)
__fp_inf                                          /usr/lib/gcc/avr/4.8.2/../../../avr/lib/avr4/libm.a(fp_inf.o)
                                                  /usr/lib/gcc/avr/4.8.2/../../../avr/lib/avr4/libm.a(mulsf3x.o)
                                                  /usr/lib/gcc/avr/4.8.2/../../../avr/lib/avr4/libm.a(addsf3x.o)
__fp_nan                                          /usr/lib/gcc/avr/4.8.2/../../../avr/lib/avr4/libm.a(fp_nan.o)
                                                  /usr/lib/gcc/avr/4.8.2/../../../avr/lib/avr4/libm.a(mulsf3x.o)
                                                  /usr/lib/gcc/avr/4.8.2/../../../avr/lib/avr4/libm.a(addsf3x.o)
__fp_pscA                                         /usr/lib/gcc/avr/4.8.2/../../../avr/lib/avr4/libm.a(fp_pscA.o)
                                                  /usr/lib/gcc/avr/4.8.2/../../../avr/lib/avr4/libm.a(mulsf3x.o)
                                                  /usr/lib/gcc/avr/4.8.2/../../../avr/lib/avr4/libm.a(addsf3x.o)
__fp_pscB                                         /usr/lib/gcc/avr/4.8.2/../../../avr/lib/avr4/libm.a(fp_pscB.o)
                                                  /usr/lib/gcc/avr/4.8.2/../../../avr/lib/avr4/libm.a(mulsf3x.o)
                                                  /usr/lib/gcc/avr/4.8.2/../../../avr/lib/avr4/libm.a(addsf3x.o)
__fp_round                                        /usr/lib/gcc/avr/4.8.2/../../../avr/lib/avr4/libm.a(fp_round.o)
                                                  /usr/lib/gcc/avr/4.8.2/../../../avr/lib/avr4/libm.a(mulsf3.o)
                                                  /usr/lib/gcc/avr/4.8.2/../../../avr/lib/avr4/libm.a(addsf3.o)
__fp_split3                                       /usr/lib/gcc/avr/4.8.2/../../../avr/lib/avr4/libm.a(fp_split3.o)
                                                  /usr/lib/gcc/avr/4.8.2/../../../avr/lib/avr4/libm.a(mulsf3x.o)
                                                  /usr/lib/gcc/avr/4.8.2/../../../avr/lib/avr4/libm.a(addsf3x.o)
__fp_splitA                                       /usr/lib/gcc/avr/4.8.2/../../../avr/lib/avr4/libm.a(fp_split3.o)
                                                  /usr/lib/gcc/avr/4.8.2/../../../avr/lib/avr4/libm.a(fixunssfsi.o)
__fp_szero                                        /usr/lib/gcc/avr/4.8.2/../../../avr/lib/avr4/libm.a(fp_zero.o)
                                                  /usr/lib/gcc/avr/4.8.2/../../../avr/lib/avr4/libm.a(mulsf3x.o)
                                                  /usr/lib/gcc/avr/4.8.2/../../../avr/lib/avr4/libm.a(fixsfsi.o)
__fp_zero                                         /usr/lib/gcc/avr/4.8.2/../../../avr/lib/avr4/libm.a(fp_zero.o)
                                                  /usr/lib/gcc/avr/4.8.2/../../../avr/lib/avr4/libm.a(fixunssfsi.o)
                                                  /usr/lib/gcc/avr/4.8.2/../../../avr/lib/avr4/libm.a(addsf3x.o)
__ftoa_engine                                     /usr/lib/gcc/avr/4.8.2/../../../avr/lib/avr4/libc.a(ftoa_engine.o)
                                                  /usr/lib/gcc/avr/4.8.2/../../../avr/lib/avr4/libc.a(dtoa_prf.o)
__heap_end                                        /usr/lib/gcc/avr/4.8.2/../../../avr/lib/avr4/crtm8.o
__init                                            /usr/lib/gcc/avr/4.8.2/../../../avr/lib/avr4/crtm8.o
__mulsf3                                          /usr/lib/gcc/avr/4.8.2/../../../avr/lib/avr4/libm.a(mulsf3.o)
                                                  main.o
__mulsf3_pse                                      /usr/lib/gcc/avr/4.8.2/../../../avr/lib/avr4/libm.a(mulsf3x.o)
__mulsf3x                                         /usr/lib/gcc/avr/4.8.2/../../../avr/lib/avr4/libm.a(mulsf3x.o)
                                                  /usr/lib/gcc/avr/4.8.2/../../../avr/lib/avr4/libm.a(mulsf3.o)
__muluhisi3                                       /usr/lib/gcc/avr/4.8.2/avr4/libgcc.a(_muluhisi3.o)
                                                  ultrasonic.o
                                                  switches.o
__negsi2                                          /usr/lib/gcc/avr/4.8.2/avr4/libgcc.a(_negsi2.o)
                                                  /usr/lib/gcc/avr/4.8.2/avr4/libgcc.a(_divmodsi4.o)
__stack                                           /usr/lib/gcc/avr/4.8.2/../../../avr/lib/avr4/crtm8.o
__subsf3                                          /usr/lib/gcc/avr/4.8.2/../../../avr/lib/avr4/libm.a(addsf3.o)
                                                  main.o
__udivmodhi4                                      /usr/lib/gcc/avr/4.8.2/avr4/libgcc.a(_udivmodhi4.o)
                                                  /usr/lib/gcc/avr/4.8.2/../../../avr/lib/avr4/libc.a(itoa.o)
                                                  sound.o
                                                  adc.o
                                                  asuro.o
__udivmodsi4                                      /usr/lib/gcc/avr/4.8.2/avr4/libgcc.a(_udivmodsi4.o)
                                                  /usr/lib/gcc/avr/4.8.2/../../../avr/lib/avr4/libc.a(ltoa.o)
                                                  /usr/lib/gcc/avr/4.8.2/avr4/libgcc.a(_divmodsi4.o)
                                                  time.o
                                                  sound.o
                                                  encoder.o
__umulhisi3                                       /usr/lib/gcc/avr/4.8.2/avr4/libgcc.a(_umulhisi3.o)
                                                  /usr/lib/gcc/avr/4.8.2/avr4/libgcc.a(_muluhisi3.o)
                                                  /usr/lib/gcc/avr/4.8.2/avr4/libgcc.a(_usmulhisi3.o)
                                                  ultrasonic.o
                                                  sound.o
__usmulhisi3                                      /usr/lib/gcc/avr/4.8.2/avr4/libgcc.a(_usmulhisi3.o)
                                                  encoder.o
__usmulhisi3_tail                                 /usr/lib/gcc/avr/4.8.2/avr4/libgcc.a(_usmulhisi3.o)
__vector_1                                        /usr/lib/gcc/avr/4.8.2/../../../avr/lib/avr4/crtm8.o
__vector_10                                       /usr/lib/gcc/avr/4.8.2/../../../avr/lib/avr4/crtm8.o
__vector_11                                       /usr/lib/gcc/avr/4.8.2/../../../avr/lib/avr4/crtm8.o
__vector_12                                       /usr/lib/gcc/avr/4.8.2/../../../avr/lib/avr4/crtm8.o
__vector_13                                       /usr/lib/gcc/avr/4.8.2/../../../avr/lib/avr4/crtm8.o
__vector_14                                       asuro.o
                                                  /usr/lib/gcc/avr/4.8.2/../../../avr/lib/avr4/crtm8.o
__vector_15                                       /usr/lib/gcc/avr/4.8.2/../../../avr/lib/avr4/crtm8.o
__vector_16                                       /usr/lib/gcc/avr/4.8.2/../../../avr/lib/avr4/crtm8.o
__vector_17                                       /usr/lib/gcc/avr/4.8.2/../../../avr/lib/avr4/crtm8.o
__vector_18                                       /usr/lib/gcc/avr/4.8.2/../../../avr/lib/avr4/crtm8.o
__vector_2                                        /usr/lib/gcc/avr/4.8.2/../../../avr/lib/avr4/crtm8.o
__vector_3                                        asuro.o
                                                  /usr/lib/gcc/avr/4.8.2/../../../avr/lib/avr4/crtm8.o
__vector_4                                        asuro.o
                                                  /usr/lib/gcc/avr/4.8.2/../../../avr/lib/avr4/crtm8.o
__vector_5                                        /usr/lib/gcc/avr/4.8.2/../../../avr/lib/avr4/crtm8.o
__vector_6                                        /usr/lib/gcc/avr/4.8.2/../../../avr/lib/avr4/crtm8.o
__vector_7                                        /usr/lib/gcc/avr/4.8.2/../../../avr/lib/avr4/crtm8.o
__vector_8                                        /usr/lib/gcc/avr/4.8.2/../../../avr/lib/avr4/crtm8.o
__vector_9                                        ../TimerService/timerservice.o
                                                  /usr/lib/gcc/avr/4.8.2/../../../avr/lib/avr4/crtm8.o
__vector_default                                  /usr/lib/gcc/avr/4.8.2/../../../avr/lib/avr4/crtm8.o
__vectors                                         /usr/lib/gcc/avr/4.8.2/../../../avr/lib/avr4/crtm8.o
_exit                                             /usr/lib/gcc/avr/4.8.2/avr4/libgcc.a(_exit.o)
adcValue                                          adc_low.o
                                                  asuro.o
autoencode                                        ultrasonic.o
                                                  globals.o
                                                  encoder_low.o
                                                  asuro.o
count36kHz                                        ultrasonic.o
                                                  time.o
                                                  rc5.o
                                                  globals.o
                                                  asuro.o
cursorLCD                                         lcd.o
dtoa_prf                                          /usr/lib/gcc/avr/4.8.2/../../../avr/lib/avr4/libc.a(dtoa_prf.o)
                                                  /usr/lib/gcc/avr/4.8.2/../../../avr/lib/avr4/libc.a(dtostrf.o)
dtostrf                                           /usr/lib/gcc/avr/4.8.2/../../../avr/lib/avr4/libc.a(dtostrf.o)
                                                  printf.o
enableRC5                                         rc5.o
encoder                                           globals.o
                                                  encoder_low.o
                                                  encoder.o
                                                  asuro.o
exit                                              /usr/lib/gcc/avr/4.8.2/avr4/libgcc.a(_exit.o)
                                                  /usr/lib/gcc/avr/4.8.2/../../../avr/lib/avr4/crtm8.o
findFreeSlot                                      ../TimerService/timerservice.o
getSpeed                                          main.o
initialized                                       ../TimerService/timerservice.o
itoa                                              /usr/lib/gcc/avr/4.8.2/../../../avr/lib/avr4/libc.a(itoa.o)
                                                  print.o
                                                  lcd.o
lineCorrection                                    main.o
lineLCD                                           lcd.o
ltoa                                              /usr/lib/gcc/avr/4.8.2/../../../avr/lib/avr4/libc.a(ltoa.o)
                                                  print.o
main                                              main.o
                                                  /usr/lib/gcc/avr/4.8.2/../../../avr/lib/avr4/crtm8.o
portLCD                                           lcd.o
strrev                                            /usr/lib/gcc/avr/4.8.2/../../../avr/lib/avr4/libc.a(strrev.o)
                                                  /usr/lib/gcc/avr/4.8.2/../../../avr/lib/avr4/libc.a(ltoa.o)
                                                  /usr/lib/gcc/avr/4.8.2/../../../avr/lib/avr4/libc.a(itoa.o)
switched                                          switches.o
                                                  globals.o
                                                  asuro.o
switches                                          main.o
timebase                                          time.o
                                                  globals.o
                                                  asuro.o
timer0_overflow                                   ../TimerService/timerservice.o
ts_addFunction                                    ../TimerService/timerservice.o
ts_init                                           ../TimerService/timerservice.o
ts_removeFunction                                 ../TimerService/timerservice.o
version                                           version.o
