GAS LISTING /tmp/ccfx4uN4.s 			page 1


   1               		.file	"main.c"
   2               	__SP_H__ = 0x3e
   3               	__SP_L__ = 0x3d
   4               	__SREG__ = 0x3f
   5               	__tmp_reg__ = 0
   6               	__zero_reg__ = 1
   7               		.stabs	"/home/oliver/Dropbox/Dokumente/Studium/F\303\244cher/Praktikum/TI-Basispraktikum/Code/Pyth
   8               		.stabs	"main.c",100,0,2,.Ltext0
   9               		.text
  10               	.Ltext0:
  11               		.stabs	"gcc2_compiled.",60,0,0,0
  12               		.stabs	"int:t(0,1)=r(0,1);-32768;32767;",128,0,0,0
  13               		.stabs	"char:t(0,2)=@s8;r(0,2);0;255;",128,0,0,0
  14               		.stabs	"long int:t(0,3)=@s32;r(0,3);020000000000;017777777777;",128,0,0,0
  15               		.stabs	"unsigned int:t(0,4)=r(0,4);0;0177777;",128,0,0,0
  16               		.stabs	"long unsigned int:t(0,5)=@s32;r(0,5);0;037777777777;",128,0,0,0
  17               		.stabs	"long long int:t(0,6)=@s64;r(0,6);01000000000000000000000;0777777777777777777777;",128,0,0,
  18               		.stabs	"long long unsigned int:t(0,7)=@s64;r(0,7);0;01777777777777777777777;",128,0,0,0
  19               		.stabs	"short int:t(0,8)=r(0,8);-32768;32767;",128,0,0,0
  20               		.stabs	"short unsigned int:t(0,9)=r(0,9);0;0177777;",128,0,0,0
  21               		.stabs	"signed char:t(0,10)=@s8;r(0,10);-128;127;",128,0,0,0
  22               		.stabs	"unsigned char:t(0,11)=@s8;r(0,11);0;255;",128,0,0,0
  23               		.stabs	"float:t(0,12)=r(0,1);4;0;",128,0,0,0
  24               		.stabs	"double:t(0,13)=r(0,1);4;0;",128,0,0,0
  25               		.stabs	"long double:t(0,14)=r(0,1);4;0;",128,0,0,0
  26               		.stabs	"short _Fract:t(0,15)=r(0,1);1;0;",128,0,0,0
  27               		.stabs	"_Fract:t(0,16)=r(0,1);2;0;",128,0,0,0
  28               		.stabs	"long _Fract:t(0,17)=r(0,1);4;0;",128,0,0,0
  29               		.stabs	"long long _Fract:t(0,18)=r(0,1);8;0;",128,0,0,0
  30               		.stabs	"unsigned short _Fract:t(0,19)=r(0,1);1;0;",128,0,0,0
  31               		.stabs	"unsigned _Fract:t(0,20)=r(0,1);2;0;",128,0,0,0
  32               		.stabs	"unsigned long _Fract:t(0,21)=r(0,1);4;0;",128,0,0,0
  33               		.stabs	"unsigned long long _Fract:t(0,22)=r(0,1);8;0;",128,0,0,0
  34               		.stabs	"_Sat short _Fract:t(0,23)=r(0,1);1;0;",128,0,0,0
  35               		.stabs	"_Sat _Fract:t(0,24)=r(0,1);2;0;",128,0,0,0
  36               		.stabs	"_Sat long _Fract:t(0,25)=r(0,1);4;0;",128,0,0,0
  37               		.stabs	"_Sat long long _Fract:t(0,26)=r(0,1);8;0;",128,0,0,0
  38               		.stabs	"_Sat unsigned short _Fract:t(0,27)=r(0,1);1;0;",128,0,0,0
  39               		.stabs	"_Sat unsigned _Fract:t(0,28)=r(0,1);2;0;",128,0,0,0
  40               		.stabs	"_Sat unsigned long _Fract:t(0,29)=r(0,1);4;0;",128,0,0,0
  41               		.stabs	"_Sat unsigned long long _Fract:t(0,30)=r(0,1);8;0;",128,0,0,0
  42               		.stabs	"short _Accum:t(0,31)=r(0,1);2;0;",128,0,0,0
  43               		.stabs	"_Accum:t(0,32)=r(0,1);4;0;",128,0,0,0
  44               		.stabs	"long _Accum:t(0,33)=r(0,1);8;0;",128,0,0,0
  45               		.stabs	"long long _Accum:t(0,34)=r(0,1);8;0;",128,0,0,0
  46               		.stabs	"unsigned short _Accum:t(0,35)=r(0,1);2;0;",128,0,0,0
  47               		.stabs	"unsigned _Accum:t(0,36)=r(0,1);4;0;",128,0,0,0
  48               		.stabs	"unsigned long _Accum:t(0,37)=r(0,1);8;0;",128,0,0,0
  49               		.stabs	"unsigned long long _Accum:t(0,38)=r(0,1);8;0;",128,0,0,0
  50               		.stabs	"_Sat short _Accum:t(0,39)=r(0,1);2;0;",128,0,0,0
  51               		.stabs	"_Sat _Accum:t(0,40)=r(0,1);4;0;",128,0,0,0
  52               		.stabs	"_Sat long _Accum:t(0,41)=r(0,1);8;0;",128,0,0,0
  53               		.stabs	"_Sat long long _Accum:t(0,42)=r(0,1);8;0;",128,0,0,0
  54               		.stabs	"_Sat unsigned short _Accum:t(0,43)=r(0,1);2;0;",128,0,0,0
  55               		.stabs	"_Sat unsigned _Accum:t(0,44)=r(0,1);4;0;",128,0,0,0
  56               		.stabs	"_Sat unsigned long _Accum:t(0,45)=r(0,1);8;0;",128,0,0,0
  57               		.stabs	"_Sat unsigned long long _Accum:t(0,46)=r(0,1);8;0;",128,0,0,0
GAS LISTING /tmp/ccfx4uN4.s 			page 2


  58               		.stabs	"void:t(0,47)=(0,47)",128,0,0,0
  59               		.stabs	"../../AsuroLib/lib/inc/asuro.h",130,0,0,0
  60               		.stabs	"/usr/lib/avr/include/avr/io.h",130,0,0,0
  61               		.stabs	"/usr/lib/avr/include/avr/sfr_defs.h",130,0,0,0
  62               		.stabs	"/usr/lib/avr/include/inttypes.h",130,0,0,0
  63               		.stabs	"/usr/lib/gcc/avr/4.8.2/include/stdint.h",130,0,0,0
  64               		.stabs	"/usr/lib/avr/include/stdint.h",130,0,0,0
  65               		.stabs	"int8_t:t(6,1)=(0,10)",128,0,121,0
  66               		.stabs	"uint8_t:t(6,2)=(0,11)",128,0,122,0
  67               		.stabs	"int16_t:t(6,3)=(0,1)",128,0,123,0
  68               		.stabs	"uint16_t:t(6,4)=(0,4)",128,0,124,0
  69               		.stabs	"int32_t:t(6,5)=(0,3)",128,0,125,0
  70               		.stabs	"uint32_t:t(6,6)=(0,5)",128,0,126,0
  71               		.stabs	"int64_t:t(6,7)=(0,6)",128,0,128,0
  72               		.stabs	"uint64_t:t(6,8)=(0,7)",128,0,129,0
  73               		.stabs	"intptr_t:t(6,9)=(6,3)",128,0,142,0
  74               		.stabs	"uintptr_t:t(6,10)=(6,4)",128,0,147,0
  75               		.stabs	"int_least8_t:t(6,11)=(6,1)",128,0,159,0
  76               		.stabs	"uint_least8_t:t(6,12)=(6,2)",128,0,164,0
  77               		.stabs	"int_least16_t:t(6,13)=(6,3)",128,0,169,0
  78               		.stabs	"uint_least16_t:t(6,14)=(6,4)",128,0,174,0
  79               		.stabs	"int_least32_t:t(6,15)=(6,5)",128,0,179,0
  80               		.stabs	"uint_least32_t:t(6,16)=(6,6)",128,0,184,0
  81               		.stabs	"int_least64_t:t(6,17)=(6,7)",128,0,192,0
  82               		.stabs	"uint_least64_t:t(6,18)=(6,8)",128,0,199,0
  83               		.stabs	"int_fast8_t:t(6,19)=(6,1)",128,0,213,0
  84               		.stabs	"uint_fast8_t:t(6,20)=(6,2)",128,0,218,0
  85               		.stabs	"int_fast16_t:t(6,21)=(6,3)",128,0,223,0
  86               		.stabs	"uint_fast16_t:t(6,22)=(6,4)",128,0,228,0
  87               		.stabs	"int_fast32_t:t(6,23)=(6,5)",128,0,233,0
  88               		.stabs	"uint_fast32_t:t(6,24)=(6,6)",128,0,238,0
  89               		.stabs	"int_fast64_t:t(6,25)=(6,7)",128,0,246,0
  90               		.stabs	"uint_fast64_t:t(6,26)=(6,8)",128,0,253,0
  91               		.stabs	"intmax_t:t(6,27)=(6,7)",128,0,273,0
  92               		.stabs	"uintmax_t:t(6,28)=(6,8)",128,0,278,0
  93               		.stabn	162,0,0,0
  94               		.stabn	162,0,0,0
  95               		.stabs	"int_farptr_t:t(4,1)=(6,5)",128,0,77,0
  96               		.stabs	"uint_farptr_t:t(4,2)=(6,6)",128,0,81,0
  97               		.stabn	162,0,0,0
  98               		.stabn	162,0,0,0
  99               		.stabs	"/usr/lib/avr/include/avr/fuse.h",130,0,0,0
 100               		.stabs	"__fuse_t:t(7,1)=(7,2)=s2low:(0,11),0,8;high:(0,11),8,8;;",128,0,252,0
 101               		.stabn	162,0,0,0
 102               		.stabn	162,0,0,0
 103               		.stabs	"/usr/lib/avr/include/avr/pgmspace.h",130,0,0,0
 104               		.stabs	"/usr/lib/gcc/avr/4.8.2/include/stddef.h",130,0,0,0
 105               		.stabs	"size_t:t(9,1)=(0,4)",128,0,212,0
 106               		.stabn	162,0,0,0
 107               		.stabn	162,0,0,0
 108               		.stabs	"/usr/lib/avr/include/stdlib.h",130,0,0,0
 109               		.stabs	"/usr/lib/gcc/avr/4.8.2/include/stddef.h",130,0,0,0
 110               		.stabs	"wchar_t:t(11,1)=(0,1)",128,0,324,0
 111               		.stabn	162,0,0,0
 112               		.stabs	"div_t:t(10,1)=(10,2)=s4quot:(0,1),0,16;rem:(0,1),16,16;;",128,0,71,0
 113               		.stabs	"ldiv_t:t(10,3)=(10,4)=s8quot:(0,3),0,32;rem:(0,3),32,32;;",128,0,77,0
 114               		.stabs	"__compar_fn_t:t(10,5)=(10,6)=*(10,7)=f(0,1)",128,0,80,0
GAS LISTING /tmp/ccfx4uN4.s 			page 3


 115               		.stabn	162,0,0,0
 116               		.stabs	"voidFuncPtr:t(1,1)=(1,2)=*(1,3)=f(0,47)",128,0,343,0
 117               		.stabn	162,0,0,0
 118               		.stabs	"../TimerService/timerservice.h",130,0,0,0
 119               		.stabs	"func_struct:t(12,1)=(12,2)=s6fp:(1,2),0,16;interval:(0,1),16,16;counter:(0,1),32,16;;",128
 120               		.stabn	162,0,0,0
 121               	.global	__floatsisf
 122               	.global	__mulsf3
 123               	.global	__subsf3
 124               	.global	__addsf3
 125               	.global	__fixsfsi
 126               		.section	.text.lineCorrection,"ax",@progbits
 127               		.stabs	"lineCorrection:F(0,1)",36,0,18,lineCorrection
 128               		.stabs	"ldata:P(0,1)",64,0,18,24
 129               	.global	lineCorrection
 130               		.type	lineCorrection, @function
 131               	lineCorrection:
 132               		.stabd	46,0,0
   1:main.c        **** /***************************************************************************
   2:main.c        ****  *                                                                         *
   3:main.c        ****  *   This program is free software; you can redistribute it and/or modify  *
   4:main.c        ****  *   it under the terms of the GNU General Public License as published by  *
   5:main.c        ****  *   the Free Software Foundation; either version 2 of the License, or     *
   6:main.c        ****  *   any later version.                                                    *
   7:main.c        ****  ***************************************************************************/
   8:main.c        **** 
   9:main.c        **** #include "asuro.h"
  10:main.c        **** #include "timerservice.h"
  11:main.c        **** 
  12:main.c        **** #define FAULT 250
  13:main.c        **** #define MAX_SPEED 120
  14:main.c        **** #define MIN_SPEED 40
  15:main.c        **** 
  16:main.c        **** unsigned int switches;
  17:main.c        **** 
  18:main.c        **** inline int lineCorrection(int ldata)
  19:main.c        **** {
 133               		.stabn	68,0,19,.LM0-.LFBB1
 134               	.LM0:
 135               	.LFBB1:
 136 0000 4F92      		push r4
 137 0002 5F92      		push r5
 138 0004 6F92      		push r6
 139 0006 7F92      		push r7
 140 0008 8F92      		push r8
 141 000a 9F92      		push r9
 142 000c AF92      		push r10
 143 000e BF92      		push r11
 144 0010 CF92      		push r12
 145 0012 DF92      		push r13
 146 0014 EF92      		push r14
 147 0016 FF92      		push r15
 148               	/* prologue: function */
 149               	/* frame size = 0 */
 150               	/* stack size = 12 */
 151               	.L__stack_usage = 12
  20:main.c        **** 	// only use for right line data (in my case)
GAS LISTING /tmp/ccfx4uN4.s 			page 4


  21:main.c        **** 	float x = ldata / 1024.0;
 152               		.stabn	68,0,21,.LM1-.LFBB1
 153               	.LM1:
 154 0018 BC01      		movw r22,r24
 155 001a 8827      		clr r24
 156 001c 77FD      		sbrc r23,7
 157 001e 8095      		com r24
 158 0020 982F      		mov r25,r24
 159 0022 00D0      		rcall __floatsisf
 160 0024 6B01      		movw r12,r22
 161 0026 7C01      		movw r14,r24
 162 0028 20E0      		ldi r18,0
 163 002a 30E0      		ldi r19,0
 164 002c 40E8      		ldi r20,lo8(-128)
 165 002e 5AE3      		ldi r21,lo8(58)
 166 0030 00D0      		rcall __mulsf3
 167 0032 4B01      		movw r8,r22
 168 0034 5C01      		movw r10,r24
  22:main.c        **** 	return ldata + FAULT * 4 * x * (x - 1);
 169               		.stabn	68,0,22,.LM2-.LFBB1
 170               	.LM2:
 171 0036 20E0      		ldi r18,0
 172 0038 30E0      		ldi r19,0
 173 003a 4AE7      		ldi r20,lo8(122)
 174 003c 54E4      		ldi r21,lo8(68)
 175 003e 00D0      		rcall __mulsf3
 176 0040 2B01      		movw r4,r22
 177 0042 3C01      		movw r6,r24
 178 0044 20E0      		ldi r18,0
 179 0046 30E0      		ldi r19,0
 180 0048 40E8      		ldi r20,lo8(-128)
 181 004a 5FE3      		ldi r21,lo8(63)
 182 004c C501      		movw r24,r10
 183 004e B401      		movw r22,r8
 184 0050 00D0      		rcall __subsf3
 185 0052 9B01      		movw r18,r22
 186 0054 AC01      		movw r20,r24
 187 0056 C301      		movw r24,r6
 188 0058 B201      		movw r22,r4
 189 005a 00D0      		rcall __mulsf3
 190 005c 9B01      		movw r18,r22
 191 005e AC01      		movw r20,r24
 192 0060 C701      		movw r24,r14
 193 0062 B601      		movw r22,r12
 194 0064 00D0      		rcall __addsf3
 195 0066 00D0      		rcall __fixsfsi
  23:main.c        **** }
 196               		.stabn	68,0,23,.LM3-.LFBB1
 197               	.LM3:
 198 0068 CB01      		movw r24,r22
 199               	/* epilogue start */
 200 006a FF90      		pop r15
 201 006c EF90      		pop r14
 202 006e DF90      		pop r13
 203 0070 CF90      		pop r12
 204 0072 BF90      		pop r11
 205 0074 AF90      		pop r10
GAS LISTING /tmp/ccfx4uN4.s 			page 5


 206 0076 9F90      		pop r9
 207 0078 8F90      		pop r8
 208 007a 7F90      		pop r7
 209 007c 6F90      		pop r6
 210 007e 5F90      		pop r5
 211 0080 4F90      		pop r4
 212 0082 0895      		ret
 213               		.size	lineCorrection, .-lineCorrection
 214               	.Lscope1:
 215               		.stabs	"",36,0,0,.Lscope1-.LFBB1
 216               		.stabd	78,0,0
 217               		.section	.text.getSpeed,"ax",@progbits
 218               		.stabs	"getSpeed:F(0,1)",36,0,25,getSpeed
 219               		.stabs	"light:P(0,1)",64,0,25,24
 220               	.global	getSpeed
 221               		.type	getSpeed, @function
 222               	getSpeed:
 223               		.stabd	46,0,0
  24:main.c        **** 
  25:main.c        **** inline int getSpeed(int light)
  26:main.c        **** {
 224               		.stabn	68,0,26,.LM4-.LFBB2
 225               	.LM4:
 226               	.LFBB2:
 227               	/* prologue: function */
 228               	/* frame size = 0 */
 229               	/* stack size = 0 */
 230               	.L__stack_usage = 0
  27:main.c        **** 	float x = light / 1024.0;
  28:main.c        **** 	x = 1-x;
  29:main.c        **** 	//return MIN_SPEED + (MAX_SPEED - MIN_SPEED)*x*x;
  30:main.c        **** 	return light;
  31:main.c        **** }
 231               		.stabn	68,0,31,.LM5-.LFBB2
 232               	.LM5:
 233 0000 0895      		ret
 234               		.size	getSpeed, .-getSpeed
 235               	.Lscope2:
 236               		.stabs	"",36,0,0,.Lscope2-.LFBB2
 237               		.stabd	78,0,0
 238               		.section	.rodata.str1.1,"aMS",@progbits,1
 239               	.LC0:
 240 0000 612C 00   		.string	"a,"
 241               	.LC1:
 242 0003 2C00      		.string	","
 243               	.LC2:
 244 0005 0A00      		.string	"\n"
 245               		.section	.text.startup.main,"ax",@progbits
 246               		.stabs	"main:F(0,1)",36,0,33,main
 247               	.global	main
 248               		.type	main, @function
 249               	main:
 250               		.stabd	46,0,0
  32:main.c        **** 
  33:main.c        **** int main(void)
  34:main.c        **** {
 251               		.stabn	68,0,34,.LM6-.LFBB3
GAS LISTING /tmp/ccfx4uN4.s 			page 6


 252               	.LM6:
 253               	.LFBB3:
 254 0000 CF93      		push r28
 255 0002 DF93      		push r29
 256 0004 00D0      		rcall .
 257 0006 00D0      		rcall .
 258 0008 CDB7      		in r28,__SP_L__
 259 000a DEB7      		in r29,__SP_H__
 260               	/* prologue: function */
 261               	/* frame size = 4 */
 262               	/* stack size = 6 */
 263               	.L__stack_usage = 6
  35:main.c        **** 	Init();
 264               		.stabn	68,0,35,.LM7-.LFBB3
 265               	.LM7:
 266 000c 00D0      		rcall Init
  36:main.c        **** 
  37:main.c        **** 	unsigned int linData[2];
  38:main.c        **** 	FrontLED(ON);
 267               		.stabn	68,0,38,.LM8-.LFBB3
 268               	.LM8:
 269 000e 81E0      		ldi r24,lo8(1)
 270 0010 00D0      		rcall FrontLED
 271               	.L4:
 272               	.LBB2:
  39:main.c        **** 	while (1)
  40:main.c        **** 	{
  41:main.c        **** 		unsigned short SerDelay = 2;
  42:main.c        **** 		LineData(linData);
 273               		.stabn	68,0,42,.LM9-.LFBB3
 274               	.LM9:
 275 0012 CE01      		movw r24,r28
 276 0014 0196      		adiw r24,1
 277 0016 00D0      		rcall LineData
  43:main.c        **** 		SerPrint("a,");
 278               		.stabn	68,0,43,.LM10-.LFBB3
 279               	.LM10:
 280 0018 80E0      		ldi r24,lo8(.LC0)
 281 001a 90E0      		ldi r25,hi8(.LC0)
 282 001c 00D0      		rcall SerPrint
  44:main.c        **** 		Msleep(SerDelay);
 283               		.stabn	68,0,44,.LM11-.LFBB3
 284               	.LM11:
 285 001e 82E0      		ldi r24,lo8(2)
 286 0020 90E0      		ldi r25,0
 287 0022 00D0      		rcall Msleep
  45:main.c        **** 		PrintInt(linData[LEFT]);
 288               		.stabn	68,0,45,.LM12-.LFBB3
 289               	.LM12:
 290 0024 8981      		ldd r24,Y+1
 291 0026 9A81      		ldd r25,Y+2
 292 0028 00D0      		rcall PrintInt
  46:main.c        **** 		Msleep(SerDelay);
 293               		.stabn	68,0,46,.LM13-.LFBB3
 294               	.LM13:
 295 002a 82E0      		ldi r24,lo8(2)
 296 002c 90E0      		ldi r25,0
GAS LISTING /tmp/ccfx4uN4.s 			page 7


 297 002e 00D0      		rcall Msleep
  47:main.c        **** 		SerPrint(",");
 298               		.stabn	68,0,47,.LM14-.LFBB3
 299               	.LM14:
 300 0030 80E0      		ldi r24,lo8(.LC1)
 301 0032 90E0      		ldi r25,hi8(.LC1)
 302 0034 00D0      		rcall SerPrint
  48:main.c        **** 		Msleep(SerDelay);
 303               		.stabn	68,0,48,.LM15-.LFBB3
 304               	.LM15:
 305 0036 82E0      		ldi r24,lo8(2)
 306 0038 90E0      		ldi r25,0
 307 003a 00D0      		rcall Msleep
  49:main.c        **** 		PrintInt(lineCorrection(linData[RIGHT]));
 308               		.stabn	68,0,49,.LM16-.LFBB3
 309               	.LM16:
 310 003c 8B81      		ldd r24,Y+3
 311 003e 9C81      		ldd r25,Y+4
 312 0040 00D0      		rcall lineCorrection
 313 0042 00D0      		rcall PrintInt
  50:main.c        **** 		Msleep(SerDelay);
 314               		.stabn	68,0,50,.LM17-.LFBB3
 315               	.LM17:
 316 0044 82E0      		ldi r24,lo8(2)
 317 0046 90E0      		ldi r25,0
 318 0048 00D0      		rcall Msleep
  51:main.c        **** 		SerPrint("\n");
 319               		.stabn	68,0,51,.LM18-.LFBB3
 320               	.LM18:
 321 004a 80E0      		ldi r24,lo8(.LC2)
 322 004c 90E0      		ldi r25,hi8(.LC2)
 323 004e 00D0      		rcall SerPrint
 324 0050 00C0      		rjmp .L4
 325               	.LBE2:
 326               		.size	main, .-main
 327               		.stabs	"linData:(0,48)=ar(0,49)=r(0,49);0;0177777;;0;1;(0,4)",128,0,37,1
 328               		.stabn	192,0,0,.LFBB3-.LFBB3
 329               		.stabn	224,0,0,.Lscope3-.LFBB3
 330               	.Lscope3:
 331               		.stabs	"",36,0,0,.Lscope3-.LFBB3
 332               		.stabd	78,0,0
 333               		.comm	switches,2,1
 334               		.stabs	"switches:G(0,4)",32,0,16,0
 335               		.text
 336               		.stabs	"",100,0,0,.Letext0
 337               	.Letext0:
 338               		.ident	"GCC: (GNU) 4.8.2"
 339               	.global __do_copy_data
 340               	.global __do_clear_bss
GAS LISTING /tmp/ccfx4uN4.s 			page 8


DEFINED SYMBOLS
                            *ABS*:0000000000000000 main.c
     /tmp/ccfx4uN4.s:2      *ABS*:000000000000003e __SP_H__
     /tmp/ccfx4uN4.s:3      *ABS*:000000000000003d __SP_L__
     /tmp/ccfx4uN4.s:4      *ABS*:000000000000003f __SREG__
     /tmp/ccfx4uN4.s:5      *ABS*:0000000000000000 __tmp_reg__
     /tmp/ccfx4uN4.s:6      *ABS*:0000000000000001 __zero_reg__
     /tmp/ccfx4uN4.s:131    .text.lineCorrection:0000000000000000 lineCorrection
     /tmp/ccfx4uN4.s:222    .text.getSpeed:0000000000000000 getSpeed
     /tmp/ccfx4uN4.s:249    .text.startup.main:0000000000000000 main
                            *COM*:0000000000000002 switches

UNDEFINED SYMBOLS
__floatsisf
__mulsf3
__subsf3
__addsf3
__fixsfsi
Init
FrontLED
LineData
SerPrint
Msleep
PrintInt
__do_copy_data
__do_clear_bss
