   1               		.file	"main.c"
   2               	__SP_H__ = 0x3e
   3               	__SP_L__ = 0x3d
   4               	__SREG__ = 0x3f
   5               	__tmp_reg__ = 0
   6               	__zero_reg__ = 1
   7               		.text
   8               	.Ltext0:
   9               		.cfi_sections	.debug_frame
  10               		.section	.text.stopAsuro,"ax",@progbits
  11               	.global	stopAsuro
  13               	stopAsuro:
  14               	.LFB3:
  15               		.file 1 "helpers.h"
   1:helpers.h     **** #include <stdio.h>
   2:helpers.h     **** 
   3:helpers.h     **** void stopAsuro(int pause) 
   4:helpers.h     **** {
  16               		.loc 1 4 0
  17               		.cfi_startproc
  18               	.LVL0:
  19 0000 CF93      		push r28	 ;  45	pushqi1/1	[length = 1]
  20               	.LCFI0:
  21               		.cfi_def_cfa_offset 3
  22               		.cfi_offset 28, -2
  23 0002 DF93      		push r29	 ;  46	pushqi1/1	[length = 1]
  24               	.LCFI1:
  25               		.cfi_def_cfa_offset 4
  26               		.cfi_offset 29, -3
  27               	/* prologue: function */
  28               	/* frame size = 0 */
  29               	/* stack size = 2 */
  30               	.L__stack_usage = 2
  31 0004 EC01      		movw r28,r24	 ;  2	*movhi/1	[length = 1]
   5:helpers.h     **** 	MotorSpeed(0, 0);
  32               		.loc 1 5 0
  33 0006 60E0      		ldi r22,0	 ;  6	movqi_insn/1	[length = 1]
  34 0008 80E0      		ldi r24,0	 ;  7	movqi_insn/1	[length = 1]
  35               	.LVL1:
  36 000a 00D0      		rcall MotorSpeed	 ;  8	call_insn/2	[length = 1]
  37               	.LVL2:
   6:helpers.h     **** 	if (pause > 0)
  38               		.loc 1 6 0
  39 000c 1C16      		cp __zero_reg__,r28	 ;  9	*reversed_tsthi	[length = 2]
  40 000e 1D06      		cpc __zero_reg__,r29
  41 0010 04F4      		brge .L1	 ;  10	branch	[length = 1]
  42               	.LVL3:
  43               	.L4:
  44               	.LBB16:
  45               	.LBB17:
  46               		.file 2 "../../libtinyasuro/inc/asuro/time.h"
   1:../../libtinyasuro/inc/asuro/time.h **** /**
   2:../../libtinyasuro/inc/asuro/time.h ****  * @file
   3:../../libtinyasuro/inc/asuro/time.h ****  *
   4:../../libtinyasuro/inc/asuro/time.h ****  * \if de
   5:../../libtinyasuro/inc/asuro/time.h ****  * Definiert die Schnittstelle für die Verwendung des Timer2 als gemeinsame
   6:../../libtinyasuro/inc/asuro/time.h ****  * Zeitbasis und Taktquelle.
   7:../../libtinyasuro/inc/asuro/time.h ****  *
   8:../../libtinyasuro/inc/asuro/time.h ****  * Es werden Funktionen definiert, die es ermöglichen, den Prozessor für einen
   9:../../libtinyasuro/inc/asuro/time.h ****  * definierten Zeitraum oder bis zum nächsten Interrupt in den Idle-Mode zu
  10:../../libtinyasuro/inc/asuro/time.h ****  * versetzen (unter Verwendung der Funktionalität aus avr/sleep.h).
  11:../../libtinyasuro/inc/asuro/time.h ****  *
  12:../../libtinyasuro/inc/asuro/time.h ****  * Außerdem wird die Möglichkeit geboten, die Taktausgabe für die
  13:../../libtinyasuro/inc/asuro/time.h ****  * IR-Schnittstelle ein- und auszuschalten.
  14:../../libtinyasuro/inc/asuro/time.h ****  *
  15:../../libtinyasuro/inc/asuro/time.h ****  * Zusätzlich besteht die Möglichkeit, eine eigene Funktion in der mit 36kHz
  16:../../libtinyasuro/inc/asuro/time.h ****  * aufgerufenen Timer2-ISR auszuführen, sofern diese Option in hooks.h aktiviert
  17:../../libtinyasuro/inc/asuro/time.h ****  * ist.
  18:../../libtinyasuro/inc/asuro/time.h ****  *
  19:../../libtinyasuro/inc/asuro/time.h ****  * @par Wichtiger Hinweis:
  20:../../libtinyasuro/inc/asuro/time.h ****  *      Für eine korrekte Funktion des Moduls müssen Interrupts global
  21:../../libtinyasuro/inc/asuro/time.h ****  *      freigeschaltet sein, Ausnahmen sind für kurze Zeitspannen zulässig,
  22:../../libtinyasuro/inc/asuro/time.h ****  *      können aber die Genauigkeit negativ beeinflussen.
  23:../../libtinyasuro/inc/asuro/time.h ****  *
  24:../../libtinyasuro/inc/asuro/time.h ****  * @par Initialisierung:
  25:../../libtinyasuro/inc/asuro/time.h ****  *      Vor der Verwendung des Moduls muss Timer2Init() aufgerufen werden, zudem
  26:../../libtinyasuro/inc/asuro/time.h ****  *      wird eine globale Interruptfreigabe benötigt.
  27:../../libtinyasuro/inc/asuro/time.h ****  *
  28:../../libtinyasuro/inc/asuro/time.h ****  * @par Genutzte Hardwareressourcen:
  29:../../libtinyasuro/inc/asuro/time.h ****  *      Module:
  30:../../libtinyasuro/inc/asuro/time.h ****  *      @li Timer2
  31:../../libtinyasuro/inc/asuro/time.h ****  *
  32:../../libtinyasuro/inc/asuro/time.h ****  *      Interruptvektoren:
  33:../../libtinyasuro/inc/asuro/time.h ****  *      @li TIMER2_OVF
  34:../../libtinyasuro/inc/asuro/time.h ****  *
  35:../../libtinyasuro/inc/asuro/time.h ****  *      I/O:
  36:../../libtinyasuro/inc/asuro/time.h ****  *      @li Port B: Pin 3 (36kHz-Träger der IR-Schnittstelle)
  37:../../libtinyasuro/inc/asuro/time.h ****  * \endif
  38:../../libtinyasuro/inc/asuro/time.h ****  *
  39:../../libtinyasuro/inc/asuro/time.h ****  * \if en
  40:../../libtinyasuro/inc/asuro/time.h ****  * Interface definitions to use timer2 as common clock source and time
  41:../../libtinyasuro/inc/asuro/time.h ****  * reference.
  42:../../libtinyasuro/inc/asuro/time.h ****  *
  43:../../libtinyasuro/inc/asuro/time.h ****  * This interface defines functions to put the microcontroller into idle mode
  44:../../libtinyasuro/inc/asuro/time.h ****  * for either a defined timespan or until the next interrupt occurs. The
  45:../../libtinyasuro/inc/asuro/time.h ****  * functionality in avr/sleep.h is used for this purpose.
  46:../../libtinyasuro/inc/asuro/time.h ****  *
  47:../../libtinyasuro/inc/asuro/time.h ****  * The carrier clock for the IR communications interface can be controlled
  48:../../libtinyasuro/inc/asuro/time.h ****  * using this interface.
  49:../../libtinyasuro/inc/asuro/time.h ****  *
  50:../../libtinyasuro/inc/asuro/time.h ****  * Timer2 is operating with a frequency of 36kHz, custom code can be executed
  51:../../libtinyasuro/inc/asuro/time.h ****  * by an ISR of timer2 if this feature is enabled in hooks.h.
  52:../../libtinyasuro/inc/asuro/time.h ****  *
  53:../../libtinyasuro/inc/asuro/time.h ****  * @par Important:
  54:../../libtinyasuro/inc/asuro/time.h ****  *      This module requires interrupts to be enabled globally. Short term
  55:../../libtinyasuro/inc/asuro/time.h ****  *      exceptions may be permittable but can have a negative effect on the
  56:../../libtinyasuro/inc/asuro/time.h ****  *      accuracy of the provided clock.
  57:../../libtinyasuro/inc/asuro/time.h ****  *
  58:../../libtinyasuro/inc/asuro/time.h ****  * @par Initialization:
  59:../../libtinyasuro/inc/asuro/time.h ****  *      Timer2Init() must be called before using this module. Interrupts must be
  60:../../libtinyasuro/inc/asuro/time.h ****  *      enabled globally.
  61:../../libtinyasuro/inc/asuro/time.h ****  *
  62:../../libtinyasuro/inc/asuro/time.h ****  * @par Hardware resources in use:
  63:../../libtinyasuro/inc/asuro/time.h ****  *      Components:
  64:../../libtinyasuro/inc/asuro/time.h ****  *      @li Timer2
  65:../../libtinyasuro/inc/asuro/time.h ****  *
  66:../../libtinyasuro/inc/asuro/time.h ****  *      Interrupt vectors:
  67:../../libtinyasuro/inc/asuro/time.h ****  *      @li TIMER2_OVF
  68:../../libtinyasuro/inc/asuro/time.h ****  *
  69:../../libtinyasuro/inc/asuro/time.h ****  *      I/O:
  70:../../libtinyasuro/inc/asuro/time.h ****  *      @li Port B: Pin 3 (36kHz carrier signal for IR communications)
  71:../../libtinyasuro/inc/asuro/time.h ****  * \endif
  72:../../libtinyasuro/inc/asuro/time.h ****  *
  73:../../libtinyasuro/inc/asuro/time.h ****  * @see hooks.h
  74:../../libtinyasuro/inc/asuro/time.h ****  *
  75:../../libtinyasuro/inc/asuro/time.h ****  * @author Markus Jung
  76:../../libtinyasuro/inc/asuro/time.h ****  *
  77:../../libtinyasuro/inc/asuro/time.h ****  * @version 23.05.2010 \n
  78:../../libtinyasuro/inc/asuro/time.h ****  *  Schnittstellendefinition entsprechend asuro.h
  79:../../libtinyasuro/inc/asuro/time.h ****  * @version 28.05.2010 \n
  80:../../libtinyasuro/inc/asuro/time.h ****  *  Zählervariable zugänglich gemacht
  81:../../libtinyasuro/inc/asuro/time.h ****  * @version 02.06.2010 \n
  82:../../libtinyasuro/inc/asuro/time.h ****  *  sleepUntilInterrupt implementiert
  83:../../libtinyasuro/inc/asuro/time.h ****  * @version 15.06.2010 \n
  84:../../libtinyasuro/inc/asuro/time.h ****  *  Doku
  85:../../libtinyasuro/inc/asuro/time.h ****  * @version 26.06.2010 \n
  86:../../libtinyasuro/inc/asuro/time.h ****  *  Alias-Makros für sleep, msleep und sleepUntilInterrupt hinzugefügt
  87:../../libtinyasuro/inc/asuro/time.h ****  *  (zwecks konsistentem Namensschema)
  88:../../libtinyasuro/inc/asuro/time.h ****  * @version 16.08.2010 \n
  89:../../libtinyasuro/inc/asuro/time.h ****  *  + Hook für Timer2ISR
  90:../../libtinyasuro/inc/asuro/time.h ****  * @version 13.09.2013 \n
  91:../../libtinyasuro/inc/asuro/time.h ****  *  English documentation
  92:../../libtinyasuro/inc/asuro/time.h ****  * @version 29.10.2013 \n
  93:../../libtinyasuro/inc/asuro/time.h ****  *  Document interrupt safety issues of TIMER2_CLOCK_OUT_ENABLE() and
  94:../../libtinyasuro/inc/asuro/time.h ****  *  TIMER2_CLOCK_OUT_DISABLE()
  95:../../libtinyasuro/inc/asuro/time.h ****  */
  96:../../libtinyasuro/inc/asuro/time.h **** /*
  97:../../libtinyasuro/inc/asuro/time.h ****  * The contents of this file are subject to the terms of the Common Development
  98:../../libtinyasuro/inc/asuro/time.h ****  * and Distribution License Version 1.0 (the License).
  99:../../libtinyasuro/inc/asuro/time.h ****  * You may not use this file except in compliance with the License.
 100:../../libtinyasuro/inc/asuro/time.h ****  *
 101:../../libtinyasuro/inc/asuro/time.h ****  * If not included, you can obtain a copy of the License at
 102:../../libtinyasuro/inc/asuro/time.h ****  * http://www.sun.com/cddl/cddl.html
 103:../../libtinyasuro/inc/asuro/time.h ****  *
 104:../../libtinyasuro/inc/asuro/time.h ****  * When distributing Covered Code, include this CDDL Header Notice in each file
 105:../../libtinyasuro/inc/asuro/time.h ****  * and include the provided License file.
 106:../../libtinyasuro/inc/asuro/time.h ****  */
 107:../../libtinyasuro/inc/asuro/time.h **** 
 108:../../libtinyasuro/inc/asuro/time.h **** #ifndef TIME_H_
 109:../../libtinyasuro/inc/asuro/time.h **** #define TIME_H_
 110:../../libtinyasuro/inc/asuro/time.h **** 
 111:../../libtinyasuro/inc/asuro/time.h **** #include <stdbool.h>
 112:../../libtinyasuro/inc/asuro/time.h **** #include <stdint.h>
 113:../../libtinyasuro/inc/asuro/time.h **** #include "hooks.h"
 114:../../libtinyasuro/inc/asuro/time.h **** #include "../util/misc.h"
 115:../../libtinyasuro/inc/asuro/time.h **** 
 116:../../libtinyasuro/inc/asuro/time.h **** #ifdef __DOXYGEN__
 117:../../libtinyasuro/inc/asuro/time.h **** /** \if de
 118:../../libtinyasuro/inc/asuro/time.h ****  * Alias-Makro für sleep().
 119:../../libtinyasuro/inc/asuro/time.h ****  * \endif
 120:../../libtinyasuro/inc/asuro/time.h ****  *
 121:../../libtinyasuro/inc/asuro/time.h ****  * \if en
 122:../../libtinyasuro/inc/asuro/time.h ****  * Alias macro for sleep().
 123:../../libtinyasuro/inc/asuro/time.h ****  * \endif
 124:../../libtinyasuro/inc/asuro/time.h ****  */
 125:../../libtinyasuro/inc/asuro/time.h **** #define Sleep
 126:../../libtinyasuro/inc/asuro/time.h **** /** \if de
 127:../../libtinyasuro/inc/asuro/time.h ****  * Alias-Makro für msleep().
 128:../../libtinyasuro/inc/asuro/time.h ****  * \endif
 129:../../libtinyasuro/inc/asuro/time.h ****  *
 130:../../libtinyasuro/inc/asuro/time.h ****  * \if en
 131:../../libtinyasuro/inc/asuro/time.h ****  * Alias macro for msleep().
 132:../../libtinyasuro/inc/asuro/time.h ****  * \endif
 133:../../libtinyasuro/inc/asuro/time.h ****  */
 134:../../libtinyasuro/inc/asuro/time.h **** #define Msleep
 135:../../libtinyasuro/inc/asuro/time.h **** /** \if de
 136:../../libtinyasuro/inc/asuro/time.h ****  * Alias-Makro für sleepUntilInterrupt().
 137:../../libtinyasuro/inc/asuro/time.h ****  * \endif
 138:../../libtinyasuro/inc/asuro/time.h ****  *
 139:../../libtinyasuro/inc/asuro/time.h ****  * \if en
 140:../../libtinyasuro/inc/asuro/time.h ****  * Alias macro for sleepUntilInterrupt().
 141:../../libtinyasuro/inc/asuro/time.h ****  * \endif
 142:../../libtinyasuro/inc/asuro/time.h ****  */
 143:../../libtinyasuro/inc/asuro/time.h **** #define SleepUntilInterrupt
 144:../../libtinyasuro/inc/asuro/time.h **** #else
 145:../../libtinyasuro/inc/asuro/time.h **** #define Sleep               sleep
 146:../../libtinyasuro/inc/asuro/time.h **** #define Msleep              msleep
 147:../../libtinyasuro/inc/asuro/time.h **** #define SleepUntilInterrupt sleepUntilInterrupt
 148:../../libtinyasuro/inc/asuro/time.h **** #endif
 149:../../libtinyasuro/inc/asuro/time.h **** 
 150:../../libtinyasuro/inc/asuro/time.h **** /**
 151:../../libtinyasuro/inc/asuro/time.h ****  * \if de
 152:../../libtinyasuro/inc/asuro/time.h ****  * Eine Zählvariable die im 36kHz-Takt (um eins) inkrementiert wird.
 153:../../libtinyasuro/inc/asuro/time.h ****  * \endif
 154:../../libtinyasuro/inc/asuro/time.h ****  *
 155:../../libtinyasuro/inc/asuro/time.h ****  * \if en
 156:../../libtinyasuro/inc/asuro/time.h ****  * A counting variable incremented from the 36kHz clock.
 157:../../libtinyasuro/inc/asuro/time.h ****  * \endif
 158:../../libtinyasuro/inc/asuro/time.h ****  */
 159:../../libtinyasuro/inc/asuro/time.h **** extern volatile uint8_t tick36kHz; // counts from 0 to 255
 160:../../libtinyasuro/inc/asuro/time.h **** 
 161:../../libtinyasuro/inc/asuro/time.h **** #ifdef __DOXYGEN__
 162:../../libtinyasuro/inc/asuro/time.h **** /**
 163:../../libtinyasuro/inc/asuro/time.h ****  * \if de
 164:../../libtinyasuro/inc/asuro/time.h ****  * Bietet die Möglichkeit, eine eigene Funktion bei jedem Aufruf der Timer-ISR
 165:../../libtinyasuro/inc/asuro/time.h ****  * auszuführen. Die interne Funktionalität bleibt dabei erhalten.
 166:../../libtinyasuro/inc/asuro/time.h ****  *
 167:../../libtinyasuro/inc/asuro/time.h ****  * Da die Timer-ISR mit einer Frequenz von 36kHz aufgerufen wird, sollte diese
 168:../../libtinyasuro/inc/asuro/time.h ****  * Funktion möglichst kurz sein.
 169:../../libtinyasuro/inc/asuro/time.h ****  *
 170:../../libtinyasuro/inc/asuro/time.h ****  * Der Aufruf erfolgt aus dem Kontext eines Interrupts!
 171:../../libtinyasuro/inc/asuro/time.h ****  *
 172:../../libtinyasuro/inc/asuro/time.h ****  * Ist (Timer2ISRHook == NULL), findet kein Aufruf statt.
 173:../../libtinyasuro/inc/asuro/time.h ****  *
 174:../../libtinyasuro/inc/asuro/time.h ****  * Diese Funktionalität steht nicht zur Verfügung, wenn TIMER2_ISR_HOOK_ENABLE
 175:../../libtinyasuro/inc/asuro/time.h ****  * deaktiviert ist.
 176:../../libtinyasuro/inc/asuro/time.h ****  * \endif
 177:../../libtinyasuro/inc/asuro/time.h ****  *
 178:../../libtinyasuro/inc/asuro/time.h ****  * \if en
 179:../../libtinyasuro/inc/asuro/time.h ****  * Offers the ability to execute a custom function in addition to the internal
 180:../../libtinyasuro/inc/asuro/time.h ****  * code of the timer ISR.
 181:../../libtinyasuro/inc/asuro/time.h ****  *
 182:../../libtinyasuro/inc/asuro/time.h ****  * Since the ISR will be executed with a frequency of 36kHz, the called function
 183:../../libtinyasuro/inc/asuro/time.h ****  * should be as short as possible.
 184:../../libtinyasuro/inc/asuro/time.h ****  *
 185:../../libtinyasuro/inc/asuro/time.h ****  * The function will be called from an interrupt context!
 186:../../libtinyasuro/inc/asuro/time.h ****  *
 187:../../libtinyasuro/inc/asuro/time.h ****  * No function call will be executed if (Timer2ISRHook == NULL).
 188:../../libtinyasuro/inc/asuro/time.h ****  *
 189:../../libtinyasuro/inc/asuro/time.h ****  * The timer hook feature is not available if TIMER2_ISR_HOOK_ENABLE has been
 190:../../libtinyasuro/inc/asuro/time.h ****  * disabled.
 191:../../libtinyasuro/inc/asuro/time.h ****  * \endif
 192:../../libtinyasuro/inc/asuro/time.h ****  */
 193:../../libtinyasuro/inc/asuro/time.h **** extern ISRHookFunc_t *Timer2ISRHook;
 194:../../libtinyasuro/inc/asuro/time.h **** #else  // !__DOXYGEN__
 195:../../libtinyasuro/inc/asuro/time.h **** #if TIMER2_ISR_HOOK_ENABLE
 196:../../libtinyasuro/inc/asuro/time.h **** extern ISRHookFunc_t *Timer2ISRHook;
 197:../../libtinyasuro/inc/asuro/time.h **** #endif
 198:../../libtinyasuro/inc/asuro/time.h **** #endif
 199:../../libtinyasuro/inc/asuro/time.h **** 
 200:../../libtinyasuro/inc/asuro/time.h **** /**
 201:../../libtinyasuro/inc/asuro/time.h ****  * \if de
 202:../../libtinyasuro/inc/asuro/time.h ****  * Initialisiert das Modul und den als Zeitbasis und Taktgenerator für die
 203:../../libtinyasuro/inc/asuro/time.h ****  * Infrarotschnittstelle verwendeten Timer2.
 204:../../libtinyasuro/inc/asuro/time.h ****  *
 205:../../libtinyasuro/inc/asuro/time.h ****  * Nach der Initialisierung ist die Taktausgabe für die Infrarotschnittstelle
 206:../../libtinyasuro/inc/asuro/time.h ****  * deaktiviert.
 207:../../libtinyasuro/inc/asuro/time.h ****  * \endif
 208:../../libtinyasuro/inc/asuro/time.h ****  *
 209:../../libtinyasuro/inc/asuro/time.h ****  * \if en
 210:../../libtinyasuro/inc/asuro/time.h ****  * Initializes the module and timer2 which is used as time reference and clock
 211:../../libtinyasuro/inc/asuro/time.h ****  * source for the IR communications interface.
 212:../../libtinyasuro/inc/asuro/time.h ****  *
 213:../../libtinyasuro/inc/asuro/time.h ****  * The clock output for the IR interface will be in a disabled state after the
 214:../../libtinyasuro/inc/asuro/time.h ****  * initialization has been completed.
 215:../../libtinyasuro/inc/asuro/time.h ****  * \endif
 216:../../libtinyasuro/inc/asuro/time.h ****  */
 217:../../libtinyasuro/inc/asuro/time.h **** extern void Timer2Init(void);
 218:../../libtinyasuro/inc/asuro/time.h **** 
 219:../../libtinyasuro/inc/asuro/time.h **** /**
 220:../../libtinyasuro/inc/asuro/time.h ****  * \if de
 221:../../libtinyasuro/inc/asuro/time.h ****  * Aktiviert die Ausgabe des 36kHz-Signals für die Infrarotschnittstelle.
 222:../../libtinyasuro/inc/asuro/time.h ****  *
 223:../../libtinyasuro/inc/asuro/time.h ****  * @par Wichtiger Hinweis:
 224:../../libtinyasuro/inc/asuro/time.h ****  * Dieses Makro ist nur eingeschänkt interruptfest. Es darf nicht "parallel" zu
 225:../../libtinyasuro/inc/asuro/time.h ****  * TIMER2_CLOCK_OUT_DISABLE() ausgeführt werden.
 226:../../libtinyasuro/inc/asuro/time.h ****  * \endif
 227:../../libtinyasuro/inc/asuro/time.h ****  *
 228:../../libtinyasuro/inc/asuro/time.h ****  * \if en
 229:../../libtinyasuro/inc/asuro/time.h ****  * Enables the 36kHz carrier signal for the IR communications interface.
 230:../../libtinyasuro/inc/asuro/time.h ****  *
 231:../../libtinyasuro/inc/asuro/time.h ****  * @par Important:
 232:../../libtinyasuro/inc/asuro/time.h ****  * This macro is interrupt-safe except for one restriction. It must not be
 233:../../libtinyasuro/inc/asuro/time.h ****  * executed in parallel to TIMER2_CLOCK_OUT_DISABLE().
 234:../../libtinyasuro/inc/asuro/time.h ****  * \endif
 235:../../libtinyasuro/inc/asuro/time.h ****  */
 236:../../libtinyasuro/inc/asuro/time.h **** #ifdef __DOXYGEN__
 237:../../libtinyasuro/inc/asuro/time.h **** #define TIMER2_CLOCK_OUT_ENABLE()
 238:../../libtinyasuro/inc/asuro/time.h **** #else
 239:../../libtinyasuro/inc/asuro/time.h **** #define TIMER2_CLOCK_OUT_ENABLE() \
 240:../../libtinyasuro/inc/asuro/time.h ****     do { /* Fast PWM, BOTTOM: Clear, CompMatch: Set */ \
 241:../../libtinyasuro/inc/asuro/time.h ****         TCCR2 |= (1 << WGM20) | (1 << WGM21) | (1 << COM20) | (1 << COM21); \
 242:../../libtinyasuro/inc/asuro/time.h ****     } while (false)
 243:../../libtinyasuro/inc/asuro/time.h **** #endif
 244:../../libtinyasuro/inc/asuro/time.h **** 
 245:../../libtinyasuro/inc/asuro/time.h **** /**
 246:../../libtinyasuro/inc/asuro/time.h ****  * \if de
 247:../../libtinyasuro/inc/asuro/time.h ****  * Deaktiviert die Ausgabe des 36kHz-Signals für die Infrarotschnittstelle.
 248:../../libtinyasuro/inc/asuro/time.h ****  *
 249:../../libtinyasuro/inc/asuro/time.h ****  * @par Wichtiger Hinweis:
 250:../../libtinyasuro/inc/asuro/time.h ****  * Dieses Makro ist nur eingeschränkt interruptfest. Es darf nicht "parallel"
 251:../../libtinyasuro/inc/asuro/time.h ****  * zu TIMER2_CLOCK_OUT_ENABLE() ausgeführt werden.
 252:../../libtinyasuro/inc/asuro/time.h ****  * \endif
 253:../../libtinyasuro/inc/asuro/time.h ****  *
 254:../../libtinyasuro/inc/asuro/time.h ****  * \if en
 255:../../libtinyasuro/inc/asuro/time.h ****  * Disables the 36kHz carrier signal for the IR communications interface.
 256:../../libtinyasuro/inc/asuro/time.h ****  *
 257:../../libtinyasuro/inc/asuro/time.h ****  * @par Important:
 258:../../libtinyasuro/inc/asuro/time.h ****  * This macro is interrupt-safe except for one restriction. It must not be
 259:../../libtinyasuro/inc/asuro/time.h ****  * executed in parallel to TIMER2_CLOCK_OUT_ENABLE().
 260:../../libtinyasuro/inc/asuro/time.h ****  * \endif
 261:../../libtinyasuro/inc/asuro/time.h ****  */
 262:../../libtinyasuro/inc/asuro/time.h **** #ifdef __DOXYGEN__
 263:../../libtinyasuro/inc/asuro/time.h **** #define TIMER2_CLOCK_OUT_DISABLE()
 264:../../libtinyasuro/inc/asuro/time.h **** #else
 265:../../libtinyasuro/inc/asuro/time.h **** #define TIMER2_CLOCK_OUT_DISABLE() \
 266:../../libtinyasuro/inc/asuro/time.h ****     do { /* PWM off */ \
 267:../../libtinyasuro/inc/asuro/time.h ****         TCCR2 &= ~((1 << WGM20) | (1 << WGM21) | (1 << COM20) | (1 << COM21)); \
 268:../../libtinyasuro/inc/asuro/time.h ****     } while (false)
 269:../../libtinyasuro/inc/asuro/time.h **** #endif
 270:../../libtinyasuro/inc/asuro/time.h **** 
 271:../../libtinyasuro/inc/asuro/time.h **** /**
 272:../../libtinyasuro/inc/asuro/time.h ****  * \if de
 273:../../libtinyasuro/inc/asuro/time.h ****  * Hält den Programmfluss für die vorgegebene Anzahl 36kHz-Takte an und schickt
 274:../../libtinyasuro/inc/asuro/time.h ****  * den Prozessor währendessen in den Idle-Mode.
 275:../../libtinyasuro/inc/asuro/time.h ****  *
 276:../../libtinyasuro/inc/asuro/time.h ****  * Alle Interrupts bleiben aktiv und werden ausgeführt, ledliglich der
 277:../../libtinyasuro/inc/asuro/time.h ****  * aufrufende Programmpfad wird unterbrochen.
 278:../../libtinyasuro/inc/asuro/time.h ****  *
 279:../../libtinyasuro/inc/asuro/time.h ****  * Wenn diese Funktion aufgerufen wird, geht sie davon aus, dass Interrupts
 280:../../libtinyasuro/inc/asuro/time.h ****  * global freigeschaltet sind - wenn nicht findet die globale Interruptfreigabe
 281:../../libtinyasuro/inc/asuro/time.h ****  * vor Eintritt in den Idle-Mode statt.
 282:../../libtinyasuro/inc/asuro/time.h ****  *
 283:../../libtinyasuro/inc/asuro/time.h ****  * @param timer36kHz_ticks die Anzahl der 36kHz-Takte die der Prozessor
 284:../../libtinyasuro/inc/asuro/time.h ****  *                         "schlafen" soll
 285:../../libtinyasuro/inc/asuro/time.h ****  * \endif
 286:../../libtinyasuro/inc/asuro/time.h ****  *
 287:../../libtinyasuro/inc/asuro/time.h ****  * \if en
 288:../../libtinyasuro/inc/asuro/time.h ****  * Delays the execution for the specified amount of time, measured in 36kHz
 289:../../libtinyasuro/inc/asuro/time.h ****  * ticks. The microcontroller will halted (idle mode) during this time.
 290:../../libtinyasuro/inc/asuro/time.h ****  *
 291:../../libtinyasuro/inc/asuro/time.h ****  * All interrupt requests remain active and will be executed, the calling
 292:../../libtinyasuro/inc/asuro/time.h ****  * function itself remains halted.
 293:../../libtinyasuro/inc/asuro/time.h ****  *
 294:../../libtinyasuro/inc/asuro/time.h ****  * This function expects interrupts to be globally enabled if it gets called.
 295:../../libtinyasuro/inc/asuro/time.h ****  * If not, the global interrupt enable bit will be set before entering the sleep
 296:../../libtinyasuro/inc/asuro/time.h ****  * mode and remain in this state after the function returns.
 297:../../libtinyasuro/inc/asuro/time.h ****  *
 298:../../libtinyasuro/inc/asuro/time.h ****  * @param timer36kHz_ticks the number of 36kHz ticks the microcontroller will
 299:../../libtinyasuro/inc/asuro/time.h ****  *                         be halted.
 300:../../libtinyasuro/inc/asuro/time.h ****  * \endif
 301:../../libtinyasuro/inc/asuro/time.h ****  */
 302:../../libtinyasuro/inc/asuro/time.h **** extern void sleep(uint8_t timer36kHz_ticks);
 303:../../libtinyasuro/inc/asuro/time.h **** /**
 304:../../libtinyasuro/inc/asuro/time.h ****  * \if de
 305:../../libtinyasuro/inc/asuro/time.h ****  * Schickt den Prozessor in den Idle-Mode und kehrt zurück, nachdem ein
 306:../../libtinyasuro/inc/asuro/time.h ****  * Interrupt ausgelöst wurde.
 307:../../libtinyasuro/inc/asuro/time.h ****  *
 308:../../libtinyasuro/inc/asuro/time.h ****  * Wenn diese Funktion aufgerufen wird, geht sie davon aus, dass Interrupts
 309:../../libtinyasuro/inc/asuro/time.h ****  * global freigeschaltet sind - wenn nicht findet die globale Interruptfreigabe
 310:../../libtinyasuro/inc/asuro/time.h ****  * vor Eintritt in den Idle-Mode statt.
 311:../../libtinyasuro/inc/asuro/time.h ****  * \endif
 312:../../libtinyasuro/inc/asuro/time.h ****  *
 313:../../libtinyasuro/inc/asuro/time.h ****  * \if en
 314:../../libtinyasuro/inc/asuro/time.h ****  * Puts the microcontroller into idle mode until the next interrupt occurs.
 315:../../libtinyasuro/inc/asuro/time.h ****  *
 316:../../libtinyasuro/inc/asuro/time.h ****  * This function expects interrupts to be globally enabled if it gets called.
 317:../../libtinyasuro/inc/asuro/time.h ****  * If not, the global interrupt enable bit will be set before entering the sleep
 318:../../libtinyasuro/inc/asuro/time.h ****  * mode and remain in this state after the function returns.
 319:../../libtinyasuro/inc/asuro/time.h ****  * \endif
 320:../../libtinyasuro/inc/asuro/time.h ****  */
 321:../../libtinyasuro/inc/asuro/time.h **** extern void sleepUntilInterrupt(void);
 322:../../libtinyasuro/inc/asuro/time.h **** 
 323:../../libtinyasuro/inc/asuro/time.h **** /**
 324:../../libtinyasuro/inc/asuro/time.h ****  * \if de
 325:../../libtinyasuro/inc/asuro/time.h ****  * Verhält sich wie sleep(), verwendet als Zeitbasis aber Millisekunden
 326:../../libtinyasuro/inc/asuro/time.h ****  *
 327:../../libtinyasuro/inc/asuro/time.h ****  * @param ms die Anzahl der Millisekunden die der Prozessor "schlafend"
 328:../../libtinyasuro/inc/asuro/time.h ****  *           verbringen soll
 329:../../libtinyasuro/inc/asuro/time.h ****  * \endif
 330:../../libtinyasuro/inc/asuro/time.h ****  *
 331:../../libtinyasuro/inc/asuro/time.h ****  * \if en
 332:../../libtinyasuro/inc/asuro/time.h ****  * Behaves like sleep() but uses milliseconds as timebase.
 333:../../libtinyasuro/inc/asuro/time.h ****  *
 334:../../libtinyasuro/inc/asuro/time.h ****  * @param ms the time the microcontroller will be halted, measured in
 335:../../libtinyasuro/inc/asuro/time.h ****  *           milliseconds
 336:../../libtinyasuro/inc/asuro/time.h ****  * \endif
 337:../../libtinyasuro/inc/asuro/time.h ****  */
 338:../../libtinyasuro/inc/asuro/time.h **** #ifdef __DOXYGEN__
 339:../../libtinyasuro/inc/asuro/time.h **** void msleep(uint16_t ms);
 340:../../libtinyasuro/inc/asuro/time.h **** #else
 341:../../libtinyasuro/inc/asuro/time.h **** static ALWAYS_INLINE void msleep(uint16_t ms);
 342:../../libtinyasuro/inc/asuro/time.h **** #endif
 343:../../libtinyasuro/inc/asuro/time.h **** 
 344:../../libtinyasuro/inc/asuro/time.h **** void msleep(uint16_t ms) {
 345:../../libtinyasuro/inc/asuro/time.h ****     for (; ms > 0; ms--) {
 346:../../libtinyasuro/inc/asuro/time.h ****         sleep(36);
  47               		.loc 2 346 0
  48 0012 84E2      		ldi r24,lo8(36)	 ;  21	movqi_insn/2	[length = 1]
  49 0014 00D0      		rcall sleep	 ;  22	call_insn/2	[length = 1]
  50               	.LVL4:
 345:../../libtinyasuro/inc/asuro/time.h ****         sleep(36);
  51               		.loc 2 345 0
  52 0016 2197      		sbiw r28,1	 ;  23	addhi3_clobber/1	[length = 1]
  53               	.LVL5:
  54 0018 2097      		sbiw r28,0	 ;  27	*cmphi/1	[length = 1]
  55 001a 01F4      		brne .L4	 ;  28	branch	[length = 1]
  56               	.LVL6:
  57               	.L1:
  58               	/* epilogue start */
  59               	.LBE17:
  60               	.LBE16:
   7:helpers.h     **** 		msleep(pause);
   8:helpers.h     **** }
  61               		.loc 1 8 0
  62 001c DF91      		pop r29	 ;  49	popqi	[length = 1]
  63 001e CF91      		pop r28	 ;  50	popqi	[length = 1]
  64 0020 0895      		ret	 ;  51	return_from_epilogue	[length = 1]
  65               		.cfi_endproc
  66               	.LFE3:
  68               		.section	.text.startup.main,"ax",@progbits
  69               	.global	main
  71               	main:
  72               	.LFB8:
  73               		.file 3 "main.c"
   1:main.c        **** #define SWITCH(X) 1<<X
   2:main.c        **** 
   3:main.c        **** #include <asuro/asuro.h>
   4:main.c        **** #include "helpers.h"
   5:main.c        **** #include <stdlib.h>
   6:main.c        **** 
   7:main.c        **** void main(void) {
  74               		.loc 3 7 0
  75               		.cfi_startproc
  76 0000 CF93      		push r28	 ;  364	pushqi1/1	[length = 1]
  77               	.LCFI2:
  78               		.cfi_def_cfa_offset 3
  79               		.cfi_offset 28, -2
  80 0002 DF93      		push r29	 ;  365	pushqi1/1	[length = 1]
  81               	.LCFI3:
  82               		.cfi_def_cfa_offset 4
  83               		.cfi_offset 29, -3
  84               		 ; SP -= 4	 ;  369	*addhi3_sp	[length = 2]
  85 0004 00D0      		rcall .
  86 0006 00D0      		rcall .
  87               	.LCFI4:
  88               		.cfi_def_cfa_offset 8
  89 0008 CDB7      		in r28,__SP_L__	 ;  370	*movhi/8	[length = 2]
  90 000a DEB7      		in r29,__SP_H__
  91               	.LCFI5:
  92               		.cfi_def_cfa_register 28
  93               	/* prologue: function */
  94               	/* frame size = 4 */
  95               	/* stack size = 6 */
  96               	.L__stack_usage = 6
   8:main.c        ****     Init();
  97               		.loc 3 8 0
  98 000c 00D0      		rcall Init	 ;  11	call_insn/2	[length = 1]
  99               	.LVL7:
   9:main.c        **** 	//int x = 160;
  10:main.c        **** 	//int y = 200;
  11:main.c        **** 	int i = 0;
 100               		.loc 3 11 0
 101 000e 00E0      		ldi r16,0	 ;  3	*movhi/2	[length = 2]
 102 0010 10E0      		ldi r17,0
 103               	.LBB18:
  12:main.c        **** 	// RUSSIA
  13:main.c        **** 	while (1) {  	//Hauptschleife
  14:main.c        **** 		i++;
  15:main.c        **** 		char sensor = PollSwitch();
  16:main.c        **** 		sensor &= 0b00111111;
  17:main.c        **** 		
  18:main.c        **** 		MotorDir(FWD, FWD); //Werkeinstellung
  19:main.c        **** 		MotorSpeed(170, 130); 
  20:main.c        **** 		
  21:main.c        **** 		
  22:main.c        **** 		if (sensor > 0) //Abfrage der sechs Drucksensoren -> backwards
  23:main.c        **** 		{
  24:main.c        **** 			 MotorDir(BWD, BWD); 
  25:main.c        **** 			 MotorSpeed(60, 150);
  26:main.c        **** 			 StatusLED(RED);
  27:main.c        **** 			 msleep(800);
  28:main.c        **** 		}
  29:main.c        **** 		
  30:main.c        **** 		uint16_t data[] = {0,0};
  31:main.c        **** 		LineData(data);
  32:main.c        **** 		
  33:main.c        **** 		if (((data[LEFT] > 100) || (data[RIGHT] > 100)) && ((data[LEFT] < 400) || (data[RIGHT] < 400))) {
  34:main.c        **** 				MotorSpeed(50, 70);
  35:main.c        **** 				msleep(2000);
  36:main.c        **** 		}
  37:main.c        **** 		LineData(data);
  38:main.c        **** 		while ((data[LEFT] > 400) || (data[RIGHT] > 400)) 	//Geschwindigkeit 0 bei Licht über 100E
  39:main.c        **** 		{	
  40:main.c        **** 			stopAsuro(500);
  41:main.c        **** 			LineData(data);
  42:main.c        **** 		} 
  43:main.c        **** 		
  44:main.c        **** 		if ( (i % 3000) == 0) {
 104               		.loc 3 44 0
 105 0012 58EB      		ldi r21,lo8(-72)	 ;  382	*reload_inhi	[length = 4]
 106 0014 C52E      		mov r12,r21
 107 0016 5BE0      		ldi r21,lo8(11)
 108 0018 D52E      		mov r13,r21
 109               	.LBB19:
  45:main.c        **** 			int ran;
  46:main.c        **** 			ran = rand() % 2;
 110               		.loc 3 46 0
 111 001a 62E0      		ldi r22,lo8(2)	 ;  383	*reload_inhi	[length = 3]
 112 001c A62E      		mov r10,r22
 113 001e B12C      		mov r11,__zero_reg__
 114               	.LVL8:
 115               	.L33:
 116               	.LBE19:
  14:main.c        **** 		char sensor = PollSwitch();
 117               		.loc 3 14 0
 118 0020 0F5F      		subi r16,-1	 ;  15	addhi3_clobber/2	[length = 2]
 119 0022 1F4F      		sbci r17,-1
 120               	.LVL9:
  15:main.c        **** 		sensor &= 0b00111111;
 121               		.loc 3 15 0
 122 0024 00D0      		rcall PollSwitch	 ;  17	call_value_insn/2	[length = 1]
 123               	.LVL10:
 124 0026 F82E      		mov r15,r24	 ;  18	movqi_insn/1	[length = 1]
 125               	.LVL11:
  18:main.c        **** 		MotorSpeed(170, 130); 
 126               		.loc 3 18 0
 127 0028 60E2      		ldi r22,lo8(32)	 ;  21	movqi_insn/2	[length = 1]
 128 002a 80E2      		ldi r24,lo8(32)	 ;  22	movqi_insn/2	[length = 1]
 129 002c 00D0      		rcall MotorDir	 ;  23	call_insn/2	[length = 1]
 130               	.LVL12:
  19:main.c        **** 		
 131               		.loc 3 19 0
 132 002e 62E8      		ldi r22,lo8(-126)	 ;  24	movqi_insn/2	[length = 1]
 133 0030 8AEA      		ldi r24,lo8(-86)	 ;  25	movqi_insn/2	[length = 1]
 134 0032 00D0      		rcall MotorSpeed	 ;  26	call_insn/2	[length = 1]
 135               	.LVL13:
  16:main.c        **** 		
 136               		.loc 3 16 0
 137 0034 8F2D      		mov r24,r15	 ;  358	movqi_insn/1	[length = 1]
 138 0036 8F73      		andi r24,lo8(63)	 ;  27	andqi3/2	[length = 1]
 139               	.LVL14:
  22:main.c        **** 		{
 140               		.loc 3 22 0
 141 0038 01F4      		brne .L10	 ;  29	branch	[length = 1]
 142               	.LVL15:
 143               	.L13:
  30:main.c        **** 		LineData(data);
 144               		.loc 3 30 0
 145 003a 1A82      		std Y+2,__zero_reg__	 ;  31	*movhi/4	[length = 2]
 146 003c 1982      		std Y+1,__zero_reg__
 147 003e 1C82      		std Y+4,__zero_reg__	 ;  32	*movhi/4	[length = 2]
 148 0040 1B82      		std Y+3,__zero_reg__
  31:main.c        **** 		
 149               		.loc 3 31 0
 150 0042 CE01      		movw r24,r28	 ;  359	*movhi/1	[length = 1]
 151 0044 0196      		adiw r24,1	 ;  33	*addhi3/3	[length = 1]
 152 0046 00D0      		rcall LineData	 ;  34	call_insn/2	[length = 1]
 153               	.LVL16:
  33:main.c        **** 				MotorSpeed(50, 70);
 154               		.loc 3 33 0
 155 0048 8981      		ldd r24,Y+1	 ;  35	*movhi/3	[length = 2]
 156 004a 9A81      		ldd r25,Y+2
 157 004c 8536      		cpi r24,101	 ;  36	*cmphi/6	[length = 2]
 158 004e 9105      		cpc r25,__zero_reg__
 159 0050 00F4      		brsh .L11	 ;  37	branch	[length = 1]
 160 0052 00C0      		rjmp .L52	 ;  386	jump	[length = 1]
 161               	.LVL17:
 162               	.L10:
  24:main.c        **** 			 MotorSpeed(60, 150);
 163               		.loc 3 24 0
 164 0054 60E1      		ldi r22,lo8(16)	 ;  43	movqi_insn/2	[length = 1]
 165 0056 80E1      		ldi r24,lo8(16)	 ;  44	movqi_insn/2	[length = 1]
 166               	.LVL18:
 167 0058 00D0      		rcall MotorDir	 ;  45	call_insn/2	[length = 1]
 168               	.LVL19:
  25:main.c        **** 			 StatusLED(RED);
 169               		.loc 3 25 0
 170 005a 66E9      		ldi r22,lo8(-106)	 ;  46	movqi_insn/2	[length = 1]
 171 005c 8CE3      		ldi r24,lo8(60)	 ;  47	movqi_insn/2	[length = 1]
 172 005e 00D0      		rcall MotorSpeed	 ;  48	call_insn/2	[length = 1]
 173               	.LVL20:
  26:main.c        **** 			 msleep(800);
 174               		.loc 3 26 0
 175 0060 82E0      		ldi r24,lo8(2)	 ;  49	movqi_insn/2	[length = 1]
 176 0062 00D0      		rcall StatusLED	 ;  50	call_insn/2	[length = 1]
 177               	.LVL21:
 178 0064 40E2      		ldi r20,lo8(32)	 ;  381	*reload_inhi	[length = 4]
 179 0066 E42E      		mov r14,r20
 180 0068 43E0      		ldi r20,lo8(3)
 181 006a F42E      		mov r15,r20
 182               	.LVL22:
 183               	.L14:
 184               	.LBB20:
 185               	.LBB21:
 186               		.loc 2 346 0
 187 006c 84E2      		ldi r24,lo8(36)	 ;  55	movqi_insn/2	[length = 1]
 188 006e 00D0      		rcall sleep	 ;  56	call_insn/2	[length = 1]
 189               	.LVL23:
 190 0070 21E0      		ldi r18,1	 ;  60	addhi3_clobber/3	[length = 3]
 191 0072 E21A      		sub r14,r18
 192 0074 F108      		sbc r15,__zero_reg__
 193               	.LVL24:
 345:../../libtinyasuro/inc/asuro/time.h ****         sleep(36);
 194               		.loc 2 345 0
 195 0076 E114      		cp r14,__zero_reg__	 ;  62	*cmphi/2	[length = 2]
 196 0078 F104      		cpc r15,__zero_reg__
 197 007a 01F4      		brne .L14	 ;  63	branch	[length = 1]
 198 007c 00C0      		rjmp .L13	 ;  389	jump	[length = 1]
 199               	.LVL25:
 200               	.L52:
 201               	.LBE21:
 202               	.LBE20:
  33:main.c        **** 				MotorSpeed(50, 70);
 203               		.loc 3 33 0 discriminator 2
 204 007e 8B81      		ldd r24,Y+3	 ;  72	*movhi/3	[length = 2]
 205 0080 9C81      		ldd r25,Y+4
 206 0082 8536      		cpi r24,101	 ;  73	*cmphi/6	[length = 2]
 207 0084 9105      		cpc r25,__zero_reg__
 208 0086 00F4      		brsh .L15	 ;  74	branch	[length = 1]
 209 0088 00C0      		rjmp .L51	 ;  392	jump	[length = 1]
 210               	.L11:
  33:main.c        **** 				MotorSpeed(50, 70);
 211               		.loc 3 33 0 is_stmt 0 discriminator 1
 212 008a 8039      		cpi r24,-112	 ;  82	*cmphi/7	[length = 2]
 213 008c 9140      		sbci r25,1
 214 008e 00F0      		brlo .L15	 ;  83	branch	[length = 1]
 215 0090 8B81      		ldd r24,Y+3	 ;  86	*movhi/3	[length = 2]
 216 0092 9C81      		ldd r25,Y+4
 217 0094 8039      		cpi r24,-112	 ;  87	*cmphi/7	[length = 2]
 218 0096 9140      		sbci r25,1
 219 0098 00F4      		brsh .L51	 ;  88	branch	[length = 1]
 220               	.L15:
  34:main.c        **** 				msleep(2000);
 221               		.loc 3 34 0 is_stmt 1
 222 009a 66E4      		ldi r22,lo8(70)	 ;  91	movqi_insn/2	[length = 1]
 223 009c 82E3      		ldi r24,lo8(50)	 ;  92	movqi_insn/2	[length = 1]
 224 009e 00D0      		rcall MotorSpeed	 ;  93	call_insn/2	[length = 1]
 225               	.LVL26:
 226 00a0 30ED      		ldi r19,lo8(-48)	 ;  380	*reload_inhi	[length = 4]
 227 00a2 E32E      		mov r14,r19
 228 00a4 37E0      		ldi r19,lo8(7)
 229 00a6 F32E      		mov r15,r19
 230               	.LVL27:
 231               	.L18:
 232               	.LBB22:
 233               	.LBB23:
 234               		.loc 2 346 0
 235 00a8 84E2      		ldi r24,lo8(36)	 ;  98	movqi_insn/2	[length = 1]
 236 00aa 00D0      		rcall sleep	 ;  99	call_insn/2	[length = 1]
 237               	.LVL28:
 238 00ac 41E0      		ldi r20,1	 ;  103	addhi3_clobber/3	[length = 3]
 239 00ae E41A      		sub r14,r20
 240 00b0 F108      		sbc r15,__zero_reg__
 241               	.LVL29:
 345:../../libtinyasuro/inc/asuro/time.h ****         sleep(36);
 242               		.loc 2 345 0
 243 00b2 E114      		cp r14,__zero_reg__	 ;  104	*cmphi/2	[length = 2]
 244 00b4 F104      		cpc r15,__zero_reg__
 245 00b6 01F4      		brne .L18	 ;  105	branch	[length = 1]
 246 00b8 00C0      		rjmp .L51	 ;  395	jump	[length = 1]
 247               	.LVL30:
 248               	.L54:
 249               	.LBE23:
 250               	.LBE22:
  38:main.c        **** 		{	
 251               		.loc 3 38 0 discriminator 2
 252 00ba 8B81      		ldd r24,Y+3	 ;  124	*movhi/3	[length = 2]
 253 00bc 9C81      		ldd r25,Y+4
 254 00be 8139      		cpi r24,-111	 ;  125	*cmphi/7	[length = 2]
 255 00c0 9140      		sbci r25,1
 256 00c2 00F0      		brlo .L53	 ;  126	branch	[length = 1]
 257               	.L19:
  40:main.c        **** 			LineData(data);
 258               		.loc 3 40 0
 259 00c4 84EF      		ldi r24,lo8(-12)	 ;  113	*movhi/5	[length = 2]
 260 00c6 91E0      		ldi r25,lo8(1)
 261 00c8 00D0      		rcall stopAsuro	 ;  114	call_insn/2	[length = 1]
 262               	.LVL31:
 263               	.L51:
  41:main.c        **** 		} 
 264               		.loc 3 41 0
 265 00ca CE01      		movw r24,r28	 ;  361	*movhi/1	[length = 1]
 266 00cc 0196      		adiw r24,1	 ;  115	*addhi3/3	[length = 1]
 267 00ce 00D0      		rcall LineData	 ;  116	call_insn/2	[length = 1]
 268               	.LVL32:
  38:main.c        **** 		{	
 269               		.loc 3 38 0
 270 00d0 8981      		ldd r24,Y+1	 ;  120	*movhi/3	[length = 2]
 271 00d2 9A81      		ldd r25,Y+2
 272 00d4 8139      		cpi r24,-111	 ;  121	*cmphi/7	[length = 2]
 273 00d6 9140      		sbci r25,1
 274 00d8 00F0      		brlo .L54	 ;  122	branch	[length = 1]
 275 00da 00C0      		rjmp .L19	 ;  400	jump	[length = 1]
 276               	.L53:
  44:main.c        **** 			int ran;
 277               		.loc 3 44 0
 278 00dc C801      		movw r24,r16	 ;  351	*movhi/1	[length = 1]
 279 00de B601      		movw r22,r12	 ;  352	*movhi/1	[length = 1]
 280 00e0 00D0      		rcall __divmodhi4	 ;  353	*divmodhi4_call	[length = 1]
 281 00e2 892B      		or r24,r25	 ;  130	*cmphi/1	[length = 1]
 282 00e4 01F4      		brne .L21	 ;  131	branch	[length = 1]
 283               	.LBB24:
 284               		.loc 3 46 0
 285 00e6 00D0      		rcall rand	 ;  137	call_value_insn/2	[length = 1]
 286               	.LVL33:
 287 00e8 B501      		movw r22,r10	 ;  347	*movhi/1	[length = 1]
 288 00ea 00D0      		rcall __divmodhi4	 ;  348	*divmodhi4_call	[length = 1]
 289               	.LVL34:
  47:main.c        **** 			if (ran) {
 290               		.loc 3 47 0
 291 00ec 892B      		or r24,r25	 ;  143	*cmphi/1	[length = 1]
 292 00ee 01F0      		breq .L21	 ;  144	branch	[length = 1]
  48:main.c        **** 				StatusLED(YELLOW);
 293               		.loc 3 48 0
 294 00f0 83E0      		ldi r24,lo8(3)	 ;  146	movqi_insn/2	[length = 1]
 295 00f2 00D0      		rcall StatusLED	 ;  147	call_insn/2	[length = 1]
 296               	.LVL35:
  49:main.c        **** 				stopAsuro(3000);
 297               		.loc 3 49 0
 298 00f4 88EB      		ldi r24,lo8(-72)	 ;  303	*movhi/5	[length = 2]
 299 00f6 9BE0      		ldi r25,lo8(11)
 300 00f8 00D0      		rcall stopAsuro	 ;  149	call_insn/2	[length = 1]
 301               	.LVL36:
 302               	.L21:
 303               	.LBE24:
  50:main.c        **** 			}
  51:main.c        **** 		}
  52:main.c        **** 		
  53:main.c        **** 		if ((data[LEFT] > data[RIGHT]) && ((data[LEFT] < 400) || (data[RIGHT] < 400)))
 304               		.loc 3 53 0
 305 00fa 2981      		ldd r18,Y+1	 ;  152	*movhi/3	[length = 2]
 306 00fc 3A81      		ldd r19,Y+2
 307 00fe 8B81      		ldd r24,Y+3	 ;  153	*movhi/3	[length = 2]
 308 0100 9C81      		ldd r25,Y+4
 309 0102 8217      		cp r24,r18	 ;  154	*cmphi/3	[length = 2]
 310 0104 9307      		cpc r25,r19
 311 0106 00F0      		brlo .L23	 ;  155	branch	[length = 1]
 312               	.L27:
  54:main.c        **** 		{
  55:main.c        **** 			MotorSpeed(70, 140);
  56:main.c        **** 			LineData(data);
  57:main.c        **** 			msleep(100);
  58:main.c        **** 		}
  59:main.c        **** 		
  60:main.c        **** 		if ((data[LEFT] < data[RIGHT]) && ((data[LEFT] < 400) || (data[RIGHT] < 400)))
 313               		.loc 3 60 0
 314 0108 2981      		ldd r18,Y+1	 ;  157	*movhi/3	[length = 2]
 315 010a 3A81      		ldd r19,Y+2
 316 010c 8B81      		ldd r24,Y+3	 ;  158	*movhi/3	[length = 2]
 317 010e 9C81      		ldd r25,Y+4
 318 0110 2817      		cp r18,r24	 ;  159	*cmphi/3	[length = 2]
 319 0112 3907      		cpc r19,r25
 320 0114 00F0      		brlo .L24	 ;  160	branch	[length = 1]
 321 0116 00C0      		rjmp .L25	 ;  403	jump	[length = 1]
 322               	.L23:
  53:main.c        **** 		{
 323               		.loc 3 53 0 discriminator 1
 324 0118 2039      		cpi r18,-112	 ;  166	*cmphi/7	[length = 2]
 325 011a 3140      		sbci r19,1
 326 011c 00F0      		brlo .L26	 ;  167	branch	[length = 1]
 327 011e 8039      		cpi r24,-112	 ;  170	*cmphi/7	[length = 2]
 328 0120 9140      		sbci r25,1
 329 0122 00F4      		brsh .L27	 ;  171	branch	[length = 1]
 330               	.L26:
  55:main.c        **** 			LineData(data);
 331               		.loc 3 55 0
 332 0124 6CE8      		ldi r22,lo8(-116)	 ;  174	movqi_insn/2	[length = 1]
 333 0126 86E4      		ldi r24,lo8(70)	 ;  175	movqi_insn/2	[length = 1]
 334 0128 00D0      		rcall MotorSpeed	 ;  176	call_insn/2	[length = 1]
 335               	.LVL37:
  56:main.c        **** 			msleep(100);
 336               		.loc 3 56 0
 337 012a CE01      		movw r24,r28	 ;  362	*movhi/1	[length = 1]
 338 012c 0196      		adiw r24,1	 ;  177	*addhi3/3	[length = 1]
 339 012e 00D0      		rcall LineData	 ;  178	call_insn/2	[length = 1]
 340               	.LVL38:
 341 0130 24E6      		ldi r18,lo8(100)	 ;  379	*reload_inhi	[length = 3]
 342 0132 E22E      		mov r14,r18
 343 0134 F12C      		mov r15,__zero_reg__
 344               	.LVL39:
 345               	.L28:
 346               	.LBB25:
 347               	.LBB26:
 348               		.loc 2 346 0
 349 0136 84E2      		ldi r24,lo8(36)	 ;  183	movqi_insn/2	[length = 1]
 350 0138 00D0      		rcall sleep	 ;  184	call_insn/2	[length = 1]
 351               	.LVL40:
 352 013a 41E0      		ldi r20,1	 ;  188	addhi3_clobber/3	[length = 3]
 353 013c E41A      		sub r14,r20
 354 013e F108      		sbc r15,__zero_reg__
 355               	.LVL41:
 345:../../libtinyasuro/inc/asuro/time.h ****         sleep(36);
 356               		.loc 2 345 0
 357 0140 E114      		cp r14,__zero_reg__	 ;  189	*cmphi/2	[length = 2]
 358 0142 F104      		cpc r15,__zero_reg__
 359 0144 01F4      		brne .L28	 ;  190	branch	[length = 1]
 360 0146 00C0      		rjmp .L27	 ;  406	jump	[length = 1]
 361               	.LVL42:
 362               	.L24:
 363               	.LBE26:
 364               	.LBE25:
 365               		.loc 3 60 0 discriminator 1
 366 0148 2039      		cpi r18,-112	 ;  213	*cmphi/7	[length = 2]
 367 014a 3140      		sbci r19,1
 368 014c 00F0      		brlo .L30	 ;  214	branch	[length = 1]
 369 014e 8039      		cpi r24,-112	 ;  216	*cmphi/7	[length = 2]
 370 0150 9140      		sbci r25,1
 371 0152 00F0      		brlo .L30	 ;  217	branch	[length = 1]
 372               	.L25:
  61:main.c        **** 		{
  62:main.c        **** 			MotorSpeed(180, 90);
  63:main.c        **** 			LineData(data);
  64:main.c        **** 			msleep(100);
  65:main.c        **** 		}
  66:main.c        **** 		
  67:main.c        **** 		
  68:main.c        **** 		MotorSpeed(160, 200);
 373               		.loc 3 68 0
 374 0154 68EC      		ldi r22,lo8(-56)	 ;  199	movqi_insn/2	[length = 1]
 375 0156 80EA      		ldi r24,lo8(-96)	 ;  200	movqi_insn/2	[length = 1]
 376 0158 00D0      		rcall MotorSpeed	 ;  201	call_insn/2	[length = 1]
 377               	.LVL43:
  69:main.c        **** 		StatusLED(GREEN);
 378               		.loc 3 69 0
 379 015a 81E0      		ldi r24,lo8(1)	 ;  202	movqi_insn/2	[length = 1]
 380 015c 00D0      		rcall StatusLED	 ;  203	call_insn/2	[length = 1]
 381               	.LVL44:
  70:main.c        **** 		BackLED(OFF, OFF);
 382               		.loc 3 70 0
 383 015e 60E0      		ldi r22,0	 ;  204	movqi_insn/1	[length = 1]
 384 0160 80E0      		ldi r24,0	 ;  205	movqi_insn/1	[length = 1]
 385 0162 00D0      		rcall BackLED	 ;  206	call_insn/2	[length = 1]
 386               	.LVL45:
 387 0164 90E2      		ldi r25,lo8(32)	 ;  378	*reload_inhi	[length = 4]
 388 0166 E92E      		mov r14,r25
 389 0168 93E0      		ldi r25,lo8(3)
 390 016a F92E      		mov r15,r25
 391 016c 00C0      		rjmp .L29	 ;  408	jump	[length = 1]
 392               	.LVL46:
 393               	.L30:
  62:main.c        **** 			LineData(data);
 394               		.loc 3 62 0
 395 016e 6AE5      		ldi r22,lo8(90)	 ;  220	movqi_insn/2	[length = 1]
 396 0170 84EB      		ldi r24,lo8(-76)	 ;  221	movqi_insn/2	[length = 1]
 397 0172 00D0      		rcall MotorSpeed	 ;  222	call_insn/2	[length = 1]
 398               	.LVL47:
  63:main.c        **** 			msleep(100);
 399               		.loc 3 63 0
 400 0174 CE01      		movw r24,r28	 ;  363	*movhi/1	[length = 1]
 401 0176 0196      		adiw r24,1	 ;  223	*addhi3/3	[length = 1]
 402 0178 00D0      		rcall LineData	 ;  224	call_insn/2	[length = 1]
 403               	.LVL48:
 404 017a 84E6      		ldi r24,lo8(100)	 ;  377	*reload_inhi	[length = 3]
 405 017c E82E      		mov r14,r24
 406 017e F12C      		mov r15,__zero_reg__
 407               	.LVL49:
 408               	.L31:
 409               	.LBB27:
 410               	.LBB28:
 411               		.loc 2 346 0
 412 0180 84E2      		ldi r24,lo8(36)	 ;  229	movqi_insn/2	[length = 1]
 413 0182 00D0      		rcall sleep	 ;  230	call_insn/2	[length = 1]
 414               	.LVL50:
 415 0184 41E0      		ldi r20,1	 ;  234	addhi3_clobber/3	[length = 3]
 416 0186 E41A      		sub r14,r20
 417 0188 F108      		sbc r15,__zero_reg__
 418               	.LVL51:
 345:../../libtinyasuro/inc/asuro/time.h ****         sleep(36);
 419               		.loc 2 345 0
 420 018a E114      		cp r14,__zero_reg__	 ;  235	*cmphi/2	[length = 2]
 421 018c F104      		cpc r15,__zero_reg__
 422 018e 01F4      		brne .L31	 ;  236	branch	[length = 1]
 423 0190 00C0      		rjmp .L25	 ;  411	jump	[length = 1]
 424               	.LVL52:
 425               	.L29:
 426               	.LBE28:
 427               	.LBE27:
 428               	.LBB29:
 429               	.LBB30:
 430               		.loc 2 346 0
 431 0192 84E2      		ldi r24,lo8(36)	 ;  246	movqi_insn/2	[length = 1]
 432 0194 00D0      		rcall sleep	 ;  247	call_insn/2	[length = 1]
 433               	.LVL53:
 434 0196 81E0      		ldi r24,1	 ;  251	addhi3_clobber/3	[length = 3]
 435 0198 E81A      		sub r14,r24
 436 019a F108      		sbc r15,__zero_reg__
 437               	.LVL54:
 345:../../libtinyasuro/inc/asuro/time.h ****         sleep(36);
 438               		.loc 2 345 0
 439 019c E114      		cp r14,__zero_reg__	 ;  252	*cmphi/2	[length = 2]
 440 019e F104      		cpc r15,__zero_reg__
 441 01a0 01F4      		brne .L29	 ;  253	branch	[length = 1]
 442 01a2 00C0      		rjmp .L33	 ;  414	jump	[length = 1]
 443               	.LBE30:
 444               	.LBE29:
 445               	.LBE18:
 446               		.cfi_endproc
 447               	.LFE8:
 449               		.text
 450               	.Letext0:
 451               		.file 4 "/usr/lib/avr/include/stdint.h"
 452               		.file 5 "../../libtinyasuro/inc/asuro/motor.h"
 453               		.file 6 "../../libtinyasuro/inc/asuro/led.h"
 454               		.file 7 "/usr/lib/avr/include/stdlib.h"
 455               		.file 8 "../../libtinyasuro/inc/asuro/switches.h"
 456               		.file 9 "../../libtinyasuro/inc/asuro/sensors.h"
 457               		.file 10 "../../libtinyasuro/inc/asuro/asuro.h"
DEFINED SYMBOLS
                            *ABS*:00000000 main.c
     /tmp/ccvAh7Kc.s:2      *ABS*:0000003e __SP_H__
     /tmp/ccvAh7Kc.s:3      *ABS*:0000003d __SP_L__
     /tmp/ccvAh7Kc.s:4      *ABS*:0000003f __SREG__
     /tmp/ccvAh7Kc.s:5      *ABS*:00000000 __tmp_reg__
     /tmp/ccvAh7Kc.s:6      *ABS*:00000001 __zero_reg__
     /tmp/ccvAh7Kc.s:13     .text.stopAsuro:00000000 stopAsuro
     /tmp/ccvAh7Kc.s:71     .text.startup.main:00000000 main

UNDEFINED SYMBOLS
MotorSpeed
sleep
Init
PollSwitch
MotorDir
LineData
StatusLED
__divmodhi4
rand
BackLED
