Archive member included because of file (symbol)

../../libtinyasuro/libtinyasuro.a(motor.o)
                              *.o (MotorDir)
../../libtinyasuro/libtinyasuro.a(time.o)
                              *.o (sleep)
/usr/lib/gcc/avr/4.8.1/avr4/libgcc.a(_exit.o)
                              /usr/lib/gcc/avr/4.8.1/../../../avr/lib/avr4/crtm8.o (exit)
/usr/lib/gcc/avr/4.8.1/avr4/libgcc.a(_clear_bss.o)
                              ../../libtinyasuro/libtinyasuro.a(time.o) (__do_clear_bss)

Allocating common symbols
Common symbol       size              file

tick36kHz           0x1               ../../libtinyasuro/libtinyasuro.a(time.o)

Discarded input sections

 .bss           0x00000000        0x0 /usr/lib/gcc/avr/4.8.1/../../../avr/lib/avr4/crtm8.o
 .text          0x00000000        0x0 *.o
 .bss           0x00000000        0x0 *.o
 .text          0x00000000        0x0 ../../libtinyasuro/libtinyasuro.a(motor.o)
 .bss           0x00000000        0x0 ../../libtinyasuro/libtinyasuro.a(motor.o)
 .text.MotorInit
                0x00000000       0x26 ../../libtinyasuro/libtinyasuro.a(motor.o)
 .text          0x00000000        0x0 ../../libtinyasuro/libtinyasuro.a(time.o)
 .bss           0x00000000        0x0 ../../libtinyasuro/libtinyasuro.a(time.o)
 .text.Timer2Init
                0x00000000       0x1c ../../libtinyasuro/libtinyasuro.a(time.o)
 .text.sleepUntilInterrupt
                0x00000000       0x1a ../../libtinyasuro/libtinyasuro.a(time.o)
 .text          0x00000000        0x0 /usr/lib/gcc/avr/4.8.1/avr4/libgcc.a(_exit.o)
 .bss           0x00000000        0x0 /usr/lib/gcc/avr/4.8.1/avr4/libgcc.a(_exit.o)
 .text.libgcc.mul
                0x00000000        0x0 /usr/lib/gcc/avr/4.8.1/avr4/libgcc.a(_exit.o)
 .text.libgcc.div
                0x00000000        0x0 /usr/lib/gcc/avr/4.8.1/avr4/libgcc.a(_exit.o)
 .text.libgcc   0x00000000        0x0 /usr/lib/gcc/avr/4.8.1/avr4/libgcc.a(_exit.o)
 .text.libgcc.prologue
                0x00000000        0x0 /usr/lib/gcc/avr/4.8.1/avr4/libgcc.a(_exit.o)
 .text.libgcc.builtins
                0x00000000        0x0 /usr/lib/gcc/avr/4.8.1/avr4/libgcc.a(_exit.o)
 .text.libgcc.fmul
                0x00000000        0x0 /usr/lib/gcc/avr/4.8.1/avr4/libgcc.a(_exit.o)
 .text.libgcc.fixed
                0x00000000        0x0 /usr/lib/gcc/avr/4.8.1/avr4/libgcc.a(_exit.o)
 .text          0x00000000        0x0 /usr/lib/gcc/avr/4.8.1/avr4/libgcc.a(_clear_bss.o)
 .bss           0x00000000        0x0 /usr/lib/gcc/avr/4.8.1/avr4/libgcc.a(_clear_bss.o)
 .text.libgcc.mul
                0x00000000        0x0 /usr/lib/gcc/avr/4.8.1/avr4/libgcc.a(_clear_bss.o)
 .text.libgcc.div
                0x00000000        0x0 /usr/lib/gcc/avr/4.8.1/avr4/libgcc.a(_clear_bss.o)
 .text.libgcc   0x00000000        0x0 /usr/lib/gcc/avr/4.8.1/avr4/libgcc.a(_clear_bss.o)
 .text.libgcc.prologue
                0x00000000        0x0 /usr/lib/gcc/avr/4.8.1/avr4/libgcc.a(_clear_bss.o)
 .text.libgcc.builtins
                0x00000000        0x0 /usr/lib/gcc/avr/4.8.1/avr4/libgcc.a(_clear_bss.o)
 .text.libgcc.fmul
                0x00000000        0x0 /usr/lib/gcc/avr/4.8.1/avr4/libgcc.a(_clear_bss.o)
 .text.libgcc.fixed
                0x00000000        0x0 /usr/lib/gcc/avr/4.8.1/avr4/libgcc.a(_clear_bss.o)

Memory Configuration

Name             Origin             Length             Attributes
text             0x00000000         0x00002000         xr
data             0x00800060         0x0000ffa0         rw !x
eeprom           0x00810000         0x00010000         rw !x
fuse             0x00820000         0x00000400         rw !x
lock             0x00830000         0x00000400         rw !x
signature        0x00840000         0x00000400         rw !x
user_signatures  0x00850000         0x00000400         rw !x
*default*        0x00000000         0xffffffff

Linker script and memory map

LOAD /usr/lib/gcc/avr/4.8.1/../../../avr/lib/avr4/crtm8.o
LOAD *.o
LOAD ../../libtinyasuro/libtinyasuro.a
LOAD /usr/lib/gcc/avr/4.8.1/../../../avr/lib/avr4/libm.a
LOAD ../../libtinyasuro/libtinyasuro.a
START GROUP
LOAD /usr/lib/gcc/avr/4.8.1/avr4/libgcc.a
LOAD /usr/lib/gcc/avr/4.8.1/../../../avr/lib/avr4/libm.a
LOAD /usr/lib/gcc/avr/4.8.1/../../../avr/lib/avr4/libc.a
END GROUP

.hash
 *(.hash)

.dynsym
 *(.dynsym)

.dynstr
 *(.dynstr)

.gnu.version
 *(.gnu.version)

.gnu.version_d
 *(.gnu.version_d)

.gnu.version_r
 *(.gnu.version_r)

.rel.init
 *(.rel.init)

.rela.init
 *(.rela.init)

.rel.text
 *(.rel.text)
 *(.rel.text.*)
 *(.rel.gnu.linkonce.t*)

.rela.text
 *(.rela.text)
 *(.rela.text.*)
 *(.rela.gnu.linkonce.t*)

.rel.fini
 *(.rel.fini)

.rela.fini
 *(.rela.fini)

.rel.rodata
 *(.rel.rodata)
 *(.rel.rodata.*)
 *(.rel.gnu.linkonce.r*)

.rela.rodata
 *(.rela.rodata)
 *(.rela.rodata.*)
 *(.rela.gnu.linkonce.r*)

.rel.data
 *(.rel.data)
 *(.rel.data.*)
 *(.rel.gnu.linkonce.d*)

.rela.data
 *(.rela.data)
 *(.rela.data.*)
 *(.rela.gnu.linkonce.d*)

.rel.ctors
 *(.rel.ctors)

.rela.ctors
 *(.rela.ctors)

.rel.dtors
 *(.rel.dtors)

.rela.dtors
 *(.rela.dtors)

.rel.got
 *(.rel.got)

.rela.got
 *(.rela.got)

.rel.bss
 *(.rel.bss)

.rela.bss
 *(.rela.bss)

.rel.plt
 *(.rel.plt)

.rela.plt
 *(.rela.plt)

.text           0x00000000       0xec
 *(.vectors)
 .vectors       0x00000000       0x26 /usr/lib/gcc/avr/4.8.1/../../../avr/lib/avr4/crtm8.o
                0x00000000                __vectors
                0x00000000                __vector_default
 *(.vectors)
 *(.progmem.gcc*)
                0x00000026                . = ALIGN (0x2)
                0x00000026                __trampolines_start = .
 *(.trampolines)
 .trampolines   0x00000026        0x0 linker stubs
 *(.trampolines*)
                0x00000026                __trampolines_end = .
 *(.progmem*)
                0x00000026                . = ALIGN (0x2)
 *(.jumptables)
 *(.jumptables*)
 *(.lowtext)
 *(.lowtext*)
                0x00000026                __ctors_start = .
 *(.ctors)
                0x00000026                __ctors_end = .
                0x00000026                __dtors_start = .
 *(.dtors)
                0x00000026                __dtors_end = .
 SORT(*)(.ctors)
 SORT(*)(.dtors)
 *(.init0)
 .init0         0x00000026        0x0 /usr/lib/gcc/avr/4.8.1/../../../avr/lib/avr4/crtm8.o
                0x00000026                __init
 *(.init0)
 *(.init1)
 *(.init1)
 *(.init2)
 .init2         0x00000026        0xc /usr/lib/gcc/avr/4.8.1/../../../avr/lib/avr4/crtm8.o
 *(.init2)
 *(.init3)
 *(.init3)
 *(.init4)
 .init4         0x00000032       0x10 /usr/lib/gcc/avr/4.8.1/avr4/libgcc.a(_clear_bss.o)
                0x00000032                __do_clear_bss
 *(.init4)
 *(.init5)
 *(.init5)
 *(.init6)
 *(.init6)
 *(.init7)
 *(.init7)
 *(.init8)
 *(.init8)
 *(.init9)
 .init9         0x00000042        0x4 /usr/lib/gcc/avr/4.8.1/../../../avr/lib/avr4/crtm8.o
 *(.init9)
 *(.text)
 .text          0x00000046        0x2 /usr/lib/gcc/avr/4.8.1/../../../avr/lib/avr4/crtm8.o
                0x00000046                __vector_1
                0x00000046                __vector_12
                0x00000046                __bad_interrupt
                0x00000046                __vector_6
                0x00000046                __vector_3
                0x00000046                __vector_11
                0x00000046                __vector_13
                0x00000046                __vector_17
                0x00000046                __vector_7
                0x00000046                __vector_5
                0x00000046                __vector_9
                0x00000046                __vector_2
                0x00000046                __vector_15
                0x00000046                __vector_8
                0x00000046                __vector_14
                0x00000046                __vector_10
                0x00000046                __vector_16
                0x00000046                __vector_18
                0x00000048                . = ALIGN (0x2)
 *(.text.*)
 .text.startup.main
                0x00000048       0x28 *.o
                0x00000048                main
 .text.MotorDir
                0x00000070       0x18 ../../libtinyasuro/libtinyasuro.a(motor.o)
                0x00000070                MotorDir
 .text.MotorSpeed
                0x00000088        0xe ../../libtinyasuro/libtinyasuro.a(motor.o)
                0x00000088                MotorSpeed
 .text.__vector_4
                0x00000096       0x28 ../../libtinyasuro/libtinyasuro.a(time.o)
                0x00000096                __vector_4
 .text.sleep    0x000000be       0x2a ../../libtinyasuro/libtinyasuro.a(time.o)
                0x000000be                sleep
                0x000000e8                . = ALIGN (0x2)
 *(.fini9)
 .fini9         0x000000e8        0x0 /usr/lib/gcc/avr/4.8.1/avr4/libgcc.a(_exit.o)
                0x000000e8                exit
                0x000000e8                _exit
 *(.fini9)
 *(.fini8)
 *(.fini8)
 *(.fini7)
 *(.fini7)
 *(.fini6)
 *(.fini6)
 *(.fini5)
 *(.fini5)
 *(.fini4)
 *(.fini4)
 *(.fini3)
 *(.fini3)
 *(.fini2)
 *(.fini2)
 *(.fini1)
 *(.fini1)
 *(.fini0)
 .fini0         0x000000e8        0x4 /usr/lib/gcc/avr/4.8.1/avr4/libgcc.a(_exit.o)
 *(.fini0)
                0x000000ec                _etext = .

.data           0x00800060        0x0 load address 0x000000ec
                0x00800060                PROVIDE (__data_start, .)
 *(.data)
 .data          0x00800060        0x0 /usr/lib/gcc/avr/4.8.1/../../../avr/lib/avr4/crtm8.o
 .data          0x00800060        0x0 *.o
 .data          0x00800060        0x0 ../../libtinyasuro/libtinyasuro.a(motor.o)
 .data          0x00800060        0x0 ../../libtinyasuro/libtinyasuro.a(time.o)
 .data          0x00800060        0x0 /usr/lib/gcc/avr/4.8.1/avr4/libgcc.a(_exit.o)
 .data          0x00800060        0x0 /usr/lib/gcc/avr/4.8.1/avr4/libgcc.a(_clear_bss.o)
 *(.data*)
 *(.rodata)
 *(.rodata*)
 *(.gnu.linkonce.d*)
                0x00800060                . = ALIGN (0x2)
                0x00800060                _edata = .
                0x00800060                PROVIDE (__data_end, .)

.bss            0x00800060        0x1
                0x00800060                PROVIDE (__bss_start, .)
 *(.bss)
 *(.bss*)
 *(COMMON)
 COMMON         0x00800060        0x1 ../../libtinyasuro/libtinyasuro.a(time.o)
                0x00800060                tick36kHz
                0x00800061                PROVIDE (__bss_end, .)
                0x000000ec                __data_load_start = LOADADDR (.data)
                0x000000ec                __data_load_end = (__data_load_start + SIZEOF (.data))

.noinit         0x00800061        0x0
                0x00800061                PROVIDE (__noinit_start, .)
 *(.noinit*)
                0x00800061                PROVIDE (__noinit_end, .)
                0x00800061                _end = .
                0x00800061                PROVIDE (__heap_start, .)

.eeprom         0x00810000        0x0
 *(.eeprom*)
                0x00810000                __eeprom_end = .

.fuse
 *(.fuse)
 *(.lfuse)
 *(.hfuse)
 *(.efuse)

.lock
 *(.lock*)

.signature
 *(.signature*)

.user_signatures
 *(.user_signatures*)

.stab
 *(.stab)

.stabstr
 *(.stabstr)

.stab.excl
 *(.stab.excl)

.stab.exclstr
 *(.stab.exclstr)

.stab.index
 *(.stab.index)

.stab.indexstr
 *(.stab.indexstr)

.comment        0x00000000       0x22
 *(.comment)
 .comment       0x00000000       0x11 *.o
                                 0x12 (size before relaxing)
 .comment       0x00000011       0x11 ../../libtinyasuro/libtinyasuro.a(motor.o)
                                 0x12 (size before relaxing)
 .comment       0x00000000       0x12 ../../libtinyasuro/libtinyasuro.a(time.o)

.note.gnu.build-id
 *(.note.gnu.build-id)

.debug
 *(.debug)

.line
 *(.line)

.debug_srcinfo
 *(.debug_srcinfo)

.debug_sfnames
 *(.debug_sfnames)

.debug_aranges  0x00000000       0x88
 *(.debug_aranges)
 .debug_aranges
                0x00000000       0x20 *.o
 .debug_aranges
                0x00000020       0x30 ../../libtinyasuro/libtinyasuro.a(motor.o)
 .debug_aranges
                0x00000050       0x38 ../../libtinyasuro/libtinyasuro.a(time.o)

.debug_pubnames
 *(.debug_pubnames)

.debug_info     0x00000000      0x483
 *(.debug_info .gnu.linkonce.wi.*)
 .debug_info    0x00000000      0x184 *.o
 .debug_info    0x00000184      0x1f4 ../../libtinyasuro/libtinyasuro.a(motor.o)
 .debug_info    0x00000378      0x10b ../../libtinyasuro/libtinyasuro.a(time.o)

.debug_abbrev   0x00000000      0x2ea
 *(.debug_abbrev)
 .debug_abbrev  0x00000000       0xf4 *.o
 .debug_abbrev  0x000000f4      0x13d ../../libtinyasuro/libtinyasuro.a(motor.o)
 .debug_abbrev  0x00000231       0xb9 ../../libtinyasuro/libtinyasuro.a(time.o)

.debug_line     0x00000000      0x22c
 *(.debug_line .debug_line.* .debug_line_end)
 .debug_line    0x00000000       0xac *.o
 .debug_line    0x000000ac       0xd2 ../../libtinyasuro/libtinyasuro.a(motor.o)
 .debug_line    0x0000017e       0xae ../../libtinyasuro/libtinyasuro.a(time.o)

.debug_frame    0x00000000       0xd0
 *(.debug_frame)
 .debug_frame   0x00000000       0x24 *.o
 .debug_frame   0x00000024       0x44 ../../libtinyasuro/libtinyasuro.a(motor.o)
 .debug_frame   0x00000068       0x68 ../../libtinyasuro/libtinyasuro.a(time.o)

.debug_str      0x00000000      0x2e6
 *(.debug_str)
 .debug_str     0x00000000      0x147 *.o
                                0x181 (size before relaxing)
 .debug_str     0x00000147      0x140 ../../libtinyasuro/libtinyasuro.a(motor.o)
                                0x1c3 (size before relaxing)
 .debug_str     0x00000287       0x5f ../../libtinyasuro/libtinyasuro.a(time.o)
                                0x1ae (size before relaxing)

.debug_loc      0x00000000      0x11e
 *(.debug_loc)
 .debug_loc     0x00000000       0x42 *.o
 .debug_loc     0x00000042       0x82 ../../libtinyasuro/libtinyasuro.a(motor.o)
 .debug_loc     0x000000c4       0x5a ../../libtinyasuro/libtinyasuro.a(time.o)

.debug_macinfo
 *(.debug_macinfo)

.debug_weaknames
 *(.debug_weaknames)

.debug_funcnames
 *(.debug_funcnames)

.debug_typenames
 *(.debug_typenames)

.debug_varnames
 *(.debug_varnames)

.debug_pubtypes
 *(.debug_pubtypes)

.debug_ranges   0x00000000       0x58
 *(.debug_ranges)
 .debug_ranges  0x00000000       0x10 *.o
 .debug_ranges  0x00000010       0x20 ../../libtinyasuro/libtinyasuro.a(motor.o)
 .debug_ranges  0x00000030       0x28 ../../libtinyasuro/libtinyasuro.a(time.o)

.debug_macro
 *(.debug_macro)
OUTPUT(main.elf elf32-avr)
LOAD linker stubs

Cross Reference Table

Symbol                                            File
MotorDir                                          ../../libtinyasuro/libtinyasuro.a(motor.o)
                                                  *.o
MotorInit                                         ../../libtinyasuro/libtinyasuro.a(motor.o)
MotorSpeed                                        ../../libtinyasuro/libtinyasuro.a(motor.o)
                                                  *.o
Timer2Init                                        ../../libtinyasuro/libtinyasuro.a(time.o)
__bad_interrupt                                   /usr/lib/gcc/avr/4.8.1/../../../avr/lib/avr4/crtm8.o
__bss_end                                         /usr/lib/gcc/avr/4.8.1/avr4/libgcc.a(_clear_bss.o)
__bss_start                                       /usr/lib/gcc/avr/4.8.1/avr4/libgcc.a(_clear_bss.o)
__do_clear_bss                                    /usr/lib/gcc/avr/4.8.1/avr4/libgcc.a(_clear_bss.o)
                                                  ../../libtinyasuro/libtinyasuro.a(time.o)
__heap_end                                        /usr/lib/gcc/avr/4.8.1/../../../avr/lib/avr4/crtm8.o
__init                                            /usr/lib/gcc/avr/4.8.1/../../../avr/lib/avr4/crtm8.o
__stack                                           /usr/lib/gcc/avr/4.8.1/../../../avr/lib/avr4/crtm8.o
__vector_1                                        /usr/lib/gcc/avr/4.8.1/../../../avr/lib/avr4/crtm8.o
__vector_10                                       /usr/lib/gcc/avr/4.8.1/../../../avr/lib/avr4/crtm8.o
__vector_11                                       /usr/lib/gcc/avr/4.8.1/../../../avr/lib/avr4/crtm8.o
__vector_12                                       /usr/lib/gcc/avr/4.8.1/../../../avr/lib/avr4/crtm8.o
__vector_13                                       /usr/lib/gcc/avr/4.8.1/../../../avr/lib/avr4/crtm8.o
__vector_14                                       /usr/lib/gcc/avr/4.8.1/../../../avr/lib/avr4/crtm8.o
__vector_15                                       /usr/lib/gcc/avr/4.8.1/../../../avr/lib/avr4/crtm8.o
__vector_16                                       /usr/lib/gcc/avr/4.8.1/../../../avr/lib/avr4/crtm8.o
__vector_17                                       /usr/lib/gcc/avr/4.8.1/../../../avr/lib/avr4/crtm8.o
__vector_18                                       /usr/lib/gcc/avr/4.8.1/../../../avr/lib/avr4/crtm8.o
__vector_2                                        /usr/lib/gcc/avr/4.8.1/../../../avr/lib/avr4/crtm8.o
__vector_3                                        /usr/lib/gcc/avr/4.8.1/../../../avr/lib/avr4/crtm8.o
__vector_4                                        ../../libtinyasuro/libtinyasuro.a(time.o)
                                                  /usr/lib/gcc/avr/4.8.1/../../../avr/lib/avr4/crtm8.o
__vector_5                                        /usr/lib/gcc/avr/4.8.1/../../../avr/lib/avr4/crtm8.o
__vector_6                                        /usr/lib/gcc/avr/4.8.1/../../../avr/lib/avr4/crtm8.o
__vector_7                                        /usr/lib/gcc/avr/4.8.1/../../../avr/lib/avr4/crtm8.o
__vector_8                                        /usr/lib/gcc/avr/4.8.1/../../../avr/lib/avr4/crtm8.o
__vector_9                                        /usr/lib/gcc/avr/4.8.1/../../../avr/lib/avr4/crtm8.o
__vector_default                                  /usr/lib/gcc/avr/4.8.1/../../../avr/lib/avr4/crtm8.o
__vectors                                         /usr/lib/gcc/avr/4.8.1/../../../avr/lib/avr4/crtm8.o
_exit                                             /usr/lib/gcc/avr/4.8.1/avr4/libgcc.a(_exit.o)
exit                                              /usr/lib/gcc/avr/4.8.1/avr4/libgcc.a(_exit.o)
                                                  /usr/lib/gcc/avr/4.8.1/../../../avr/lib/avr4/crtm8.o
main                                              *.o
                                                  /usr/lib/gcc/avr/4.8.1/../../../avr/lib/avr4/crtm8.o
sleep                                             ../../libtinyasuro/libtinyasuro.a(time.o)
                                                  *.o
sleepUntilInterrupt                               ../../libtinyasuro/libtinyasuro.a(time.o)
tick36kHz                                         ../../libtinyasuro/libtinyasuro.a(time.o)
