Archive member included because of file (symbol)

../../libtinyasuro/libtinyasuro.a(asuro.o)
                              *.o (Init)
../../libtinyasuro/libtinyasuro.a(led.o)
                              *.o (StatusLED)
../../libtinyasuro/libtinyasuro.a(motor.o)
                              *.o (MotorDir)
../../libtinyasuro/libtinyasuro.a(sensors.o)
                              *.o (LineData)
../../libtinyasuro/libtinyasuro.a(switches.o)
                              ../../libtinyasuro/libtinyasuro.a(asuro.o) (SwitchInit)
../../libtinyasuro/libtinyasuro.a(time.o)
                              ../../libtinyasuro/libtinyasuro.a(asuro.o) (Timer2Init)
../../libtinyasuro/libtinyasuro.a(adc.o)
                              ../../libtinyasuro/libtinyasuro.a(asuro.o) (ADCInit)
/usr/lib/gcc/avr/4.8.1/avr4/libgcc.a(_udivmodhi4.o)
                              ../../libtinyasuro/libtinyasuro.a(switches.o) (__udivmodhi4)
/usr/lib/gcc/avr/4.8.1/avr4/libgcc.a(_divmodhi4.o)
                              *.o (__divmodhi4)
/usr/lib/gcc/avr/4.8.1/avr4/libgcc.a(_exit.o)
                              /usr/lib/gcc/avr/4.8.1/../../../avr/lib/avr4/crtm8.o (exit)
/usr/lib/gcc/avr/4.8.1/avr4/libgcc.a(_clear_bss.o)
                              ../../libtinyasuro/libtinyasuro.a(sensors.o) (__do_clear_bss)

Allocating common symbols
Common symbol       size              file

lineDataUpdated     0x1               ../../libtinyasuro/libtinyasuro.a(sensors.o)
amMode              0x1               ../../libtinyasuro/libtinyasuro.a(sensors.o)
odoData             0x2               ../../libtinyasuro/libtinyasuro.a(sensors.o)
switch_event        0x1               ../../libtinyasuro/libtinyasuro.a(switches.o)
lineData            0x2               ../../libtinyasuro/libtinyasuro.a(sensors.o)
tick36kHz           0x1               ../../libtinyasuro/libtinyasuro.a(time.o)
odoDataUpdated      0x1               ../../libtinyasuro/libtinyasuro.a(sensors.o)

Discarded input sections

 .bss           0x00000000        0x0 /usr/lib/gcc/avr/4.8.1/../../../avr/lib/avr4/crtm8.o
 .text          0x00000000        0x0 *.o
 .bss           0x00000000        0x0 *.o
 .text          0x00000000        0x0 ../../libtinyasuro/libtinyasuro.a(asuro.o)
 .bss           0x00000000        0x0 ../../libtinyasuro/libtinyasuro.a(asuro.o)
 .text          0x00000000        0x0 ../../libtinyasuro/libtinyasuro.a(led.o)
 .bss           0x00000000        0x0 ../../libtinyasuro/libtinyasuro.a(led.o)
 .text          0x00000000        0x0 ../../libtinyasuro/libtinyasuro.a(motor.o)
 .bss           0x00000000        0x0 ../../libtinyasuro/libtinyasuro.a(motor.o)
 .text          0x00000000        0x0 ../../libtinyasuro/libtinyasuro.a(sensors.o)
 .bss           0x00000000        0x0 ../../libtinyasuro/libtinyasuro.a(sensors.o)
 .text.SensorInit
                0x00000000       0x1a ../../libtinyasuro/libtinyasuro.a(sensors.o)
 .text.SensorConfigAutomode
                0x00000000       0x1a ../../libtinyasuro/libtinyasuro.a(sensors.o)
 .text.OdometryData
                0x00000000       0x3a ../../libtinyasuro/libtinyasuro.a(sensors.o)
 .text.BatteryVoltage
                0x00000000       0x32 ../../libtinyasuro/libtinyasuro.a(sensors.o)
 .text          0x00000000        0x0 ../../libtinyasuro/libtinyasuro.a(switches.o)
 .bss           0x00000000        0x0 ../../libtinyasuro/libtinyasuro.a(switches.o)
 .text.SwitchInterruptEnable
                0x00000000       0x14 ../../libtinyasuro/libtinyasuro.a(switches.o)
 .text.SwitchInterruptDisable
                0x00000000        0xe ../../libtinyasuro/libtinyasuro.a(switches.o)
 .text          0x00000000        0x0 ../../libtinyasuro/libtinyasuro.a(time.o)
 .bss           0x00000000        0x0 ../../libtinyasuro/libtinyasuro.a(time.o)
 .text.sleepUntilInterrupt
                0x00000000       0x1a ../../libtinyasuro/libtinyasuro.a(time.o)
 .text          0x00000000        0x0 ../../libtinyasuro/libtinyasuro.a(adc.o)
 .bss           0x00000000        0x0 ../../libtinyasuro/libtinyasuro.a(adc.o)
 .text.ADCInterruptDisable
                0x00000000       0x12 ../../libtinyasuro/libtinyasuro.a(adc.o)
 .text          0x00000000        0x0 /usr/lib/gcc/avr/4.8.1/avr4/libgcc.a(_udivmodhi4.o)
 .bss           0x00000000        0x0 /usr/lib/gcc/avr/4.8.1/avr4/libgcc.a(_udivmodhi4.o)
 .text.libgcc.mul
                0x00000000        0x0 /usr/lib/gcc/avr/4.8.1/avr4/libgcc.a(_udivmodhi4.o)
 .text.libgcc   0x00000000        0x0 /usr/lib/gcc/avr/4.8.1/avr4/libgcc.a(_udivmodhi4.o)
 .text.libgcc.prologue
                0x00000000        0x0 /usr/lib/gcc/avr/4.8.1/avr4/libgcc.a(_udivmodhi4.o)
 .text.libgcc.builtins
                0x00000000        0x0 /usr/lib/gcc/avr/4.8.1/avr4/libgcc.a(_udivmodhi4.o)
 .text.libgcc.fmul
                0x00000000        0x0 /usr/lib/gcc/avr/4.8.1/avr4/libgcc.a(_udivmodhi4.o)
 .text.libgcc.fixed
                0x00000000        0x0 /usr/lib/gcc/avr/4.8.1/avr4/libgcc.a(_udivmodhi4.o)
 .text          0x00000000        0x0 /usr/lib/gcc/avr/4.8.1/avr4/libgcc.a(_divmodhi4.o)
 .bss           0x00000000        0x0 /usr/lib/gcc/avr/4.8.1/avr4/libgcc.a(_divmodhi4.o)
 .text.libgcc.mul
                0x00000000        0x0 /usr/lib/gcc/avr/4.8.1/avr4/libgcc.a(_divmodhi4.o)
 .text.libgcc   0x00000000        0x0 /usr/lib/gcc/avr/4.8.1/avr4/libgcc.a(_divmodhi4.o)
 .text.libgcc.prologue
                0x00000000        0x0 /usr/lib/gcc/avr/4.8.1/avr4/libgcc.a(_divmodhi4.o)
 .text.libgcc.builtins
                0x00000000        0x0 /usr/lib/gcc/avr/4.8.1/avr4/libgcc.a(_divmodhi4.o)
 .text.libgcc.fmul
                0x00000000        0x0 /usr/lib/gcc/avr/4.8.1/avr4/libgcc.a(_divmodhi4.o)
 .text.libgcc.fixed
                0x00000000        0x0 /usr/lib/gcc/avr/4.8.1/avr4/libgcc.a(_divmodhi4.o)
 .text          0x00000000        0x0 /usr/lib/gcc/avr/4.8.1/avr4/libgcc.a(_exit.o)
 .bss           0x00000000        0x0 /usr/lib/gcc/avr/4.8.1/avr4/libgcc.a(_exit.o)
 .text.libgcc.mul
                0x00000000        0x0 /usr/lib/gcc/avr/4.8.1/avr4/libgcc.a(_exit.o)
 .text.libgcc.div
                0x00000000        0x0 /usr/lib/gcc/avr/4.8.1/avr4/libgcc.a(_exit.o)
 .text.libgcc   0x00000000        0x0 /usr/lib/gcc/avr/4.8.1/avr4/libgcc.a(_exit.o)
 .text.libgcc.prologue
                0x00000000        0x0 /usr/lib/gcc/avr/4.8.1/avr4/libgcc.a(_exit.o)
 .text.libgcc.builtins
                0x00000000        0x0 /usr/lib/gcc/avr/4.8.1/avr4/libgcc.a(_exit.o)
 .text.libgcc.fmul
                0x00000000        0x0 /usr/lib/gcc/avr/4.8.1/avr4/libgcc.a(_exit.o)
 .text.libgcc.fixed
                0x00000000        0x0 /usr/lib/gcc/avr/4.8.1/avr4/libgcc.a(_exit.o)
 .text          0x00000000        0x0 /usr/lib/gcc/avr/4.8.1/avr4/libgcc.a(_clear_bss.o)
 .bss           0x00000000        0x0 /usr/lib/gcc/avr/4.8.1/avr4/libgcc.a(_clear_bss.o)
 .text.libgcc.mul
                0x00000000        0x0 /usr/lib/gcc/avr/4.8.1/avr4/libgcc.a(_clear_bss.o)
 .text.libgcc.div
                0x00000000        0x0 /usr/lib/gcc/avr/4.8.1/avr4/libgcc.a(_clear_bss.o)
 .text.libgcc   0x00000000        0x0 /usr/lib/gcc/avr/4.8.1/avr4/libgcc.a(_clear_bss.o)
 .text.libgcc.prologue
                0x00000000        0x0 /usr/lib/gcc/avr/4.8.1/avr4/libgcc.a(_clear_bss.o)
 .text.libgcc.builtins
                0x00000000        0x0 /usr/lib/gcc/avr/4.8.1/avr4/libgcc.a(_clear_bss.o)
 .text.libgcc.fmul
                0x00000000        0x0 /usr/lib/gcc/avr/4.8.1/avr4/libgcc.a(_clear_bss.o)
 .text.libgcc.fixed
                0x00000000        0x0 /usr/lib/gcc/avr/4.8.1/avr4/libgcc.a(_clear_bss.o)

Memory Configuration

Name             Origin             Length             Attributes
text             0x00000000         0x00002000         xr
data             0x00800060         0x0000ffa0         rw !x
eeprom           0x00810000         0x00010000         rw !x
fuse             0x00820000         0x00000400         rw !x
lock             0x00830000         0x00000400         rw !x
signature        0x00840000         0x00000400         rw !x
user_signatures  0x00850000         0x00000400         rw !x
*default*        0x00000000         0xffffffff

Linker script and memory map

LOAD /usr/lib/gcc/avr/4.8.1/../../../avr/lib/avr4/crtm8.o
LOAD *.o
LOAD ../../libtinyasuro/libtinyasuro.a
LOAD /usr/lib/gcc/avr/4.8.1/../../../avr/lib/avr4/libm.a
LOAD ../../libtinyasuro/libtinyasuro.a
START GROUP
LOAD /usr/lib/gcc/avr/4.8.1/avr4/libgcc.a
LOAD /usr/lib/gcc/avr/4.8.1/../../../avr/lib/avr4/libm.a
LOAD /usr/lib/gcc/avr/4.8.1/../../../avr/lib/avr4/libc.a
END GROUP

.hash
 *(.hash)

.dynsym
 *(.dynsym)

.dynstr
 *(.dynstr)

.gnu.version
 *(.gnu.version)

.gnu.version_d
 *(.gnu.version_d)

.gnu.version_r
 *(.gnu.version_r)

.rel.init
 *(.rel.init)

.rela.init
 *(.rela.init)

.rel.text
 *(.rel.text)
 *(.rel.text.*)
 *(.rel.gnu.linkonce.t*)

.rela.text
 *(.rela.text)
 *(.rela.text.*)
 *(.rela.gnu.linkonce.t*)

.rel.fini
 *(.rel.fini)

.rela.fini
 *(.rela.fini)

.rel.rodata
 *(.rel.rodata)
 *(.rel.rodata.*)
 *(.rel.gnu.linkonce.r*)

.rela.rodata
 *(.rela.rodata)
 *(.rela.rodata.*)
 *(.rela.gnu.linkonce.r*)

.rel.data
 *(.rel.data)
 *(.rel.data.*)
 *(.rel.gnu.linkonce.d*)

.rela.data
 *(.rela.data)
 *(.rela.data.*)
 *(.rela.gnu.linkonce.d*)

.rel.ctors
 *(.rel.ctors)

.rela.ctors
 *(.rela.ctors)

.rel.dtors
 *(.rel.dtors)

.rela.dtors
 *(.rela.dtors)

.rel.got
 *(.rel.got)

.rela.got
 *(.rela.got)

.rel.bss
 *(.rel.bss)

.rela.bss
 *(.rela.bss)

.rel.plt
 *(.rel.plt)

.rela.plt
 *(.rela.plt)

.text           0x00000000      0x514
 *(.vectors)
 .vectors       0x00000000       0x26 /usr/lib/gcc/avr/4.8.1/../../../avr/lib/avr4/crtm8.o
                0x00000000                __vectors
                0x00000000                __vector_default
 *(.vectors)
 *(.progmem.gcc*)
                0x00000026                . = ALIGN (0x2)
                0x00000026                __trampolines_start = .
 *(.trampolines)
 .trampolines   0x00000026        0x0 linker stubs
 *(.trampolines*)
                0x00000026                __trampolines_end = .
 *(.progmem*)
                0x00000026                . = ALIGN (0x2)
 *(.jumptables)
 *(.jumptables*)
 *(.lowtext)
 *(.lowtext*)
                0x00000026                __ctors_start = .
 *(.ctors)
                0x00000026                __ctors_end = .
                0x00000026                __dtors_start = .
 *(.dtors)
                0x00000026                __dtors_end = .
 SORT(*)(.ctors)
 SORT(*)(.dtors)
 *(.init0)
 .init0         0x00000026        0x0 /usr/lib/gcc/avr/4.8.1/../../../avr/lib/avr4/crtm8.o
                0x00000026                __init
 *(.init0)
 *(.init1)
 *(.init1)
 *(.init2)
 .init2         0x00000026        0xc /usr/lib/gcc/avr/4.8.1/../../../avr/lib/avr4/crtm8.o
 *(.init2)
 *(.init3)
 *(.init3)
 *(.init4)
 .init4         0x00000032       0x10 /usr/lib/gcc/avr/4.8.1/avr4/libgcc.a(_clear_bss.o)
                0x00000032                __do_clear_bss
 *(.init4)
 *(.init5)
 *(.init5)
 *(.init6)
 *(.init6)
 *(.init7)
 *(.init7)
 *(.init8)
 *(.init8)
 *(.init9)
 .init9         0x00000042        0x4 /usr/lib/gcc/avr/4.8.1/../../../avr/lib/avr4/crtm8.o
 *(.init9)
 *(.text)
 .text          0x00000046        0x2 /usr/lib/gcc/avr/4.8.1/../../../avr/lib/avr4/crtm8.o
                0x00000046                __vector_1
                0x00000046                __vector_12
                0x00000046                __bad_interrupt
                0x00000046                __vector_6
                0x00000046                __vector_3
                0x00000046                __vector_11
                0x00000046                __vector_13
                0x00000046                __vector_17
                0x00000046                __vector_7
                0x00000046                __vector_5
                0x00000046                __vector_9
                0x00000046                __vector_15
                0x00000046                __vector_8
                0x00000046                __vector_10
                0x00000046                __vector_16
                0x00000046                __vector_18
                0x00000048                . = ALIGN (0x2)
 *(.text.*)
 .text.startup.main
                0x00000048      0x138 *.o
                0x00000048                main
 .text.Init     0x00000180        0xe ../../libtinyasuro/libtinyasuro.a(asuro.o)
                0x00000180                Init
 .text.StatusLED
                0x0000018e        0xe ../../libtinyasuro/libtinyasuro.a(led.o)
                0x0000018e                StatusLED
 .text.FrontLED
                0x0000019c        0xc ../../libtinyasuro/libtinyasuro.a(led.o)
                0x0000019c                FrontLED
 .text.BackLEDFast
                0x000001a8       0x1a ../../libtinyasuro/libtinyasuro.a(led.o)
                0x000001a8                BackLEDFast
 .text.LEDInit  0x000001c2       0x18 ../../libtinyasuro/libtinyasuro.a(led.o)
                0x000001c2                LEDInit
 .text.BackLED  0x000001da       0x16 ../../libtinyasuro/libtinyasuro.a(led.o)
                0x000001da                BackLED
 .text.MotorDir
                0x000001f0       0x18 ../../libtinyasuro/libtinyasuro.a(motor.o)
                0x000001f0                MotorDir
 .text.MotorSpeed
                0x00000208        0xe ../../libtinyasuro/libtinyasuro.a(motor.o)
                0x00000208                MotorSpeed
 .text.MotorInit
                0x00000216       0x26 ../../libtinyasuro/libtinyasuro.a(motor.o)
                0x00000216                MotorInit
 .text.LineData
                0x0000023c       0x32 ../../libtinyasuro/libtinyasuro.a(sensors.o)
                0x0000023c                LineData
 .text.__vector_14
                0x0000026e       0xaa ../../libtinyasuro/libtinyasuro.a(sensors.o)
                0x0000026e                __vector_14
 .text.SwitchInit
                0x00000318       0x26 ../../libtinyasuro/libtinyasuro.a(switches.o)
                0x00000318                SwitchInit
 .text.PollSwitch
                0x0000033e       0x52 ../../libtinyasuro/libtinyasuro.a(switches.o)
                0x0000033e                PollSwitch
 .text.__vector_2
                0x00000390       0x24 ../../libtinyasuro/libtinyasuro.a(switches.o)
                0x00000390                __vector_2
 .text.Timer2Init
                0x000003b4       0x1c ../../libtinyasuro/libtinyasuro.a(time.o)
                0x000003b4                Timer2Init
 .text.__vector_4
                0x000003d0       0x28 ../../libtinyasuro/libtinyasuro.a(time.o)
                0x000003d0                __vector_4
 .text.sleep    0x000003f8       0x2a ../../libtinyasuro/libtinyasuro.a(time.o)
                0x000003f8                sleep
 .text.ADCInit  0x00000422        0xc ../../libtinyasuro/libtinyasuro.a(adc.o)
                0x00000422                ADCInit
 .text.__ADCBlockEnter
                0x0000042e       0x24 ../../libtinyasuro/libtinyasuro.a(adc.o)
                0x0000042e                __ADCBlockEnter
 .text.__ADCBlockLeave
                0x00000452       0x2c ../../libtinyasuro/libtinyasuro.a(adc.o)
                0x00000452                __ADCBlockLeave
 .text.ADCSelectChannel
                0x0000047e       0x12 ../../libtinyasuro/libtinyasuro.a(adc.o)
                0x0000047e                ADCSelectChannel
 .text.ADCMeasure
                0x00000490        0x8 ../../libtinyasuro/libtinyasuro.a(adc.o)
                0x00000490                ADCMeasure
 .text.ADCInterruptEnable
                0x00000498       0x2a ../../libtinyasuro/libtinyasuro.a(adc.o)
                0x00000498                ADCInterruptEnable
 .text.libgcc.div
                0x000004c2       0x28 /usr/lib/gcc/avr/4.8.1/avr4/libgcc.a(_udivmodhi4.o)
                0x000004c2                __udivmodhi4
 .text.libgcc.div
                0x000004ea       0x26 /usr/lib/gcc/avr/4.8.1/avr4/libgcc.a(_divmodhi4.o)
                0x000004ea                __divmodhi4
                0x000004ea                _div
                0x00000510                . = ALIGN (0x2)
 *(.fini9)
 .fini9         0x00000510        0x0 /usr/lib/gcc/avr/4.8.1/avr4/libgcc.a(_exit.o)
                0x00000510                exit
                0x00000510                _exit
 *(.fini9)
 *(.fini8)
 *(.fini8)
 *(.fini7)
 *(.fini7)
 *(.fini6)
 *(.fini6)
 *(.fini5)
 *(.fini5)
 *(.fini4)
 *(.fini4)
 *(.fini3)
 *(.fini3)
 *(.fini2)
 *(.fini2)
 *(.fini1)
 *(.fini1)
 *(.fini0)
 .fini0         0x00000510        0x4 /usr/lib/gcc/avr/4.8.1/avr4/libgcc.a(_exit.o)
 *(.fini0)
                0x00000514                _etext = .

.data           0x00800060        0x0 load address 0x00000514
                0x00800060                PROVIDE (__data_start, .)
 *(.data)
 .data          0x00800060        0x0 /usr/lib/gcc/avr/4.8.1/../../../avr/lib/avr4/crtm8.o
 .data          0x00800060        0x0 *.o
 .data          0x00800060        0x0 ../../libtinyasuro/libtinyasuro.a(asuro.o)
 .data          0x00800060        0x0 ../../libtinyasuro/libtinyasuro.a(led.o)
 .data          0x00800060        0x0 ../../libtinyasuro/libtinyasuro.a(motor.o)
 .data          0x00800060        0x0 ../../libtinyasuro/libtinyasuro.a(sensors.o)
 .data          0x00800060        0x0 ../../libtinyasuro/libtinyasuro.a(switches.o)
 .data          0x00800060        0x0 ../../libtinyasuro/libtinyasuro.a(time.o)
 .data          0x00800060        0x0 ../../libtinyasuro/libtinyasuro.a(adc.o)
 .data          0x00800060        0x0 /usr/lib/gcc/avr/4.8.1/avr4/libgcc.a(_udivmodhi4.o)
 .data          0x00800060        0x0 /usr/lib/gcc/avr/4.8.1/avr4/libgcc.a(_divmodhi4.o)
 .data          0x00800060        0x0 /usr/lib/gcc/avr/4.8.1/avr4/libgcc.a(_exit.o)
 .data          0x00800060        0x0 /usr/lib/gcc/avr/4.8.1/avr4/libgcc.a(_clear_bss.o)
 *(.data*)
 *(.rodata)
 *(.rodata*)
 *(.gnu.linkonce.d*)
                0x00800060                . = ALIGN (0x2)
                0x00800060                _edata = .
                0x00800060                PROVIDE (__data_end, .)

.bss            0x00800060        0xb
                0x00800060                PROVIDE (__bss_start, .)
 *(.bss)
 *(.bss*)
 .bss.right.1605
                0x00800060        0x1 ../../libtinyasuro/libtinyasuro.a(sensors.o)
 .bss.old_channel
                0x00800061        0x1 ../../libtinyasuro/libtinyasuro.a(adc.o)
 *(COMMON)
 COMMON         0x00800062        0x7 ../../libtinyasuro/libtinyasuro.a(sensors.o)
                0x00800062                lineDataUpdated
                0x00800063                amMode
                0x00800064                odoData
                0x00800066                lineData
                0x00800068                odoDataUpdated
 COMMON         0x00800069        0x1 ../../libtinyasuro/libtinyasuro.a(switches.o)
                0x00800069                switch_event
 COMMON         0x0080006a        0x1 ../../libtinyasuro/libtinyasuro.a(time.o)
                0x0080006a                tick36kHz
                0x0080006b                PROVIDE (__bss_end, .)
                0x00000514                __data_load_start = LOADADDR (.data)
                0x00000514                __data_load_end = (__data_load_start + SIZEOF (.data))

.noinit         0x0080006b        0x0
                0x0080006b                PROVIDE (__noinit_start, .)
 *(.noinit*)
                0x0080006b                PROVIDE (__noinit_end, .)
                0x0080006b                _end = .
                0x0080006b                PROVIDE (__heap_start, .)

.eeprom         0x00810000        0x0
 *(.eeprom*)
                0x00810000                __eeprom_end = .

.fuse
 *(.fuse)
 *(.lfuse)
 *(.hfuse)
 *(.efuse)

.lock
 *(.lock*)

.signature
 *(.signature*)

.user_signatures
 *(.user_signatures*)

.stab
 *(.stab)

.stabstr
 *(.stabstr)

.stab.excl
 *(.stab.excl)

.stab.exclstr
 *(.stab.exclstr)

.stab.index
 *(.stab.index)

.stab.indexstr
 *(.stab.indexstr)

.comment        0x00000000       0x22
 *(.comment)
 .comment       0x00000000       0x11 *.o
                                 0x12 (size before relaxing)
 .comment       0x00000011       0x11 ../../libtinyasuro/libtinyasuro.a(asuro.o)
                                 0x12 (size before relaxing)
 .comment       0x00000000       0x12 ../../libtinyasuro/libtinyasuro.a(led.o)
 .comment       0x00000000       0x12 ../../libtinyasuro/libtinyasuro.a(motor.o)
 .comment       0x00000000       0x12 ../../libtinyasuro/libtinyasuro.a(sensors.o)
 .comment       0x00000000       0x12 ../../libtinyasuro/libtinyasuro.a(switches.o)
 .comment       0x00000000       0x12 ../../libtinyasuro/libtinyasuro.a(time.o)
 .comment       0x00000000       0x12 ../../libtinyasuro/libtinyasuro.a(adc.o)

.note.gnu.build-id
 *(.note.gnu.build-id)

.debug
 *(.debug)

.line
 *(.line)

.debug_srcinfo
 *(.debug_srcinfo)

.debug_sfnames
 *(.debug_sfnames)

.debug_aranges  0x00000000      0x1c0
 *(.debug_aranges)
 .debug_aranges
                0x00000000       0x20 *.o
 .debug_aranges
                0x00000020       0x20 ../../libtinyasuro/libtinyasuro.a(asuro.o)
 .debug_aranges
                0x00000040       0x40 ../../libtinyasuro/libtinyasuro.a(led.o)
 .debug_aranges
                0x00000080       0x30 ../../libtinyasuro/libtinyasuro.a(motor.o)
 .debug_aranges
                0x000000b0       0x48 ../../libtinyasuro/libtinyasuro.a(sensors.o)
 .debug_aranges
                0x000000f8       0x40 ../../libtinyasuro/libtinyasuro.a(switches.o)
 .debug_aranges
                0x00000138       0x38 ../../libtinyasuro/libtinyasuro.a(time.o)
 .debug_aranges
                0x00000170       0x50 ../../libtinyasuro/libtinyasuro.a(adc.o)

.debug_pubnames
 *(.debug_pubnames)

.debug_info     0x00000000     0x1526
 *(.debug_info .gnu.linkonce.wi.*)
 .debug_info    0x00000000      0x3d5 *.o
 .debug_info    0x000003d5       0xdd ../../libtinyasuro/libtinyasuro.a(asuro.o)
 .debug_info    0x000004b2      0x1e4 ../../libtinyasuro/libtinyasuro.a(led.o)
 .debug_info    0x00000696      0x1f4 ../../libtinyasuro/libtinyasuro.a(motor.o)
 .debug_info    0x0000088a      0x49e ../../libtinyasuro/libtinyasuro.a(sensors.o)
 .debug_info    0x00000d28      0x36a ../../libtinyasuro/libtinyasuro.a(switches.o)
 .debug_info    0x00001092      0x10b ../../libtinyasuro/libtinyasuro.a(time.o)
 .debug_info    0x0000119d      0x389 ../../libtinyasuro/libtinyasuro.a(adc.o)

.debug_abbrev   0x00000000      0xa9b
 *(.debug_abbrev)
 .debug_abbrev  0x00000000      0x181 *.o
 .debug_abbrev  0x00000181       0x73 ../../libtinyasuro/libtinyasuro.a(asuro.o)
 .debug_abbrev  0x000001f4      0x14b ../../libtinyasuro/libtinyasuro.a(led.o)
 .debug_abbrev  0x0000033f      0x13d ../../libtinyasuro/libtinyasuro.a(motor.o)
 .debug_abbrev  0x0000047c      0x206 ../../libtinyasuro/libtinyasuro.a(sensors.o)
 .debug_abbrev  0x00000682      0x1e6 ../../libtinyasuro/libtinyasuro.a(switches.o)
 .debug_abbrev  0x00000868       0xb9 ../../libtinyasuro/libtinyasuro.a(time.o)
 .debug_abbrev  0x00000921      0x17a ../../libtinyasuro/libtinyasuro.a(adc.o)

.debug_line     0x00000000      0x7fc
 *(.debug_line .debug_line.* .debug_line_end)
 .debug_line    0x00000000      0x117 *.o
 .debug_line    0x00000117       0x83 ../../libtinyasuro/libtinyasuro.a(asuro.o)
 .debug_line    0x0000019a       0xeb ../../libtinyasuro/libtinyasuro.a(led.o)
 .debug_line    0x00000285       0xd2 ../../libtinyasuro/libtinyasuro.a(motor.o)
 .debug_line    0x00000357      0x139 ../../libtinyasuro/libtinyasuro.a(sensors.o)
 .debug_line    0x00000490      0x14a ../../libtinyasuro/libtinyasuro.a(switches.o)
 .debug_line    0x000005da       0xae ../../libtinyasuro/libtinyasuro.a(time.o)
 .debug_line    0x00000688      0x174 ../../libtinyasuro/libtinyasuro.a(adc.o)

.debug_frame    0x00000000      0x38c
 *(.debug_frame)
 .debug_frame   0x00000000       0x38 *.o
 .debug_frame   0x00000038       0x24 ../../libtinyasuro/libtinyasuro.a(asuro.o)
 .debug_frame   0x0000005c       0x64 ../../libtinyasuro/libtinyasuro.a(led.o)
 .debug_frame   0x000000c0       0x44 ../../libtinyasuro/libtinyasuro.a(motor.o)
 .debug_frame   0x00000104      0x10c ../../libtinyasuro/libtinyasuro.a(sensors.o)
 .debug_frame   0x00000210       0x90 ../../libtinyasuro/libtinyasuro.a(switches.o)
 .debug_frame   0x000002a0       0x68 ../../libtinyasuro/libtinyasuro.a(time.o)
 .debug_frame   0x00000308       0x84 ../../libtinyasuro/libtinyasuro.a(adc.o)

.debug_str      0x00000000      0x619
 *(.debug_str)
 .debug_str     0x00000000      0x1e0 *.o
                                0x224 (size before relaxing)
 .debug_str     0x000001e0      0x113 ../../libtinyasuro/libtinyasuro.a(asuro.o)
                                0x17f (size before relaxing)
 .debug_str     0x000002f3       0x57 ../../libtinyasuro/libtinyasuro.a(led.o)
                                0x1c5 (size before relaxing)
 .debug_str     0x0000034a       0x3c ../../libtinyasuro/libtinyasuro.a(motor.o)
                                0x1c3 (size before relaxing)
 .debug_str     0x00000386      0x15e ../../libtinyasuro/libtinyasuro.a(sensors.o)
                                0x2d1 (size before relaxing)
 .debug_str     0x000004e4       0x6f ../../libtinyasuro/libtinyasuro.a(switches.o)
                                0x25e (size before relaxing)
 .debug_str     0x00000553       0x54 ../../libtinyasuro/libtinyasuro.a(time.o)
                                0x1ae (size before relaxing)
 .debug_str     0x000005a7       0x72 ../../libtinyasuro/libtinyasuro.a(adc.o)
                                0x255 (size before relaxing)

.debug_loc      0x00000000      0x9d2
 *(.debug_loc)
 .debug_loc     0x00000000      0x20f *.o
 .debug_loc     0x0000020f       0x62 ../../libtinyasuro/libtinyasuro.a(led.o)
 .debug_loc     0x00000271       0x82 ../../libtinyasuro/libtinyasuro.a(motor.o)
 .debug_loc     0x000002f3      0x340 ../../libtinyasuro/libtinyasuro.a(sensors.o)
 .debug_loc     0x00000633      0x1be ../../libtinyasuro/libtinyasuro.a(switches.o)
 .debug_loc     0x000007f1       0x5a ../../libtinyasuro/libtinyasuro.a(time.o)
 .debug_loc     0x0000084b      0x187 ../../libtinyasuro/libtinyasuro.a(adc.o)

.debug_macinfo
 *(.debug_macinfo)

.debug_weaknames
 *(.debug_weaknames)

.debug_funcnames
 *(.debug_funcnames)

.debug_typenames
 *(.debug_typenames)

.debug_varnames
 *(.debug_varnames)

.debug_pubtypes
 *(.debug_pubtypes)

.debug_ranges   0x00000000      0x1a0
 *(.debug_ranges)
 .debug_ranges  0x00000000       0x10 *.o
 .debug_ranges  0x00000010       0x10 ../../libtinyasuro/libtinyasuro.a(asuro.o)
 .debug_ranges  0x00000020       0x30 ../../libtinyasuro/libtinyasuro.a(led.o)
 .debug_ranges  0x00000050       0x20 ../../libtinyasuro/libtinyasuro.a(motor.o)
 .debug_ranges  0x00000070       0x98 ../../libtinyasuro/libtinyasuro.a(sensors.o)
 .debug_ranges  0x00000108       0x30 ../../libtinyasuro/libtinyasuro.a(switches.o)
 .debug_ranges  0x00000138       0x28 ../../libtinyasuro/libtinyasuro.a(time.o)
 .debug_ranges  0x00000160       0x40 ../../libtinyasuro/libtinyasuro.a(adc.o)

.debug_macro
 *(.debug_macro)
OUTPUT(main.elf elf32-avr)
LOAD linker stubs

Cross Reference Table

Symbol                                            File
ADCInit                                           ../../libtinyasuro/libtinyasuro.a(adc.o)
                                                  ../../libtinyasuro/libtinyasuro.a(asuro.o)
ADCInterruptDisable                               ../../libtinyasuro/libtinyasuro.a(adc.o)
                                                  ../../libtinyasuro/libtinyasuro.a(sensors.o)
ADCInterruptEnable                                ../../libtinyasuro/libtinyasuro.a(adc.o)
                                                  ../../libtinyasuro/libtinyasuro.a(sensors.o)
ADCMeasure                                        ../../libtinyasuro/libtinyasuro.a(adc.o)
                                                  ../../libtinyasuro/libtinyasuro.a(switches.o)
                                                  ../../libtinyasuro/libtinyasuro.a(sensors.o)
ADCSelectChannel                                  ../../libtinyasuro/libtinyasuro.a(adc.o)
                                                  ../../libtinyasuro/libtinyasuro.a(switches.o)
                                                  ../../libtinyasuro/libtinyasuro.a(sensors.o)
BackLED                                           ../../libtinyasuro/libtinyasuro.a(led.o)
                                                  *.o
BackLEDFast                                       ../../libtinyasuro/libtinyasuro.a(led.o)
BatteryVoltage                                    ../../libtinyasuro/libtinyasuro.a(sensors.o)
FrontLED                                          ../../libtinyasuro/libtinyasuro.a(led.o)
                                                  *.o
Init                                              ../../libtinyasuro/libtinyasuro.a(asuro.o)
                                                  *.o
LEDInit                                           ../../libtinyasuro/libtinyasuro.a(led.o)
                                                  ../../libtinyasuro/libtinyasuro.a(asuro.o)
LineData                                          ../../libtinyasuro/libtinyasuro.a(sensors.o)
                                                  *.o
MotorDir                                          ../../libtinyasuro/libtinyasuro.a(motor.o)
                                                  *.o
MotorInit                                         ../../libtinyasuro/libtinyasuro.a(motor.o)
                                                  ../../libtinyasuro/libtinyasuro.a(asuro.o)
MotorSpeed                                        ../../libtinyasuro/libtinyasuro.a(motor.o)
                                                  *.o
OdometrieData                                     ../../libtinyasuro/libtinyasuro.a(sensors.o)
OdometryData                                      ../../libtinyasuro/libtinyasuro.a(sensors.o)
PollSwitch                                        ../../libtinyasuro/libtinyasuro.a(switches.o)
                                                  *.o
SensorConfigAutomode                              ../../libtinyasuro/libtinyasuro.a(sensors.o)
SensorInit                                        ../../libtinyasuro/libtinyasuro.a(sensors.o)
StatusLED                                         ../../libtinyasuro/libtinyasuro.a(led.o)
                                                  *.o
SwitchInit                                        ../../libtinyasuro/libtinyasuro.a(switches.o)
                                                  ../../libtinyasuro/libtinyasuro.a(asuro.o)
SwitchInterruptDisable                            ../../libtinyasuro/libtinyasuro.a(switches.o)
SwitchInterruptEnable                             ../../libtinyasuro/libtinyasuro.a(switches.o)
Timer2Init                                        ../../libtinyasuro/libtinyasuro.a(time.o)
                                                  ../../libtinyasuro/libtinyasuro.a(asuro.o)
__ADCBlockEnter                                   ../../libtinyasuro/libtinyasuro.a(adc.o)
                                                  ../../libtinyasuro/libtinyasuro.a(switches.o)
                                                  ../../libtinyasuro/libtinyasuro.a(sensors.o)
__ADCBlockLeave                                   ../../libtinyasuro/libtinyasuro.a(adc.o)
                                                  ../../libtinyasuro/libtinyasuro.a(switches.o)
                                                  ../../libtinyasuro/libtinyasuro.a(sensors.o)
__bad_interrupt                                   /usr/lib/gcc/avr/4.8.1/../../../avr/lib/avr4/crtm8.o
__bss_end                                         /usr/lib/gcc/avr/4.8.1/avr4/libgcc.a(_clear_bss.o)
__bss_start                                       /usr/lib/gcc/avr/4.8.1/avr4/libgcc.a(_clear_bss.o)
__divmodhi4                                       /usr/lib/gcc/avr/4.8.1/avr4/libgcc.a(_divmodhi4.o)
                                                  *.o
__do_clear_bss                                    /usr/lib/gcc/avr/4.8.1/avr4/libgcc.a(_clear_bss.o)
                                                  ../../libtinyasuro/libtinyasuro.a(adc.o)
                                                  ../../libtinyasuro/libtinyasuro.a(time.o)
                                                  ../../libtinyasuro/libtinyasuro.a(switches.o)
                                                  ../../libtinyasuro/libtinyasuro.a(sensors.o)
__heap_end                                        /usr/lib/gcc/avr/4.8.1/../../../avr/lib/avr4/crtm8.o
__init                                            /usr/lib/gcc/avr/4.8.1/../../../avr/lib/avr4/crtm8.o
__stack                                           /usr/lib/gcc/avr/4.8.1/../../../avr/lib/avr4/crtm8.o
__udivmodhi4                                      /usr/lib/gcc/avr/4.8.1/avr4/libgcc.a(_udivmodhi4.o)
                                                  /usr/lib/gcc/avr/4.8.1/avr4/libgcc.a(_divmodhi4.o)
                                                  ../../libtinyasuro/libtinyasuro.a(switches.o)
__vector_1                                        /usr/lib/gcc/avr/4.8.1/../../../avr/lib/avr4/crtm8.o
__vector_10                                       /usr/lib/gcc/avr/4.8.1/../../../avr/lib/avr4/crtm8.o
__vector_11                                       /usr/lib/gcc/avr/4.8.1/../../../avr/lib/avr4/crtm8.o
__vector_12                                       /usr/lib/gcc/avr/4.8.1/../../../avr/lib/avr4/crtm8.o
__vector_13                                       /usr/lib/gcc/avr/4.8.1/../../../avr/lib/avr4/crtm8.o
__vector_14                                       ../../libtinyasuro/libtinyasuro.a(sensors.o)
                                                  /usr/lib/gcc/avr/4.8.1/../../../avr/lib/avr4/crtm8.o
__vector_15                                       /usr/lib/gcc/avr/4.8.1/../../../avr/lib/avr4/crtm8.o
__vector_16                                       /usr/lib/gcc/avr/4.8.1/../../../avr/lib/avr4/crtm8.o
__vector_17                                       /usr/lib/gcc/avr/4.8.1/../../../avr/lib/avr4/crtm8.o
__vector_18                                       /usr/lib/gcc/avr/4.8.1/../../../avr/lib/avr4/crtm8.o
__vector_2                                        ../../libtinyasuro/libtinyasuro.a(switches.o)
                                                  /usr/lib/gcc/avr/4.8.1/../../../avr/lib/avr4/crtm8.o
__vector_3                                        /usr/lib/gcc/avr/4.8.1/../../../avr/lib/avr4/crtm8.o
__vector_4                                        ../../libtinyasuro/libtinyasuro.a(time.o)
                                                  /usr/lib/gcc/avr/4.8.1/../../../avr/lib/avr4/crtm8.o
__vector_5                                        /usr/lib/gcc/avr/4.8.1/../../../avr/lib/avr4/crtm8.o
__vector_6                                        /usr/lib/gcc/avr/4.8.1/../../../avr/lib/avr4/crtm8.o
__vector_7                                        /usr/lib/gcc/avr/4.8.1/../../../avr/lib/avr4/crtm8.o
__vector_8                                        /usr/lib/gcc/avr/4.8.1/../../../avr/lib/avr4/crtm8.o
__vector_9                                        /usr/lib/gcc/avr/4.8.1/../../../avr/lib/avr4/crtm8.o
__vector_default                                  /usr/lib/gcc/avr/4.8.1/../../../avr/lib/avr4/crtm8.o
__vectors                                         /usr/lib/gcc/avr/4.8.1/../../../avr/lib/avr4/crtm8.o
_div                                              /usr/lib/gcc/avr/4.8.1/avr4/libgcc.a(_divmodhi4.o)
_exit                                             /usr/lib/gcc/avr/4.8.1/avr4/libgcc.a(_exit.o)
amMode                                            ../../libtinyasuro/libtinyasuro.a(sensors.o)
exit                                              /usr/lib/gcc/avr/4.8.1/avr4/libgcc.a(_exit.o)
                                                  /usr/lib/gcc/avr/4.8.1/../../../avr/lib/avr4/crtm8.o
lineData                                          ../../libtinyasuro/libtinyasuro.a(sensors.o)
lineDataUpdated                                   ../../libtinyasuro/libtinyasuro.a(sensors.o)
main                                              *.o
                                                  /usr/lib/gcc/avr/4.8.1/../../../avr/lib/avr4/crtm8.o
odoData                                           ../../libtinyasuro/libtinyasuro.a(sensors.o)
odoDataUpdated                                    ../../libtinyasuro/libtinyasuro.a(sensors.o)
sleep                                             ../../libtinyasuro/libtinyasuro.a(time.o)
                                                  *.o
sleepUntilInterrupt                               ../../libtinyasuro/libtinyasuro.a(time.o)
switch_event                                      ../../libtinyasuro/libtinyasuro.a(switches.o)
tick36kHz                                         ../../libtinyasuro/libtinyasuro.a(time.o)
